<REPO>/dist/MacParakeet.app/Contents/MacOS/MacParakeet:
	/usr/lib/libc++.1.dylib (compatibility version 1.0.0, current version 2100.43.0)
	@rpath/Sparkle.framework/Versions/B/Sparkle (compatibility version 1.6.0, current version 2.9.0)
	/System/Library/Frameworks/Foundation.framework/Versions/C/Foundation (compatibility version 300.0.0, current version 4424.1.255)
	/usr/lib/libobjc.A.dylib (compatibility version 1.0.0, current version 228.0.0)
	/usr/lib/libSystem.B.dylib (compatibility version 1.0.0, current version 1356.0.0)
	/System/Library/Frameworks/AVFAudio.framework/Versions/A/AVFAudio (compatibility version 1.0.0, current version 1.0.0)
	/System/Library/Frameworks/AVFoundation.framework/Versions/A/AVFoundation (compatibility version 1.0.0, current version 2.0.0)
	/System/Library/Frameworks/AVKit.framework/Versions/A/AVKit (compatibility version 1.0.0, current version 1.0.0)
	/System/Library/Frameworks/Accelerate.framework/Versions/A/Accelerate (compatibility version 1.0.0, current version 4.0.0)
	/System/Library/Frameworks/AppKit.framework/Versions/C/AppKit (compatibility version 45.0.0, current version 2685.50.120)
	/System/Library/Frameworks/ApplicationServices.framework/Versions/A/ApplicationServices (compatibility version 1.0.0, current version 66.0.0)
	/System/Library/Frameworks/AudioToolbox.framework/Versions/A/AudioToolbox (compatibility version 1.0.0, current version 1000.0.0)
	/System/Library/Frameworks/CFNetwork.framework/Versions/A/CFNetwork (compatibility version 1.0.0, current version 3860.255.112)
	/System/Library/Frameworks/Carbon.framework/Versions/A/Carbon (compatibility version 2.0.0, current version 170.0.0)
	/System/Library/Frameworks/Combine.framework/Versions/A/Combine (compatibility version 1.0.0, current version 3023.0.0)
	/System/Library/Frameworks/CoreAudio.framework/Versions/A/CoreAudio (compatibility version 1.0.0, current version 1.0.0)
	/System/Library/Frameworks/CoreFoundation.framework/Versions/A/CoreFoundation (compatibility version 150.0.0, current version 4424.1.255)
	/System/Library/Frameworks/CoreGraphics.framework/Versions/A/CoreGraphics (compatibility version 64.0.0, current version 1965.4.5)
	/System/Library/Frameworks/CoreML.framework/Versions/A/CoreML (compatibility version 1.0.0, current version 1.0.0)
	/System/Library/Frameworks/CoreMedia.framework/Versions/A/CoreMedia (compatibility version 1.0.0, current version 3305.24.5)
	/System/Library/Frameworks/CoreMediaIO.framework/Versions/A/CoreMediaIO (compatibility version 0.0.0, current version 0.0.0)
	/System/Library/Frameworks/CoreServices.framework/Versions/A/CoreServices (compatibility version 1.0.0, current version 1226.0.0)
	/System/Library/Frameworks/CoreText.framework/Versions/A/CoreText (compatibility version 1.0.0, current version 877.4.0)
	/System/Library/Frameworks/CoreVideo.framework/Versions/A/CoreVideo (compatibility version 1.2.0, current version 734.4.0)
	/System/Library/Frameworks/CryptoKit.framework/Versions/A/CryptoKit (compatibility version 1.0.0, current version 1.0.0)
	/System/Library/Frameworks/EventKit.framework/Versions/A/EventKit (compatibility version 1.0.0, current version 1934.4.8)
	/System/Library/Frameworks/JavaScriptCore.framework/Versions/A/JavaScriptCore (compatibility version 1.0.0, current version 624.1.16)
	/System/Library/Frameworks/Metal.framework/Versions/A/Metal (compatibility version 1.0.0, current version 372.16.0)
	/System/Library/Frameworks/NaturalLanguage.framework/Versions/A/NaturalLanguage (compatibility version 1.0.0, current version 114.0.0)
	/System/Library/Frameworks/Network.framework/Versions/A/Network (compatibility version 1.0.0, current version 5812.101.2)
	/System/Library/Frameworks/QuartzCore.framework/Versions/A/QuartzCore (compatibility version 1.2.0, current version 1195.9.0)
	/System/Library/Frameworks/ScreenCaptureKit.framework/Versions/A/ScreenCaptureKit (compatibility version 1.0.0, current version 1.0.0)
	/System/Library/Frameworks/Security.framework/Versions/A/Security (compatibility version 1.0.0, current version 61901.101.4)
	/System/Library/Frameworks/ServiceManagement.framework/Versions/A/ServiceManagement (compatibility version 1.0.0, current version 3102.100.102)
	/System/Library/Frameworks/SwiftUI.framework/Versions/A/SwiftUI (compatibility version 1.0.0, current version 7.4.27)
	/System/Library/Frameworks/Symbols.framework/Versions/A/Symbols (compatibility version 1.0.0, current version 190.4.0)
	/System/Library/Frameworks/UserNotifications.framework/Versions/A/UserNotifications (compatibility version 1.0.0, current version 1.0.0)
	/usr/lib/libsqlite3.dylib (compatibility version 9.0.0, current version 381.0.0)
	/usr/lib/swift/libswiftAVFoundation.dylib (compatibility version 1.0.0, current version 2410.24.5)
	/usr/lib/swift/libswiftAccelerate.dylib (compatibility version 1.0.0, current version 77.100.2)
	/usr/lib/swift/libswiftCore.dylib (compatibility version 0.0.0, current version 0.0.0)
	/usr/lib/swift/libswiftCoreAudio.dylib (compatibility version 1.0.0, current version 411.255.0)
	/usr/lib/swift/libswiftCoreFoundation.dylib (compatibility version 1.0.0, current version 120.100.0)
	/usr/lib/swift/libswiftCoreImage.dylib (compatibility version 1.0.0, current version 2.2.0, weak)
	/usr/lib/swift/libswiftCoreLocation.dylib (compatibility version 1.0.0, current version 53.0.0, weak)
	/usr/lib/swift/libswiftCoreMIDI.dylib (compatibility version 1.0.0, current version 6.0.0, weak)
	/usr/lib/swift/libswiftCoreMedia.dylib (compatibility version 1.0.0, current version 3305.24.5)
	/usr/lib/swift/libswiftCoreMediaIO.dylib (compatibility version 1.0.0, current version 5617.100.5, weak)
	/usr/lib/swift/libswiftDarwin.dylib (compatibility version 1.0.0, current version 377.100.15)
	/usr/lib/swift/libswiftDispatch.dylib (compatibility version 1.0.0, current version 1542.100.32)
	/usr/lib/swift/libswiftIOKit.dylib (compatibility version 1.0.0, current version 1.0.0, weak)
	/usr/lib/swift/libswiftMetal.dylib (compatibility version 1.0.0, current version 372.16.0, weak)
	/usr/lib/swift/libswiftNaturalLanguage.dylib (compatibility version 1.0.0, current version 4.3.0)
	/usr/lib/swift/libswiftOSLog.dylib (compatibility version 1.0.0, current version 10.0.0, weak)
	/usr/lib/swift/libswiftObjectiveC.dylib (compatibility version 1.0.0, current version 951.7.0)
	/usr/lib/swift/libswiftObservation.dylib (compatibility version 0.0.0, current version 0.0.0)
	/usr/lib/swift/libswiftQuartzCore.dylib (compatibility version 1.0.0, current version 5.0.0)
	/usr/lib/swift/libswiftRegexBuilder.dylib (compatibility version 1.0.0, current version 0.0.0)
	/usr/lib/swift/libswiftSpatial.dylib (compatibility version 1.0.0, current version 1.0.0, weak)
	/usr/lib/swift/libswiftUniformTypeIdentifiers.dylib (compatibility version 1.0.0, current version 877.4.9)
	/usr/lib/swift/libswiftXPC.dylib (compatibility version 1.0.0, current version 128.100.15, weak)
	/usr/lib/swift/libswift_Concurrency.dylib (compatibility version 0.0.0, current version 0.0.0)
	/usr/lib/swift/libswift_StringProcessing.dylib (compatibility version 1.0.0, current version 0.0.0)
	/usr/lib/swift/libswiftos.dylib (compatibility version 1.0.0, current version 1082.0.0)
	/usr/lib/swift/libswiftsimd.dylib (compatibility version 1.0.0, current version 23.0.0, weak)
	/usr/lib/swift/libswiftCoreGraphics.dylib (compatibility version 1.0.0, current version 1.0.0)
	/usr/lib/swift/libswiftCoreML.dylib (compatibility version 1.0.0, current version 1.0.0)
<REPO>/dist/MacParakeet.app/Contents/MacOS/macparakeet-cli:
	/usr/lib/libc++.1.dylib (compatibility version 1.0.0, current version 2100.43.0)
	/usr/lib/libSystem.B.dylib (compatibility version 1.0.0, current version 1356.0.0)
	/System/Library/Frameworks/AVFAudio.framework/Versions/A/AVFAudio (compatibility version 1.0.0, current version 1.0.0)
	/System/Library/Frameworks/AVFoundation.framework/Versions/A/AVFoundation (compatibility version 1.0.0, current version 2.0.0)
	/System/Library/Frameworks/Accelerate.framework/Versions/A/Accelerate (compatibility version 1.0.0, current version 4.0.0)
	/System/Library/Frameworks/AppKit.framework/Versions/C/AppKit (compatibility version 45.0.0, current version 2685.50.120)
	/System/Library/Frameworks/ApplicationServices.framework/Versions/A/ApplicationServices (compatibility version 1.0.0, current version 66.0.0)
	/System/Library/Frameworks/AudioToolbox.framework/Versions/A/AudioToolbox (compatibility version 1.0.0, current version 1000.0.0)
	/System/Library/Frameworks/CFNetwork.framework/Versions/A/CFNetwork (compatibility version 1.0.0, current version 3860.255.112)
	/System/Library/Frameworks/Carbon.framework/Versions/A/Carbon (compatibility version 2.0.0, current version 170.0.0)
	/System/Library/Frameworks/Combine.framework/Versions/A/Combine (compatibility version 1.0.0, current version 3023.0.0)
	/System/Library/Frameworks/CoreAudio.framework/Versions/A/CoreAudio (compatibility version 1.0.0, current version 1.0.0)
	/System/Library/Frameworks/CoreFoundation.framework/Versions/A/CoreFoundation (compatibility version 150.0.0, current version 4424.1.255)
	/System/Library/Frameworks/CoreGraphics.framework/Versions/A/CoreGraphics (compatibility version 64.0.0, current version 1965.4.5)
	/System/Library/Frameworks/CoreML.framework/Versions/A/CoreML (compatibility version 1.0.0, current version 1.0.0)
	/System/Library/Frameworks/CoreMedia.framework/Versions/A/CoreMedia (compatibility version 1.0.0, current version 3305.24.5)
	/System/Library/Frameworks/CoreMediaIO.framework/Versions/A/CoreMediaIO (compatibility version 0.0.0, current version 0.0.0)
	/System/Library/Frameworks/CoreServices.framework/Versions/A/CoreServices (compatibility version 1.0.0, current version 1226.0.0)
	/System/Library/Frameworks/CoreVideo.framework/Versions/A/CoreVideo (compatibility version 1.2.0, current version 734.4.0)
	/System/Library/Frameworks/CryptoKit.framework/Versions/A/CryptoKit (compatibility version 1.0.0, current version 1.0.0)
	/System/Library/Frameworks/EventKit.framework/Versions/A/EventKit (compatibility version 1.0.0, current version 1934.4.8)
	/System/Library/Frameworks/Foundation.framework/Versions/C/Foundation (compatibility version 300.0.0, current version 4424.1.255)
	/System/Library/Frameworks/NaturalLanguage.framework/Versions/A/NaturalLanguage (compatibility version 1.0.0, current version 114.0.0)
	/System/Library/Frameworks/Network.framework/Versions/A/Network (compatibility version 1.0.0, current version 5812.101.2)
	/System/Library/Frameworks/ScreenCaptureKit.framework/Versions/A/ScreenCaptureKit (compatibility version 1.0.0, current version 1.0.0)
	/System/Library/Frameworks/Security.framework/Versions/A/Security (compatibility version 1.0.0, current version 61901.101.4)
	/System/Library/Frameworks/UserNotifications.framework/Versions/A/UserNotifications (compatibility version 1.0.0, current version 1.0.0)
	/usr/lib/libobjc.A.dylib (compatibility version 1.0.0, current version 228.0.0)
	/usr/lib/libsqlite3.dylib (compatibility version 9.0.0, current version 381.0.0)
	/usr/lib/swift/libswiftAVFoundation.dylib (compatibility version 1.0.0, current version 2410.24.5)
	/usr/lib/swift/libswiftAccelerate.dylib (compatibility version 1.0.0, current version 77.100.2)
	/usr/lib/swift/libswiftCore.dylib (compatibility version 0.0.0, current version 0.0.0)
	/usr/lib/swift/libswiftCoreAudio.dylib (compatibility version 1.0.0, current version 411.255.0)
	/usr/lib/swift/libswiftCoreFoundation.dylib (compatibility version 1.0.0, current version 120.100.0)
	/usr/lib/swift/libswiftCoreImage.dylib (compatibility version 1.0.0, current version 2.2.0, weak)
	/usr/lib/swift/libswiftCoreLocation.dylib (compatibility version 1.0.0, current version 53.0.0, weak)
	/usr/lib/swift/libswiftCoreMIDI.dylib (compatibility version 1.0.0, current version 6.0.0, weak)
	/usr/lib/swift/libswiftCoreMedia.dylib (compatibility version 1.0.0, current version 3305.24.5)
	/usr/lib/swift/libswiftCoreMediaIO.dylib (compatibility version 1.0.0, current version 5617.100.5, weak)
	/usr/lib/swift/libswiftDarwin.dylib (compatibility version 1.0.0, current version 377.100.15)
	/usr/lib/swift/libswiftDispatch.dylib (compatibility version 1.0.0, current version 1542.100.32)
	/usr/lib/swift/libswiftIOKit.dylib (compatibility version 1.0.0, current version 1.0.0, weak)
	/usr/lib/swift/libswiftMetal.dylib (compatibility version 1.0.0, current version 372.16.0, weak)
	/usr/lib/swift/libswiftNaturalLanguage.dylib (compatibility version 1.0.0, current version 4.3.0)
	/usr/lib/swift/libswiftOSLog.dylib (compatibility version 1.0.0, current version 10.0.0, weak)
	/usr/lib/swift/libswiftObjectiveC.dylib (compatibility version 1.0.0, current version 951.7.0)
	/usr/lib/swift/libswiftQuartzCore.dylib (compatibility version 1.0.0, current version 5.0.0, weak)
	/usr/lib/swift/libswiftSpatial.dylib (compatibility version 1.0.0, current version 1.0.0, weak)
	/usr/lib/swift/libswiftUniformTypeIdentifiers.dylib (compatibility version 1.0.0, current version 877.4.9, weak)
	/usr/lib/swift/libswiftXPC.dylib (compatibility version 1.0.0, current version 128.100.15, weak)
	/usr/lib/swift/libswift_Concurrency.dylib (compatibility version 0.0.0, current version 0.0.0)
	/usr/lib/swift/libswift_StringProcessing.dylib (compatibility version 1.0.0, current version 0.0.0)
	/usr/lib/swift/libswiftos.dylib (compatibility version 1.0.0, current version 1082.0.0)
	/usr/lib/swift/libswiftsimd.dylib (compatibility version 1.0.0, current version 23.0.0, weak)
	/usr/lib/swift/libswiftCoreML.dylib (compatibility version 1.0.0, current version 1.0.0)
<REPO>/dist/MacParakeet.app/Contents/Resources/ffmpeg:
	/System/Library/Frameworks/Foundation.framework/Versions/C/Foundation (compatibility version 300.0.0, current version 1858.112.0)
	/System/Library/Frameworks/AudioToolbox.framework/Versions/A/AudioToolbox (compatibility version 1.0.0, current version 1000.0.0)
	/System/Library/Frameworks/CoreAudio.framework/Versions/A/CoreAudio (compatibility version 1.0.0, current version 1.0.0)
	/usr/lib/libSystem.B.dylib (compatibility version 1.0.0, current version 1311.100.3)
	/System/Library/Frameworks/AVFoundation.framework/Versions/A/AVFoundation (compatibility version 1.0.0, current version 2.0.0)
	/System/Library/Frameworks/CoreVideo.framework/Versions/A/CoreVideo (compatibility version 1.2.0, current version 1.5.0)
	/System/Library/Frameworks/CoreMedia.framework/Versions/A/CoreMedia (compatibility version 1.0.0, current version 1.0.0)
	/System/Library/Frameworks/CoreGraphics.framework/Versions/A/CoreGraphics (compatibility version 64.0.0, current version 1557.5.4)
	/System/Library/Frameworks/OpenGL.framework/Versions/A/OpenGL (compatibility version 1.0.0, current version 1.0.0)
	/usr/lib/libbz2.1.0.dylib (compatibility version 1.0.0, current version 1.0.8)
	/System/Library/Frameworks/VideoToolbox.framework/Versions/A/VideoToolbox (compatibility version 1.0.0, current version 1.0.0)
	/usr/lib/libiconv.2.dylib (compatibility version 7.0.0, current version 7.0.0)
	/System/Library/Frameworks/ApplicationServices.framework/Versions/A/ApplicationServices (compatibility version 1.0.0, current version 56.0.0)
	/System/Library/Frameworks/CoreFoundation.framework/Versions/A/CoreFoundation (compatibility version 150.0.0, current version 1858.112.0)
	/System/Library/Frameworks/CoreImage.framework/Versions/A/CoreImage (compatibility version 1.0.1, current version 5.0.0)
	/System/Library/Frameworks/AppKit.framework/Versions/C/AppKit (compatibility version 45.0.0, current version 2113.40.126)
	/System/Library/Frameworks/CoreServices.framework/Versions/A/CoreServices (compatibility version 1.0.0, current version 1141.1.0)
	/System/Library/Frameworks/DiskArbitration.framework/Versions/A/DiskArbitration (compatibility version 1.0.0, current version 1.0.0)
	/usr/lib/libc++.1.dylib (compatibility version 1.0.0, current version 1300.23.0)
	/System/Library/Frameworks/CoreText.framework/Versions/A/CoreText (compatibility version 1.0.0, current version 1.0.0)
	/usr/lib/libobjc.A.dylib (compatibility version 1.0.0, current version 228.0.0)
<REPO>/dist/MacParakeet.app/Contents/Resources/yt-dlp (architecture x86_64):
	/usr/lib/libSystem.B.dylib (compatibility version 1.0.0, current version 1356.0.0)
	/usr/lib/libz.1.dylib (compatibility version 1.0.0, current version 1.2.12)
<REPO>/dist/MacParakeet.app/Contents/Resources/yt-dlp (architecture arm64):
	/usr/lib/libSystem.B.dylib (compatibility version 1.0.0, current version 1356.0.0)
	/usr/lib/libz.1.dylib (compatibility version 1.0.0, current version 1.2.12)
<REPO>/dist/MacParakeet.app/Contents/Resources/node:
	/System/Library/Frameworks/CoreFoundation.framework/Versions/A/CoreFoundation (compatibility version 150.0.0, current version 3038.1.255)
	/System/Library/Frameworks/Security.framework/Versions/A/Security (compatibility version 1.0.0, current version 61439.1.1)
	/usr/lib/libc++.1.dylib (compatibility version 1.0.0, current version 1800.101.0)
	/usr/lib/libSystem.B.dylib (compatibility version 1.0.0, current version 1351.0.0)
<REPO>/dist/MacParakeet.app/Contents/Frameworks/liblocalvqe.dylib:
	@rpath/liblocalvqe.dylib (compatibility version 0.0.0, current version 0.1.0)
	/usr/lib/libSystem.B.dylib (compatibility version 1.0.0, current version 1356.0.0)
	/System/Library/Frameworks/Accelerate.framework/Versions/A/Accelerate (compatibility version 1.0.0, current version 4.0.0)
	/usr/lib/libc++.1.dylib (compatibility version 1.0.0, current version 2100.43.0)
