2026-08-24T13:15:55.394Z dictation_diagnostics_session_start pid=2494 version=0.7.3 build=20260717011712 source=dist-xcodebuild-release commit=d6321f87dcce
2026-08-24T13:26:11.607Z dictation_diagnostics_session_start pid=2828 version=0.7.3 build=20260717011712 source=dist-xcodebuild-release commit=d6321f87dcce
2026-08-24T13:26:39.828Z shared_mic_engine_prepare_timing vpio=false buffer_size=4096 set_vpio_ms=0.005 output_format_ms=0.009 install_tap_ms=0.004 total_ms=94.312
2026-08-24T13:26:39.829Z shared_mic_engine_input_device_prepared source=system_default device=present transport=usb vpio=false set_device_ms=0.000 prepare_engine_ms=94.855
2026-08-25T12:54:51.447Z dictation_diagnostics_session_start pid=1137 version=0.7.3 build=20260717011712 source=dist-xcodebuild-release commit=d6321f87dcce
2026-08-25T12:54:51.723Z shared_mic_engine_prepare_timing vpio=false buffer_size=4096 set_vpio_ms=6.263 output_format_ms=0.004 install_tap_ms=0.005 total_ms=96.433
2026-08-25T12:54:51.723Z shared_mic_engine_input_device_prepared source=system_default device=present transport=usb vpio=false set_device_ms=0.000 prepare_engine_ms=96.869
2026-08-25T12:55:19.323Z dictation_preview_started engine=parakeet
2026-08-25T12:55:19.325Z dictation_capture_start permission_status=3
2026-08-25T12:55:19.333Z dictation_capture_starting
2026-08-25T12:55:19.605Z shared_mic_engine_started_from_prepared audio_engine_start_ms=270.721
2026-08-25T12:55:19.607Z shared_mic_diagnostics transition=subscribe wants_vpio=false blocks_vpio_promotion=true subscribers=1 vpio_subs=0 passive_subs=0 engine_running=true vpio_engaged=false vpio_deferred=false vpio_deferral_count=0
2026-08-25T12:55:19.608Z dictation_capture_engine_started file_created=true default_input=present default_input_transport=usb sr=48000.0 ch=2
2026-08-25T12:55:19.706Z dictation_capture_first_buffer sr=48000.0 ch=1 original_ch=2 common_format=1 interleaved=false frames=4800 has_float_data=true
2026-08-25T12:55:20.553Z dictation_preview_pass engine=parakeet ms=154 samples=11200 chars=0
2026-08-25T12:55:21.430Z shared_mic_engine_stopped
2026-08-25T12:55:21.431Z shared_mic_diagnostics transition=unsubscribe wants_vpio=n/a blocks_vpio_promotion=n/a subscribers=0 vpio_subs=0 passive_subs=0 engine_running=false vpio_engaged=false vpio_deferred=false vpio_deferral_count=0
2026-08-25T12:55:21.433Z dictation_capture_stop sample_count=25600 effective_sample_count=25600 duration_s=1.600 wall_duration_s=1.825 file_bytes=106496 input_buffers=17 output_buffers=16 input_frames=81600 max_rms=0.003099 max_level=0.015 non_silent_buffers=0 missing_float_buffers=0 invalid_format_buffers=0 no_buffer_timeout=false
2026-08-25T12:55:21.534Z shared_mic_engine_prepare_timing vpio=false buffer_size=4096 set_vpio_ms=0.010 output_format_ms=0.042 install_tap_ms=0.013 total_ms=99.446
2026-08-25T12:55:21.535Z shared_mic_engine_input_device_prepared source=system_default device=present transport=usb vpio=false set_device_ms=0.000 prepare_engine_ms=100.117
2026-08-25T12:55:49.141Z dictation_preview_started engine=parakeet
2026-08-25T12:55:49.142Z dictation_capture_start permission_status=3
2026-08-25T12:55:49.145Z dictation_capture_starting
2026-08-25T12:55:49.300Z shared_mic_engine_started_from_prepared audio_engine_start_ms=152.765
2026-08-25T12:55:49.302Z shared_mic_diagnostics transition=subscribe wants_vpio=false blocks_vpio_promotion=true subscribers=1 vpio_subs=0 passive_subs=0 engine_running=true vpio_engaged=false vpio_deferred=false vpio_deferral_count=0
2026-08-25T12:55:49.303Z dictation_capture_engine_started file_created=true default_input=present default_input_transport=usb sr=48000.0 ch=2
2026-08-25T12:55:49.405Z dictation_capture_first_buffer sr=48000.0 ch=1 original_ch=2 common_format=1 interleaved=false frames=4800 has_float_data=true
2026-08-25T12:55:50.361Z dictation_preview_pass engine=parakeet ms=157 samples=12800 chars=0
2026-08-25T12:55:51.150Z dictation_stop_requested mode=persistent session=2
2026-08-25T12:55:51.201Z shared_mic_engine_stopped
2026-08-25T12:55:51.203Z shared_mic_diagnostics transition=unsubscribe wants_vpio=n/a blocks_vpio_promotion=n/a subscribers=0 vpio_subs=0 passive_subs=0 engine_running=false vpio_engaged=false vpio_deferred=false vpio_deferral_count=0
2026-08-25T12:55:51.205Z dictation_capture_stop sample_count=27200 effective_sample_count=27200 duration_s=1.700 wall_duration_s=1.902 file_bytes=112896 input_buffers=18 output_buffers=17 input_frames=86400 max_rms=0.004288 max_level=0.021 non_silent_buffers=5 missing_float_buffers=0 invalid_format_buffers=0 no_buffer_timeout=false
2026-08-25T12:55:51.207Z dictation_transcribe_begin file_bytes=112896
2026-08-25T12:55:51.288Z dictation_transcribe_complete chars=0 words=0 engine=parakeet variant=v3
2026-08-25T12:55:51.288Z dictation_transcribe_empty
2026-08-25T12:55:51.305Z shared_mic_engine_prepare_timing vpio=false buffer_size=4096 set_vpio_ms=0.005 output_format_ms=0.009 install_tap_ms=0.004 total_ms=98.226
2026-08-25T12:55:51.305Z shared_mic_engine_input_device_prepared source=system_default device=present transport=usb vpio=false set_device_ms=0.000 prepare_engine_ms=98.702
2026-08-25T12:55:56.709Z dictation_preview_started engine=parakeet
2026-08-25T12:55:56.710Z dictation_capture_start permission_status=3
2026-08-25T12:55:56.712Z dictation_capture_starting
2026-08-25T12:55:56.863Z shared_mic_engine_started_from_prepared audio_engine_start_ms=147.988
2026-08-25T12:55:56.865Z shared_mic_diagnostics transition=subscribe wants_vpio=false blocks_vpio_promotion=true subscribers=1 vpio_subs=0 passive_subs=0 engine_running=true vpio_engaged=false vpio_deferred=false vpio_deferral_count=0
2026-08-25T12:55:56.867Z dictation_capture_engine_started file_created=true default_input=present default_input_transport=usb sr=48000.0 ch=2
2026-08-25T12:55:56.968Z dictation_capture_first_buffer sr=48000.0 ch=1 original_ch=2 common_format=1 interleaved=false frames=4800 has_float_data=true
2026-08-25T12:55:57.858Z dictation_preview_pass engine=parakeet ms=90 samples=12800 chars=0
2026-08-25T12:55:58.874Z dictation_preview_pass engine=parakeet ms=104 samples=28800 chars=0
2026-08-25T12:55:59.808Z shared_mic_engine_stopped
2026-08-25T12:55:59.809Z shared_mic_diagnostics transition=unsubscribe wants_vpio=n/a blocks_vpio_promotion=n/a subscribers=0 vpio_subs=0 passive_subs=0 engine_running=false vpio_engaged=false vpio_deferred=false vpio_deferral_count=0
2026-08-25T12:55:59.811Z dictation_capture_stop sample_count=43200 effective_sample_count=43200 duration_s=2.700 wall_duration_s=2.945 file_bytes=176896 input_buffers=28 output_buffers=27 input_frames=134400 max_rms=0.002951 max_level=0.015 non_silent_buffers=0 missing_float_buffers=0 invalid_format_buffers=0 no_buffer_timeout=false
2026-08-25T12:55:59.813Z dictation_capture_unavailable problem=silent_input sample_count=43200 input_buffers=28 non_silent_buffers=0 max_level=0.015
2026-08-25T12:55:59.896Z shared_mic_engine_prepare_timing vpio=false buffer_size=4096 set_vpio_ms=0.005 output_format_ms=0.008 install_tap_ms=0.004 total_ms=82.700
2026-08-25T12:55:59.896Z shared_mic_engine_input_device_prepared source=system_default device=present transport=usb vpio=false set_device_ms=0.000 prepare_engine_ms=83.222
2026-08-25T12:56:04.277Z dictation_preview_started engine=parakeet
2026-08-25T12:56:04.278Z dictation_capture_start permission_status=3
2026-08-25T12:56:04.279Z dictation_capture_starting
2026-08-25T12:56:04.424Z shared_mic_engine_started_from_prepared audio_engine_start_ms=142.428
2026-08-25T12:56:04.426Z shared_mic_diagnostics transition=subscribe wants_vpio=false blocks_vpio_promotion=true subscribers=1 vpio_subs=0 passive_subs=0 engine_running=true vpio_engaged=false vpio_deferred=false vpio_deferral_count=0
2026-08-25T12:56:04.428Z dictation_capture_engine_started file_created=true default_input=present default_input_transport=usb sr=48000.0 ch=2
2026-08-25T12:56:04.527Z dictation_capture_first_buffer sr=48000.0 ch=1 original_ch=2 common_format=1 interleaved=false frames=4800 has_float_data=true
2026-08-25T12:56:05.443Z dictation_preview_pass engine=parakeet ms=115 samples=12800 chars=0
2026-08-25T12:56:06.347Z dictation_stop_requested mode=persistent session=4
2026-08-25T12:56:06.396Z shared_mic_engine_stopped
2026-08-25T12:56:06.397Z shared_mic_diagnostics transition=unsubscribe wants_vpio=n/a blocks_vpio_promotion=n/a subscribers=0 vpio_subs=0 passive_subs=0 engine_running=false vpio_engaged=false vpio_deferred=false vpio_deferral_count=0
2026-08-25T12:56:06.399Z dictation_capture_stop sample_count=28800 effective_sample_count=28800 duration_s=1.800 wall_duration_s=1.972 file_bytes=119296 input_buffers=19 output_buffers=18 input_frames=91200 max_rms=0.005637 max_level=0.028 non_silent_buffers=1 missing_float_buffers=0 invalid_format_buffers=0 no_buffer_timeout=false
2026-08-25T12:56:06.433Z dictation_transcribe_begin file_bytes=119296
2026-08-25T12:56:06.490Z shared_mic_engine_prepare_timing vpio=false buffer_size=4096 set_vpio_ms=0.005 output_format_ms=0.013 install_tap_ms=0.005 total_ms=88.034
2026-08-25T12:56:06.491Z shared_mic_engine_input_device_prepared source=system_default device=present transport=usb vpio=false set_device_ms=0.000 prepare_engine_ms=88.629
2026-08-25T12:56:06.496Z dictation_transcribe_complete chars=0 words=0 engine=parakeet variant=v3
2026-08-25T12:56:06.497Z dictation_transcribe_empty
2026-08-25T12:56:57.427Z dictation_diagnostics_session_start pid=2183 version=0.7.3 build=20260717011712 source=dist-xcodebuild-release commit=d6321f87dcce
2026-08-25T12:56:57.704Z shared_mic_engine_prepare_timing vpio=false buffer_size=4096 set_vpio_ms=0.005 output_format_ms=0.005 install_tap_ms=0.004 total_ms=79.003
2026-08-25T12:56:57.705Z shared_mic_engine_input_device_prepared source=system_default device=present transport=usb vpio=false set_device_ms=0.000 prepare_engine_ms=79.431
2026-08-25T12:57:04.365Z dictation_preview_started engine=parakeet
2026-08-25T12:57:04.366Z dictation_capture_start permission_status=3
2026-08-25T12:57:04.369Z dictation_capture_starting
2026-08-25T12:57:04.509Z shared_mic_engine_started_from_prepared audio_engine_start_ms=138.420
2026-08-25T12:57:04.509Z shared_mic_diagnostics transition=subscribe wants_vpio=false blocks_vpio_promotion=true subscribers=1 vpio_subs=0 passive_subs=0 engine_running=true vpio_engaged=false vpio_deferred=false vpio_deferral_count=0
2026-08-25T12:57:04.510Z dictation_capture_engine_started file_created=true default_input=present default_input_transport=usb sr=48000.0 ch=2
2026-08-25T12:57:04.614Z dictation_capture_first_buffer sr=48000.0 ch=1 original_ch=2 common_format=1 interleaved=false frames=4800 has_float_data=true
2026-08-25T12:57:05.511Z dictation_preview_pass engine=parakeet ms=97 samples=12800 chars=0
2026-08-25T12:57:05.738Z dictation_stop_requested mode=persistent session=1
2026-08-25T12:57:05.784Z shared_mic_engine_stopped
2026-08-25T12:57:05.785Z shared_mic_diagnostics transition=unsubscribe wants_vpio=n/a blocks_vpio_promotion=n/a subscribers=0 vpio_subs=0 passive_subs=0 engine_running=false vpio_engaged=false vpio_deferred=false vpio_deferral_count=0
2026-08-25T12:57:05.785Z dictation_capture_stop sample_count=17600 effective_sample_count=17600 duration_s=1.100 wall_duration_s=1.275 file_bytes=74496 input_buffers=12 output_buffers=11 input_frames=57600 max_rms=0.004028 max_level=0.020 non_silent_buffers=1 missing_float_buffers=0 invalid_format_buffers=0 no_buffer_timeout=false
2026-08-25T12:57:05.786Z dictation_transcribe_begin file_bytes=74496
2026-08-25T12:57:05.845Z dictation_transcribe_complete chars=0 words=0 engine=parakeet variant=v3
2026-08-25T12:57:05.845Z dictation_transcribe_empty
2026-08-25T12:57:05.862Z shared_mic_engine_prepare_timing vpio=false buffer_size=4096 set_vpio_ms=0.005 output_format_ms=0.008 install_tap_ms=0.004 total_ms=76.503
2026-08-25T12:57:05.863Z shared_mic_engine_input_device_prepared source=system_default device=present transport=usb vpio=false set_device_ms=0.000 prepare_engine_ms=77.011
2026-08-26T13:54:29.434Z dictation_diagnostics_session_start pid=12389 version=0.7.3 build=20260717011712 source=dist-xcodebuild-release commit=d6321f87dcce
2026-08-26T13:54:29.820Z shared_mic_engine_prepare_timing vpio=false buffer_size=4096 set_vpio_ms=0.007 output_format_ms=0.009 install_tap_ms=0.004 total_ms=107.127
2026-08-26T13:54:29.820Z shared_mic_engine_input_device_prepared source=system_default device=present transport=usb vpio=false set_device_ms=0.000 prepare_engine_ms=107.773
2026-08-26T13:55:30.174Z shared_mic_engine_configuration_changed sr=48000.0 ch=2 isRunning=false engine_is_running=false default_input=present default_input_transport=usb
2026-08-26T13:55:30.176Z shared_mic_engine_prepared_discarded reason=configuration_changed
2026-08-26T13:55:30.801Z shared_mic_engine_prepare_timing vpio=false buffer_size=4096 set_vpio_ms=6.287 output_format_ms=0.017 install_tap_ms=0.005 total_ms=96.276
2026-08-26T13:55:30.801Z shared_mic_engine_input_device_prepared source=system_default device=present transport=usb vpio=false set_device_ms=0.000 prepare_engine_ms=96.979
2026-08-26T13:56:00.633Z shared_mic_engine_configuration_changed sr=44100.0 ch=2 isRunning=false engine_is_running=false default_input=present default_input_transport=usb
2026-08-26T13:56:00.634Z shared_mic_engine_prepared_discarded reason=configuration_changed
2026-08-26T13:56:01.250Z shared_mic_engine_prepare_timing vpio=false buffer_size=4096 set_vpio_ms=0.012 output_format_ms=0.011 install_tap_ms=0.005 total_ms=88.969
2026-08-26T13:56:01.251Z shared_mic_engine_input_device_prepared source=system_default device=present transport=usb vpio=false set_device_ms=0.000 prepare_engine_ms=89.505
2026-08-27T11:44:40.570Z dictation_diagnostics_session_start pid=2418 version=0.7.3 build=20260717011712 source=dist-xcodebuild-release commit=d6321f87dcce
2026-08-27T11:44:40.919Z shared_mic_engine_prepare_timing vpio=false buffer_size=4096 set_vpio_ms=0.005 output_format_ms=0.006 install_tap_ms=0.004 total_ms=89.216
2026-08-27T11:44:40.920Z shared_mic_engine_input_device_prepared source=system_default device=present transport=usb vpio=false set_device_ms=0.000 prepare_engine_ms=89.671
2026-08-28T13:27:06.712Z dictation_diagnostics_session_start pid=2002 version=0.7.3 build=20260717011712 source=dist-xcodebuild-release commit=d6321f87dcce
2026-08-28T13:27:07.118Z shared_mic_engine_prepare_timing vpio=false buffer_size=4096 set_vpio_ms=6.279 output_format_ms=0.019 install_tap_ms=0.005 total_ms=91.890
2026-08-28T13:27:07.118Z shared_mic_engine_input_device_prepared source=system_default device=present transport=usb vpio=false set_device_ms=0.000 prepare_engine_ms=92.314
2026-08-28T13:27:26.657Z dictation_preview_started engine=parakeet
2026-08-28T13:27:26.658Z dictation_capture_start permission_status=3
2026-08-28T13:27:26.665Z dictation_capture_starting
2026-08-28T13:27:26.930Z shared_mic_engine_started_from_prepared audio_engine_start_ms=264.025
2026-08-28T13:27:26.932Z shared_mic_diagnostics transition=subscribe wants_vpio=false blocks_vpio_promotion=true subscribers=1 vpio_subs=0 passive_subs=0 engine_running=true vpio_engaged=false vpio_deferred=false vpio_deferral_count=0
2026-08-28T13:27:26.934Z dictation_capture_engine_started file_created=true default_input=present default_input_transport=usb sr=48000.0 ch=2
2026-08-28T13:27:27.034Z dictation_capture_first_buffer sr=48000.0 ch=1 original_ch=2 common_format=1 interleaved=false frames=4800 has_float_data=true
2026-08-28T13:27:27.752Z shared_mic_engine_stopped
2026-08-28T13:27:27.753Z shared_mic_diagnostics transition=unsubscribe wants_vpio=n/a blocks_vpio_promotion=n/a subscribers=0 vpio_subs=0 passive_subs=0 engine_running=false vpio_engaged=false vpio_deferred=false vpio_deferral_count=0
2026-08-28T13:27:27.755Z dictation_capture_stop sample_count=9600 effective_sample_count=9600 duration_s=0.600 wall_duration_s=0.822 file_bytes=42496 input_buffers=7 output_buffers=6 input_frames=33600 max_rms=0.001750 max_level=0.009 non_silent_buffers=0 missing_float_buffers=0 invalid_format_buffers=0 no_buffer_timeout=false
2026-08-28T13:27:27.836Z shared_mic_engine_prepare_timing vpio=false buffer_size=4096 set_vpio_ms=0.008 output_format_ms=0.007 install_tap_ms=0.004 total_ms=80.876
2026-08-28T13:27:27.837Z shared_mic_engine_input_device_prepared source=system_default device=present transport=usb vpio=false set_device_ms=0.000 prepare_engine_ms=81.354
2026-08-28T13:36:25.249Z dictation_preview_started engine=parakeet
2026-08-28T13:36:25.250Z dictation_capture_start permission_status=3
2026-08-28T13:36:25.252Z dictation_capture_starting
2026-08-28T13:36:25.399Z shared_mic_engine_started_from_prepared audio_engine_start_ms=144.935
2026-08-28T13:36:25.400Z shared_mic_diagnostics transition=subscribe wants_vpio=false blocks_vpio_promotion=true subscribers=1 vpio_subs=0 passive_subs=0 engine_running=true vpio_engaged=false vpio_deferred=false vpio_deferral_count=0
2026-08-28T13:36:25.401Z dictation_capture_engine_started file_created=true default_input=present default_input_transport=usb sr=48000.0 ch=2
2026-08-28T13:36:25.504Z dictation_capture_first_buffer sr=48000.0 ch=1 original_ch=2 common_format=1 interleaved=false frames=4800 has_float_data=true
2026-08-28T13:36:26.418Z dictation_preview_pass engine=parakeet ms=115 samples=12800 chars=5
2026-08-28T13:36:26.467Z shared_mic_engine_stopped
2026-08-28T13:36:26.467Z shared_mic_diagnostics transition=unsubscribe wants_vpio=n/a blocks_vpio_promotion=n/a subscribers=0 vpio_subs=0 passive_subs=0 engine_running=false vpio_engaged=false vpio_deferred=false vpio_deferral_count=0
2026-08-28T13:36:26.468Z dictation_capture_stop sample_count=14400 effective_sample_count=14400 duration_s=0.900 wall_duration_s=1.068 file_bytes=61696 input_buffers=10 output_buffers=9 input_frames=48000 max_rms=0.011077 max_level=0.055 non_silent_buffers=2 missing_float_buffers=0 invalid_format_buffers=0 no_buffer_timeout=false
2026-08-28T13:36:26.538Z shared_mic_engine_prepare_timing vpio=false buffer_size=4096 set_vpio_ms=0.006 output_format_ms=0.010 install_tap_ms=0.006 total_ms=69.671
2026-08-28T13:36:26.539Z shared_mic_engine_input_device_prepared source=system_default device=present transport=usb vpio=false set_device_ms=0.000 prepare_engine_ms=70.245
2026-08-28T13:58:06.689Z dictation_preview_started engine=parakeet
2026-08-28T13:58:06.691Z dictation_capture_start permission_status=3
2026-08-28T13:58:06.693Z dictation_capture_starting
2026-08-28T13:58:06.848Z shared_mic_engine_started_from_prepared audio_engine_start_ms=154.147
2026-08-28T13:58:06.850Z shared_mic_diagnostics transition=subscribe wants_vpio=false blocks_vpio_promotion=true subscribers=1 vpio_subs=0 passive_subs=0 engine_running=true vpio_engaged=false vpio_deferred=false vpio_deferral_count=0
2026-08-28T13:58:06.852Z dictation_capture_engine_started file_created=true default_input=present default_input_transport=usb sr=48000.0 ch=2
2026-08-28T13:58:06.952Z dictation_capture_first_buffer sr=48000.0 ch=1 original_ch=2 common_format=1 interleaved=false frames=4800 has_float_data=true
2026-08-28T13:58:07.456Z shared_mic_engine_stopped
2026-08-28T13:58:07.457Z shared_mic_diagnostics transition=unsubscribe wants_vpio=n/a blocks_vpio_promotion=n/a subscribers=0 vpio_subs=0 passive_subs=0 engine_running=false vpio_engaged=false vpio_deferred=false vpio_deferral_count=0
2026-08-28T13:58:07.459Z dictation_capture_stop sample_count=6400 effective_sample_count=6400 duration_s=0.400 wall_duration_s=0.607 file_bytes=29696 input_buffers=5 output_buffers=4 input_frames=24000 max_rms=0.001841 max_level=0.009 non_silent_buffers=0 missing_float_buffers=0 invalid_format_buffers=0 no_buffer_timeout=false
2026-08-28T13:58:07.552Z shared_mic_engine_prepare_timing vpio=false buffer_size=4096 set_vpio_ms=0.006 output_format_ms=0.011 install_tap_ms=0.005 total_ms=91.645
2026-08-28T13:58:07.552Z shared_mic_engine_input_device_prepared source=system_default device=present transport=usb vpio=false set_device_ms=0.000 prepare_engine_ms=92.272
2026-08-28T14:42:01.791Z dictation_diagnostics_session_start pid=3235 version=0.7.3 build=20260717011712 source=dist-xcodebuild-release commit=d6321f87dcce
2026-08-28T14:42:02.465Z shared_mic_engine_prepare_timing vpio=false buffer_size=4096 set_vpio_ms=0.005 output_format_ms=0.008 install_tap_ms=0.005 total_ms=85.603
2026-08-28T14:42:02.466Z shared_mic_engine_input_device_prepared source=system_default device=present transport=usb vpio=false set_device_ms=0.000 prepare_engine_ms=86.075
