2026-09-11T14:57:33.652Z dictation_diagnostics_session_start pid=51952 version=0.8.0 build=20260909173236 source=dist-xcodebuild-release commit=1cc48e726ad4 process_id=51952 process_session=b7bb16b9-d130-4e99-b1af-620527389490 uptime_ns=1202507480838291
2026-09-11T14:58:27.318Z shared_mic_engine_prepare_skipped reason=bluetooth_or_unresolved_route process_id=51952 process_session=b7bb16b9-d130-4e99-b1af-620527389490 uptime_ns=1202561146554833
2026-09-11T14:58:57.592Z meeting_mic_capture_starting requested_mode=raw default_input=present default_input_transport=bluetooth process_id=51952 process_session=b7bb16b9-d130-4e99-b1af-620527389490 uptime_ns=1202591420104000
2026-09-11T14:58:59.317Z shared_mic_engine_input_device_start_failed source=system_default device=present transport=bluetooth set_device_ms=0.000 error_type=AVAudioEngineMicrophonePlatformError.initialReadinessTimedOut bridged_error_code=2 process_id=51952 process_session=b7bb16b9-d130-4e99-b1af-620527389490 uptime_ns=1202593145240250
2026-09-11T14:58:59.428Z shared_mic_engine_input_device_start_failed source=built_in device=present transport=built-in set_device_ms=94.523 error_type=com.apple.coreaudio.avfaudio.-10868 bridged_error_code=-10868 process_id=51952 process_session=b7bb16b9-d130-4e99-b1af-620527389490 uptime_ns=1202593256208791
2026-09-11T14:58:59.429Z shared_mic_diagnostics transition=subscribe_failed wants_vpio=false blocks_vpio_promotion=true subscribers=0 vpio_subs=0 passive_subs=0 engine_running=false vpio_engaged=false vpio_deferred=false vpio_deferral_count=0 process_id=51952 process_session=b7bb16b9-d130-4e99-b1af-620527389490 uptime_ns=1202593256938875
2026-09-11T14:58:59.430Z meeting_mic_capture_start_failed mode=raw error_type=SubscribeError.engineStartFailed.com.apple.coreaudio.avfaudio.-10868 bridged_error_code=0 process_id=51952 process_session=b7bb16b9-d130-4e99-b1af-620527389490 uptime_ns=1202593257687875
2026-09-11T14:59:01.006Z meeting_mic_capture_starting requested_mode=raw default_input=present default_input_transport=bluetooth process_id=51952 process_session=b7bb16b9-d130-4e99-b1af-620527389490 uptime_ns=1202594834048916
2026-09-11T14:59:02.670Z shared_mic_engine_input_device_start_failed source=system_default device=present transport=bluetooth set_device_ms=0.000 error_type=AVAudioEngineMicrophonePlatformError.initialReadinessTimedOut bridged_error_code=2 process_id=51952 process_session=b7bb16b9-d130-4e99-b1af-620527389490 uptime_ns=1202596497855333
2026-09-11T14:59:02.788Z shared_mic_engine_input_device_start_failed source=built_in device=present transport=built-in set_device_ms=102.291 error_type=com.apple.coreaudio.avfaudio.-10868 bridged_error_code=-10868 process_id=51952 process_session=b7bb16b9-d130-4e99-b1af-620527389490 uptime_ns=1202596615750083
2026-09-11T14:59:02.789Z shared_mic_diagnostics transition=subscribe_failed wants_vpio=false blocks_vpio_promotion=true subscribers=0 vpio_subs=0 passive_subs=0 engine_running=false vpio_engaged=false vpio_deferred=false vpio_deferral_count=0 process_id=51952 process_session=b7bb16b9-d130-4e99-b1af-620527389490 uptime_ns=1202596616764000
2026-09-11T14:59:02.790Z meeting_mic_capture_start_failed mode=raw error_type=SubscribeError.engineStartFailed.com.apple.coreaudio.avfaudio.-10868 bridged_error_code=0 process_id=51952 process_session=b7bb16b9-d130-4e99-b1af-620527389490 uptime_ns=1202596617697291
2026-09-11T14:59:07.750Z shared_mic_engine_prepare_skipped reason=bluetooth_or_unresolved_route process_id=51952 process_session=b7bb16b9-d130-4e99-b1af-620527389490 uptime_ns=1202601578359958
2026-09-11T14:59:07.958Z meeting_mic_capture_starting requested_mode=raw default_input=present default_input_transport=bluetooth process_id=51952 process_session=b7bb16b9-d130-4e99-b1af-620527389490 uptime_ns=1202601786417458
2026-09-11T14:59:08.052Z shared_mic_engine_input_device_start_failed source=selected device=present transport=bluetooth set_device_ms=75.251 error_type=com.apple.coreaudio.avfaudio.-10868 bridged_error_code=-10868 process_id=51952 process_session=b7bb16b9-d130-4e99-b1af-620527389490 uptime_ns=1202601880411666
2026-09-11T14:59:09.030Z shared_mic_engine_start_timing vpio=false buffer_size=4096 set_vpio_ms=0.004 ducking_ms=0.000 output_format_ms=2.671 install_tap_ms=0.005 audio_engine_start_ms=36.396 total_ms=976.853 process_id=51952 process_session=b7bb16b9-d130-4e99-b1af-620527389490 uptime_ns=1202602858254208
2026-09-11T14:59:09.032Z shared_mic_engine_input_device_started source=system_default device=present transport=bluetooth vpio=false set_device_ms=0.000 start_engine_ms=978.620 process_id=51952 process_session=b7bb16b9-d130-4e99-b1af-620527389490 uptime_ns=1202602859991583
2026-09-11T14:59:09.034Z shared_mic_engine_configuration_changed sr=16000.0 ch=1 isRunning=true engine_is_running=true default_input=present default_input_transport=bluetooth process_id=51952 process_session=b7bb16b9-d130-4e99-b1af-620527389490 uptime_ns=1202602861482166
2026-09-11T14:59:09.033Z shared_mic_diagnostics transition=subscribe wants_vpio=false blocks_vpio_promotion=true subscribers=1 vpio_subs=0 passive_subs=0 engine_running=true vpio_engaged=false vpio_deferred=false vpio_deferral_count=0 process_id=51952 process_session=b7bb16b9-d130-4e99-b1af-620527389490 uptime_ns=1202602861298333
2026-09-11T14:59:09.036Z meeting_mic_processing mode=raw process_id=51952 process_session=b7bb16b9-d130-4e99-b1af-620527389490 uptime_ns=1202602864362750
2026-09-11T14:59:09.039Z meeting_mic_first_buffer sr=16000.0 ch=1 interleaved=false process_id=51952 process_session=b7bb16b9-d130-4e99-b1af-620527389490 uptime_ns=1202602866788666
2026-09-11T14:59:09.039Z meeting_mic_capture_started requested_mode=raw effective_mode=raw sr=16000.0 ch=1 default_input=present default_input_transport=bluetooth process_id=51952 process_session=b7bb16b9-d130-4e99-b1af-620527389490 uptime_ns=1202602866870708
2026-09-11T14:59:11.179Z shared_mic_engine_stopped process_id=51952 process_session=b7bb16b9-d130-4e99-b1af-620527389490 uptime_ns=1202605006687375
2026-09-11T14:59:11.181Z shared_mic_diagnostics transition=unsubscribe wants_vpio=n/a blocks_vpio_promotion=n/a subscribers=0 vpio_subs=0 passive_subs=0 engine_running=false vpio_engaged=false vpio_deferred=false vpio_deferral_count=0 process_id=51952 process_session=b7bb16b9-d130-4e99-b1af-620527389490 uptime_ns=1202605008463500
2026-09-11T14:59:11.182Z meeting_mic_capture_stopped default_input=present default_input_transport=bluetooth process_id=51952 process_session=b7bb16b9-d130-4e99-b1af-620527389490 uptime_ns=1202605009776541
2026-09-11T14:59:11.190Z shared_mic_engine_prepare_skipped reason=bluetooth_or_unresolved_route process_id=51952 process_session=b7bb16b9-d130-4e99-b1af-620527389490 uptime_ns=1202605017690208
2026-09-11T14:59:14.650Z shared_mic_engine_prepare_skipped reason=bluetooth_or_unresolved_route process_id=51952 process_session=b7bb16b9-d130-4e99-b1af-620527389490 uptime_ns=1202608477693666
2026-09-11T14:59:14.865Z meeting_mic_capture_starting requested_mode=raw default_input=present default_input_transport=bluetooth process_id=51952 process_session=b7bb16b9-d130-4e99-b1af-620527389490 uptime_ns=1202608693081333
2026-09-11T14:59:16.537Z shared_mic_engine_input_device_start_failed source=system_default device=present transport=bluetooth set_device_ms=0.000 error_type=AVAudioEngineMicrophonePlatformError.initialReadinessTimedOut bridged_error_code=2 process_id=51952 process_session=b7bb16b9-d130-4e99-b1af-620527389490 uptime_ns=1202610364476000
2026-09-11T14:59:16.654Z shared_mic_engine_input_device_start_failed source=built_in device=present transport=built-in set_device_ms=103.553 error_type=com.apple.coreaudio.avfaudio.-10868 bridged_error_code=-10868 process_id=51952 process_session=b7bb16b9-d130-4e99-b1af-620527389490 uptime_ns=1202610481941583
2026-09-11T14:59:16.655Z shared_mic_diagnostics transition=subscribe_failed wants_vpio=false blocks_vpio_promotion=true subscribers=0 vpio_subs=0 passive_subs=0 engine_running=false vpio_engaged=false vpio_deferred=false vpio_deferral_count=0 process_id=51952 process_session=b7bb16b9-d130-4e99-b1af-620527389490 uptime_ns=1202610482912875
2026-09-11T14:59:16.656Z meeting_mic_capture_start_failed mode=raw error_type=SubscribeError.engineStartFailed.com.apple.coreaudio.avfaudio.-10868 bridged_error_code=0 process_id=51952 process_session=b7bb16b9-d130-4e99-b1af-620527389490 uptime_ns=1202610484213958
2026-09-11T15:02:43.019Z dictation_diagnostics_session_start pid=52443 version=0.8.0 build=20260909173236 source=dist-xcodebuild-release commit=1cc48e726ad4 process_id=52443 process_session=77f2d654-e361-43ca-991d-7cf9950f532c uptime_ns=1202816845342458
2026-09-11T15:02:43.286Z shared_mic_engine_prepare_skipped reason=bluetooth_or_unresolved_route process_id=52443 process_session=77f2d654-e361-43ca-991d-7cf9950f532c uptime_ns=1202817113025000
2026-09-11T15:02:52.504Z meeting_mic_capture_starting requested_mode=raw default_input=present default_input_transport=bluetooth process_id=52443 process_session=77f2d654-e361-43ca-991d-7cf9950f532c uptime_ns=1202826330674333
2026-09-11T15:02:54.227Z shared_mic_engine_input_device_start_failed source=system_default device=present transport=bluetooth set_device_ms=0.000 error_type=AVAudioEngineMicrophonePlatformError.initialReadinessTimedOut bridged_error_code=2 process_id=52443 process_session=77f2d654-e361-43ca-991d-7cf9950f532c uptime_ns=1202828053312375
2026-09-11T15:02:54.352Z shared_mic_engine_input_device_start_failed source=built_in device=present transport=built-in set_device_ms=106.705 error_type=com.apple.coreaudio.avfaudio.-10868 bridged_error_code=-10868 process_id=52443 process_session=77f2d654-e361-43ca-991d-7cf9950f532c uptime_ns=1202828178676958
2026-09-11T15:02:54.353Z shared_mic_diagnostics transition=subscribe_failed wants_vpio=false blocks_vpio_promotion=true subscribers=0 vpio_subs=0 passive_subs=0 engine_running=false vpio_engaged=false vpio_deferred=false vpio_deferral_count=0 process_id=52443 process_session=77f2d654-e361-43ca-991d-7cf9950f532c uptime_ns=1202828179486083
2026-09-11T15:02:54.354Z meeting_mic_capture_start_failed mode=raw error_type=SubscribeError.engineStartFailed.com.apple.coreaudio.avfaudio.-10868 bridged_error_code=0 process_id=52443 process_session=77f2d654-e361-43ca-991d-7cf9950f532c uptime_ns=1202828180256708
2026-09-11T15:05:05.121Z shared_mic_engine_prepare_skipped reason=bluetooth_or_unresolved_route process_id=52443 process_session=77f2d654-e361-43ca-991d-7cf9950f532c uptime_ns=1202958942707625
2026-09-11T15:05:05.338Z meeting_mic_capture_starting requested_mode=raw default_input=present default_input_transport=bluetooth process_id=52443 process_session=77f2d654-e361-43ca-991d-7cf9950f532c uptime_ns=1202959159697041
2026-09-11T15:05:05.422Z shared_mic_engine_input_device_start_failed source=selected device=present transport=bluetooth set_device_ms=67.664 error_type=com.apple.coreaudio.avfaudio.-10868 bridged_error_code=-10868 process_id=52443 process_session=77f2d654-e361-43ca-991d-7cf9950f532c uptime_ns=1202959243510208
2026-09-11T15:05:06.404Z shared_mic_engine_start_timing vpio=false buffer_size=4096 set_vpio_ms=0.005 ducking_ms=0.000 output_format_ms=0.006 install_tap_ms=0.004 audio_engine_start_ms=35.090 total_ms=980.747 process_id=52443 process_session=77f2d654-e361-43ca-991d-7cf9950f532c uptime_ns=1202960225205916
2026-09-11T15:05:06.406Z shared_mic_engine_input_device_started source=system_default device=present transport=bluetooth vpio=false set_device_ms=0.000 start_engine_ms=983.771 process_id=52443 process_session=77f2d654-e361-43ca-991d-7cf9950f532c uptime_ns=1202960228147875
2026-09-11T15:05:06.408Z shared_mic_engine_configuration_changed sr=16000.0 ch=1 isRunning=true engine_is_running=true default_input=present default_input_transport=bluetooth process_id=52443 process_session=77f2d654-e361-43ca-991d-7cf9950f532c uptime_ns=1202960229912916
2026-09-11T15:05:06.408Z shared_mic_diagnostics transition=subscribe wants_vpio=false blocks_vpio_promotion=true subscribers=1 vpio_subs=0 passive_subs=0 engine_running=true vpio_engaged=false vpio_deferred=false vpio_deferral_count=0 process_id=52443 process_session=77f2d654-e361-43ca-991d-7cf9950f532c uptime_ns=1202960229581583
2026-09-11T15:05:06.411Z meeting_mic_processing mode=raw process_id=52443 process_session=77f2d654-e361-43ca-991d-7cf9950f532c uptime_ns=1202960232298875
2026-09-11T15:05:06.416Z meeting_mic_capture_started requested_mode=raw effective_mode=raw sr=16000.0 ch=1 default_input=present default_input_transport=bluetooth process_id=52443 process_session=77f2d654-e361-43ca-991d-7cf9950f532c uptime_ns=1202960237993791
2026-09-11T15:05:06.416Z meeting_mic_first_buffer sr=16000.0 ch=1 interleaved=false process_id=52443 process_session=77f2d654-e361-43ca-991d-7cf9950f532c uptime_ns=1202960237888208
2026-09-11T15:05:08.550Z shared_mic_engine_stopped process_id=52443 process_session=77f2d654-e361-43ca-991d-7cf9950f532c uptime_ns=1202962372138041
2026-09-11T15:05:08.552Z shared_mic_diagnostics transition=unsubscribe wants_vpio=n/a blocks_vpio_promotion=n/a subscribers=0 vpio_subs=0 passive_subs=0 engine_running=false vpio_engaged=false vpio_deferred=false vpio_deferral_count=0 process_id=52443 process_session=77f2d654-e361-43ca-991d-7cf9950f532c uptime_ns=1202962373870583
2026-09-11T15:05:08.553Z meeting_mic_capture_stopped default_input=present default_input_transport=bluetooth process_id=52443 process_session=77f2d654-e361-43ca-991d-7cf9950f532c uptime_ns=1202962374902666
2026-09-11T15:05:08.558Z shared_mic_engine_prepare_skipped reason=bluetooth_or_unresolved_route process_id=52443 process_session=77f2d654-e361-43ca-991d-7cf9950f532c uptime_ns=1202962379175291
2026-09-11T15:05:14.645Z shared_mic_engine_prepare_skipped reason=bluetooth_or_unresolved_route process_id=52443 process_session=77f2d654-e361-43ca-991d-7cf9950f532c uptime_ns=1202968466688583
2026-09-11T15:07:01.365Z meeting_mic_capture_starting requested_mode=raw default_input=present default_input_transport=bluetooth process_id=52443 process_session=77f2d654-e361-43ca-991d-7cf9950f532c uptime_ns=1203075185850750
2026-09-11T15:07:03.037Z shared_mic_engine_input_device_start_failed source=system_default device=present transport=bluetooth set_device_ms=0.000 error_type=AVAudioEngineMicrophonePlatformError.initialReadinessTimedOut bridged_error_code=2 process_id=52443 process_session=77f2d654-e361-43ca-991d-7cf9950f532c uptime_ns=1203076857704125
2026-09-11T15:07:03.159Z shared_mic_engine_input_device_start_failed source=built_in device=present transport=built-in set_device_ms=104.383 error_type=com.apple.coreaudio.avfaudio.-10868 bridged_error_code=-10868 process_id=52443 process_session=77f2d654-e361-43ca-991d-7cf9950f532c uptime_ns=1203076980206458
2026-09-11T15:07:03.160Z shared_mic_diagnostics transition=subscribe_failed wants_vpio=false blocks_vpio_promotion=true subscribers=0 vpio_subs=0 passive_subs=0 engine_running=false vpio_engaged=false vpio_deferred=false vpio_deferral_count=0 process_id=52443 process_session=77f2d654-e361-43ca-991d-7cf9950f532c uptime_ns=1203076981056291
2026-09-11T15:07:03.161Z meeting_mic_capture_start_failed mode=raw error_type=SubscribeError.engineStartFailed.com.apple.coreaudio.avfaudio.-10868 bridged_error_code=0 process_id=52443 process_session=77f2d654-e361-43ca-991d-7cf9950f532c uptime_ns=1203076981847666
2026-09-11T15:08:58.458Z dictation_diagnostics_session_start pid=54138 version=0.8.0 build=20260909173236 source=dist-xcodebuild-release commit=1cc48e726ad4 process_id=54138 process_session=d07272a8-dde8-45ce-b334-ece23b7b3f65 uptime_ns=1203192277974375
2026-09-11T15:08:58.752Z shared_mic_engine_prepare_skipped reason=bluetooth_or_unresolved_route process_id=54138 process_session=d07272a8-dde8-45ce-b334-ece23b7b3f65 uptime_ns=1203192571855208
2026-09-11T15:09:08.512Z meeting_mic_capture_starting requested_mode=raw default_input=present default_input_transport=bluetooth process_id=54138 process_session=d07272a8-dde8-45ce-b334-ece23b7b3f65 uptime_ns=1203202331401166
2026-09-11T15:09:10.232Z shared_mic_engine_input_device_start_failed source=system_default device=present transport=bluetooth set_device_ms=0.000 error_type=AVAudioEngineMicrophonePlatformError.initialReadinessTimedOut bridged_error_code=2 process_id=54138 process_session=d07272a8-dde8-45ce-b334-ece23b7b3f65 uptime_ns=1203204052116333
2026-09-11T15:09:10.351Z shared_mic_engine_input_device_start_failed source=built_in device=present transport=built-in set_device_ms=101.469 error_type=com.apple.coreaudio.avfaudio.-10868 bridged_error_code=-10868 process_id=54138 process_session=d07272a8-dde8-45ce-b334-ece23b7b3f65 uptime_ns=1203204171337583
2026-09-11T15:09:10.352Z shared_mic_diagnostics transition=subscribe_failed wants_vpio=false blocks_vpio_promotion=true subscribers=0 vpio_subs=0 passive_subs=0 engine_running=false vpio_engaged=false vpio_deferred=false vpio_deferral_count=0 process_id=54138 process_session=d07272a8-dde8-45ce-b334-ece23b7b3f65 uptime_ns=1203204172164583
2026-09-11T15:09:10.353Z meeting_mic_capture_start_failed mode=raw error_type=SubscribeError.engineStartFailed.com.apple.coreaudio.avfaudio.-10868 bridged_error_code=0 process_id=54138 process_session=d07272a8-dde8-45ce-b334-ece23b7b3f65 uptime_ns=1203204172951250
2026-09-11T15:17:45.564Z shared_mic_engine_prepare_skipped reason=bluetooth_or_unresolved_route process_id=54138 process_session=d07272a8-dde8-45ce-b334-ece23b7b3f65 uptime_ns=1203719380338333
2026-09-11T15:51:28.709Z audio_default_input_changed notifications=1 default_input=present default_input_transport=built-in process_id=54138 process_session=d07272a8-dde8-45ce-b334-ece23b7b3f65 uptime_ns=1205565533636666
2026-09-11T15:51:29.254Z shared_mic_engine_prepare_skipped reason=bluetooth_or_unresolved_route process_id=54138 process_session=d07272a8-dde8-45ce-b334-ece23b7b3f65 uptime_ns=1205566078675250
2026-09-11T15:51:29.998Z audio_default_input_changed notifications=1 default_input=present default_input_transport=bluetooth process_id=54138 process_session=d07272a8-dde8-45ce-b334-ece23b7b3f65 uptime_ns=1205566822820875
2026-09-11T15:51:30.536Z shared_mic_engine_prepare_skipped reason=bluetooth_or_unresolved_route process_id=54138 process_session=d07272a8-dde8-45ce-b334-ece23b7b3f65 uptime_ns=1205567361202333
2026-09-11T15:51:30.956Z audio_default_input_changed notifications=1 default_input=present default_input_transport=usb process_id=54138 process_session=d07272a8-dde8-45ce-b334-ece23b7b3f65 uptime_ns=1205567781161875
2026-09-11T15:51:31.494Z shared_mic_engine_prepare_skipped reason=bluetooth_or_unresolved_route process_id=54138 process_session=d07272a8-dde8-45ce-b334-ece23b7b3f65 uptime_ns=1205568318701333
2026-09-11T15:51:32.555Z audio_default_input_changed notifications=1 default_input=present default_input_transport=virtual process_id=54138 process_session=d07272a8-dde8-45ce-b334-ece23b7b3f65 uptime_ns=1205569380110083
2026-09-11T15:51:33.088Z shared_mic_engine_prepare_skipped reason=bluetooth_or_unresolved_route process_id=54138 process_session=d07272a8-dde8-45ce-b334-ece23b7b3f65 uptime_ns=1205569913019750
2026-09-11T15:51:34.723Z audio_default_input_changed notifications=1 default_input=present default_input_transport=usb process_id=54138 process_session=d07272a8-dde8-45ce-b334-ece23b7b3f65 uptime_ns=1205571547592916
2026-09-11T15:51:35.254Z shared_mic_engine_prepare_skipped reason=bluetooth_or_unresolved_route process_id=54138 process_session=d07272a8-dde8-45ce-b334-ece23b7b3f65 uptime_ns=1205572078860416
2026-09-11T15:51:35.902Z audio_default_input_changed notifications=1 default_input=present default_input_transport=bluetooth process_id=54138 process_session=d07272a8-dde8-45ce-b334-ece23b7b3f65 uptime_ns=1205572726413166
2026-09-11T15:51:36.435Z shared_mic_engine_prepare_skipped reason=bluetooth_or_unresolved_route process_id=54138 process_session=d07272a8-dde8-45ce-b334-ece23b7b3f65 uptime_ns=1205573259496625
2026-09-11T16:30:16.719Z audio_default_input_changed notifications=1 default_input=present default_input_transport=usb process_id=54138 process_session=d07272a8-dde8-45ce-b334-ece23b7b3f65 uptime_ns=1207695017502333
2026-09-11T16:30:17.360Z shared_mic_engine_prepare_timing vpio=false buffer_size=4096 set_vpio_ms=0.018 output_format_ms=0.006 install_tap_ms=0.004 total_ms=111.590 process_id=54138 process_session=d07272a8-dde8-45ce-b334-ece23b7b3f65 uptime_ns=1207695658693083
2026-09-11T16:30:17.361Z shared_mic_engine_input_device_prepared source=system_default device=present transport=usb vpio=false set_device_ms=0.000 prepare_engine_ms=113.195 process_id=54138 process_session=d07272a8-dde8-45ce-b334-ece23b7b3f65 uptime_ns=1207695660159875
2026-09-11T19:58:01.988Z audio_default_input_changed notifications=1 default_input=present default_input_transport=bluetooth process_id=54138 process_session=d07272a8-dde8-45ce-b334-ece23b7b3f65 uptime_ns=1217813046237000
2026-09-11T19:58:02.292Z shared_mic_engine_configuration_changed sr=48000.0 ch=2 isRunning=false engine_is_running=false default_input=present default_input_transport=bluetooth process_id=54138 process_session=d07272a8-dde8-45ce-b334-ece23b7b3f65 uptime_ns=1217813349367250
2026-09-11T19:58:02.367Z shared_mic_engine_prepared_discarded reason=configuration_changed process_id=54138 process_session=d07272a8-dde8-45ce-b334-ece23b7b3f65 uptime_ns=1217813424972375
2026-09-11T19:58:02.899Z shared_mic_engine_prepare_skipped reason=bluetooth_or_unresolved_route process_id=54138 process_session=d07272a8-dde8-45ce-b334-ece23b7b3f65 uptime_ns=1217813956166708
2026-09-11T20:05:36.633Z audio_default_input_changed notifications=1 default_input=present default_input_transport=usb process_id=54138 process_session=d07272a8-dde8-45ce-b334-ece23b7b3f65 uptime_ns=1218267686479625
2026-09-11T20:05:37.279Z shared_mic_engine_prepare_timing vpio=false buffer_size=4096 set_vpio_ms=0.008 output_format_ms=0.012 install_tap_ms=0.018 total_ms=114.417 process_id=54138 process_session=d07272a8-dde8-45ce-b334-ece23b7b3f65 uptime_ns=1218268332832708
2026-09-11T20:05:37.280Z shared_mic_engine_input_device_prepared source=system_default device=present transport=usb vpio=false set_device_ms=0.000 prepare_engine_ms=115.378 process_id=54138 process_session=d07272a8-dde8-45ce-b334-ece23b7b3f65 uptime_ns=1218268333642958
2026-09-12T18:52:23.757Z shared_mic_engine_configuration_changed sr=48000.0 ch=2 isRunning=false engine_is_running=false default_input=present default_input_transport=unknown process_id=54138 process_session=d07272a8-dde8-45ce-b334-ece23b7b3f65 uptime_ns=1292795141244541
2026-09-12T18:52:23.766Z shared_mic_engine_prepared_discarded reason=configuration_changed process_id=54138 process_session=d07272a8-dde8-45ce-b334-ece23b7b3f65 uptime_ns=1292795150756750
2026-09-12T18:52:24.012Z audio_default_input_changed notifications=1 default_input=present default_input_transport=virtual process_id=54138 process_session=d07272a8-dde8-45ce-b334-ece23b7b3f65 uptime_ns=1292795396121958
2026-09-12T18:52:24.660Z shared_mic_engine_prepare_timing vpio=false buffer_size=4096 set_vpio_ms=0.010 output_format_ms=0.005 install_tap_ms=0.008 total_ms=124.732 process_id=54138 process_session=d07272a8-dde8-45ce-b334-ece23b7b3f65 uptime_ns=1292796044836125
2026-09-12T18:52:24.661Z shared_mic_engine_input_device_prepared source=system_default device=present transport=virtual vpio=false set_device_ms=0.000 prepare_engine_ms=125.572 process_id=54138 process_session=d07272a8-dde8-45ce-b334-ece23b7b3f65 uptime_ns=1292796045692750
2026-09-12T18:52:31.232Z audio_default_input_changed notifications=1 default_input=present default_input_transport=usb process_id=54138 process_session=d07272a8-dde8-45ce-b334-ece23b7b3f65 uptime_ns=1292801937006250
2026-09-12T18:52:31.366Z shared_mic_engine_configuration_changed sr=48000.0 ch=2 isRunning=false engine_is_running=false default_input=present default_input_transport=usb process_id=54138 process_session=d07272a8-dde8-45ce-b334-ece23b7b3f65 uptime_ns=1292802070503000
2026-09-12T18:52:31.370Z shared_mic_engine_prepared_discarded reason=configuration_changed process_id=54138 process_session=d07272a8-dde8-45ce-b334-ece23b7b3f65 uptime_ns=1292802075048833
2026-09-12T18:52:32.031Z shared_mic_engine_prepare_timing vpio=false buffer_size=4096 set_vpio_ms=0.012 output_format_ms=0.009 install_tap_ms=0.006 total_ms=127.158 process_id=54138 process_session=d07272a8-dde8-45ce-b334-ece23b7b3f65 uptime_ns=1292802736272541
2026-09-12T18:52:32.032Z shared_mic_engine_input_device_prepared source=system_default device=present transport=usb vpio=false set_device_ms=0.000 prepare_engine_ms=128.211 process_id=54138 process_session=d07272a8-dde8-45ce-b334-ece23b7b3f65 uptime_ns=1292802737035416
2026-09-12T21:44:06.472Z shared_mic_engine_configuration_changed sr=48000.0 ch=2 isRunning=false engine_is_running=false default_input=present default_input_transport=virtual process_id=54138 process_session=d07272a8-dde8-45ce-b334-ece23b7b3f65 uptime_ns=1301132025204375
2026-09-12T21:44:06.552Z audio_default_input_changed notifications=1 default_input=present default_input_transport=virtual process_id=54138 process_session=d07272a8-dde8-45ce-b334-ece23b7b3f65 uptime_ns=1301132105381041
2026-09-12T21:44:06.627Z shared_mic_engine_prepared_discarded reason=configuration_changed process_id=54138 process_session=d07272a8-dde8-45ce-b334-ece23b7b3f65 uptime_ns=1301132180389166
2026-09-12T21:44:07.480Z shared_mic_engine_prepare_timing vpio=false buffer_size=4096 set_vpio_ms=0.007 output_format_ms=0.012 install_tap_ms=0.006 total_ms=322.946 process_id=54138 process_session=d07272a8-dde8-45ce-b334-ece23b7b3f65 uptime_ns=1301133033610583
2026-09-12T21:44:07.482Z shared_mic_engine_input_device_prepared source=system_default device=present transport=virtual vpio=false set_device_ms=0.000 prepare_engine_ms=325.770 process_id=54138 process_session=d07272a8-dde8-45ce-b334-ece23b7b3f65 uptime_ns=1301133035195291
2026-09-12T21:44:13.709Z audio_default_input_changed notifications=1 default_input=present default_input_transport=usb process_id=54138 process_session=d07272a8-dde8-45ce-b334-ece23b7b3f65 uptime_ns=1301138564320333
2026-09-12T21:44:13.875Z shared_mic_engine_configuration_changed sr=48000.0 ch=2 isRunning=false engine_is_running=false default_input=present default_input_transport=usb process_id=54138 process_session=d07272a8-dde8-45ce-b334-ece23b7b3f65 uptime_ns=1301138730478666
2026-09-12T21:44:13.879Z shared_mic_engine_prepared_discarded reason=configuration_changed process_id=54138 process_session=d07272a8-dde8-45ce-b334-ece23b7b3f65 uptime_ns=1301138734384791
2026-09-12T21:44:14.530Z shared_mic_engine_prepare_timing vpio=false buffer_size=4096 set_vpio_ms=0.006 output_format_ms=0.009 install_tap_ms=0.005 total_ms=122.737 process_id=54138 process_session=d07272a8-dde8-45ce-b334-ece23b7b3f65 uptime_ns=1301139386125250
2026-09-12T21:44:14.531Z shared_mic_engine_input_device_prepared source=system_default device=present transport=usb vpio=false set_device_ms=0.000 prepare_engine_ms=123.613 process_id=54138 process_session=d07272a8-dde8-45ce-b334-ece23b7b3f65 uptime_ns=1301139386837375
2026-09-14T13:25:11.122Z audio_default_input_changed notifications=1 default_input=present default_input_transport=bluetooth process_id=54138 process_session=d07272a8-dde8-45ce-b334-ece23b7b3f65 uptime_ns=1430851718502333
2026-09-14T13:25:11.257Z shared_mic_engine_configuration_changed sr=48000.0 ch=2 isRunning=false engine_is_running=false default_input=present default_input_transport=bluetooth process_id=54138 process_session=d07272a8-dde8-45ce-b334-ece23b7b3f65 uptime_ns=1430851854125375
2026-09-14T13:25:11.264Z shared_mic_engine_prepared_discarded reason=configuration_changed process_id=54138 process_session=d07272a8-dde8-45ce-b334-ece23b7b3f65 uptime_ns=1430851860353875
2026-09-14T13:25:11.792Z shared_mic_engine_prepare_skipped reason=bluetooth_or_unresolved_route process_id=54138 process_session=d07272a8-dde8-45ce-b334-ece23b7b3f65 uptime_ns=1430852388650083
2026-09-14T13:25:15.780Z meeting_mic_capture_starting requested_mode=raw default_input=present default_input_transport=bluetooth process_id=54138 process_session=d07272a8-dde8-45ce-b334-ece23b7b3f65 uptime_ns=1430856376980500
2026-09-14T13:25:15.874Z shared_mic_engine_input_device_start_failed source=selected device=present transport=bluetooth set_device_ms=74.578 error_type=com.apple.coreaudio.avfaudio.-10868 bridged_error_code=-10868 process_id=54138 process_session=d07272a8-dde8-45ce-b334-ece23b7b3f65 uptime_ns=1430856470280791
2026-09-14T13:25:17.126Z shared_mic_engine_input_device_start_failed source=system_default device=present transport=bluetooth set_device_ms=0.000 error_type=AVAudioEngineMicrophonePlatformError.initialReadinessTimedOut bridged_error_code=2 process_id=54138 process_session=d07272a8-dde8-45ce-b334-ece23b7b3f65 uptime_ns=1430857722262375
2026-09-14T13:25:17.240Z shared_mic_engine_input_device_start_failed source=built_in device=present transport=built-in set_device_ms=101.236 error_type=com.apple.coreaudio.avfaudio.-10868 bridged_error_code=-10868 process_id=54138 process_session=d07272a8-dde8-45ce-b334-ece23b7b3f65 uptime_ns=1430857836954708
2026-09-14T13:25:17.241Z shared_mic_diagnostics transition=subscribe_failed wants_vpio=false blocks_vpio_promotion=true subscribers=0 vpio_subs=0 passive_subs=0 engine_running=false vpio_engaged=false vpio_deferred=false vpio_deferral_count=0 process_id=54138 process_session=d07272a8-dde8-45ce-b334-ece23b7b3f65 uptime_ns=1430857837820750
2026-09-14T13:25:17.242Z meeting_mic_capture_start_failed mode=raw error_type=SubscribeError.engineStartFailed.com.apple.coreaudio.avfaudio.-10868 bridged_error_code=0 process_id=54138 process_session=d07272a8-dde8-45ce-b334-ece23b7b3f65 uptime_ns=1430857838547750
2026-09-14T13:25:18.750Z meeting_mic_capture_starting requested_mode=raw default_input=present default_input_transport=bluetooth process_id=54138 process_session=d07272a8-dde8-45ce-b334-ece23b7b3f65 uptime_ns=1430859346308208
2026-09-14T13:25:18.845Z shared_mic_engine_input_device_start_failed source=selected device=present transport=bluetooth set_device_ms=76.927 error_type=com.apple.coreaudio.avfaudio.-10868 bridged_error_code=-10868 process_id=54138 process_session=d07272a8-dde8-45ce-b334-ece23b7b3f65 uptime_ns=1430859441632458
2026-09-14T13:25:20.079Z shared_mic_engine_input_device_start_failed source=system_default device=present transport=bluetooth set_device_ms=0.000 error_type=AVAudioEngineMicrophonePlatformError.initialReadinessTimedOut bridged_error_code=2 process_id=54138 process_session=d07272a8-dde8-45ce-b334-ece23b7b3f65 uptime_ns=1430860675692333
2026-09-14T13:25:20.192Z shared_mic_engine_input_device_start_failed source=built_in device=present transport=built-in set_device_ms=99.638 error_type=com.apple.coreaudio.avfaudio.-10868 bridged_error_code=-10868 process_id=54138 process_session=d07272a8-dde8-45ce-b334-ece23b7b3f65 uptime_ns=1430860788854291
2026-09-14T13:25:20.193Z shared_mic_diagnostics transition=subscribe_failed wants_vpio=false blocks_vpio_promotion=true subscribers=0 vpio_subs=0 passive_subs=0 engine_running=false vpio_engaged=false vpio_deferred=false vpio_deferral_count=0 process_id=54138 process_session=d07272a8-dde8-45ce-b334-ece23b7b3f65 uptime_ns=1430860789580583
2026-09-14T13:25:20.194Z meeting_mic_capture_start_failed mode=raw error_type=SubscribeError.engineStartFailed.com.apple.coreaudio.avfaudio.-10868 bridged_error_code=0 process_id=54138 process_session=d07272a8-dde8-45ce-b334-ece23b7b3f65 uptime_ns=1430860790305333
2026-09-14T13:25:23.038Z shared_mic_engine_prepare_skipped reason=bluetooth_or_unresolved_route process_id=54138 process_session=d07272a8-dde8-45ce-b334-ece23b7b3f65 uptime_ns=1430863635020916
2026-09-14T13:25:23.181Z meeting_mic_capture_starting requested_mode=raw default_input=present default_input_transport=bluetooth process_id=54138 process_session=d07272a8-dde8-45ce-b334-ece23b7b3f65 uptime_ns=1430863777517083
2026-09-14T13:25:24.847Z shared_mic_engine_input_device_start_failed source=system_default device=present transport=bluetooth set_device_ms=0.000 error_type=AVAudioEngineMicrophonePlatformError.initialReadinessTimedOut bridged_error_code=2 process_id=54138 process_session=d07272a8-dde8-45ce-b334-ece23b7b3f65 uptime_ns=1430865443797333
2026-09-14T13:25:24.962Z shared_mic_engine_input_device_start_failed source=built_in device=present transport=built-in set_device_ms=100.698 error_type=com.apple.coreaudio.avfaudio.-10868 bridged_error_code=-10868 process_id=54138 process_session=d07272a8-dde8-45ce-b334-ece23b7b3f65 uptime_ns=1430865558553541
2026-09-14T13:25:24.963Z shared_mic_diagnostics transition=subscribe_failed wants_vpio=false blocks_vpio_promotion=true subscribers=0 vpio_subs=0 passive_subs=0 engine_running=false vpio_engaged=false vpio_deferred=false vpio_deferral_count=0 process_id=54138 process_session=d07272a8-dde8-45ce-b334-ece23b7b3f65 uptime_ns=1430865559260041
2026-09-14T13:25:24.963Z meeting_mic_capture_start_failed mode=raw error_type=SubscribeError.engineStartFailed.com.apple.coreaudio.avfaudio.-10868 bridged_error_code=0 process_id=54138 process_session=d07272a8-dde8-45ce-b334-ece23b7b3f65 uptime_ns=1430865559862166
2026-09-14T13:25:31.586Z dictation_diagnostics_session_start pid=32896 version=0.8.0 build=20260909173236 source=dist-xcodebuild-release commit=1cc48e726ad4 process_id=32896 process_session=2a5fa003-cf9b-499a-a27e-56421726e79f uptime_ns=1430872182287416
2026-09-14T13:25:32.215Z shared_mic_engine_prepare_skipped reason=bluetooth_or_unresolved_route process_id=32896 process_session=2a5fa003-cf9b-499a-a27e-56421726e79f uptime_ns=1430872811788541
2026-09-14T13:25:42.772Z meeting_mic_capture_starting requested_mode=raw default_input=present default_input_transport=bluetooth process_id=32896 process_session=2a5fa003-cf9b-499a-a27e-56421726e79f uptime_ns=1430883368992916
2026-09-14T13:25:44.519Z shared_mic_engine_input_device_start_failed source=system_default device=present transport=bluetooth set_device_ms=0.000 error_type=AVAudioEngineMicrophonePlatformError.initialReadinessTimedOut bridged_error_code=2 process_id=32896 process_session=2a5fa003-cf9b-499a-a27e-56421726e79f uptime_ns=1430885115912625
2026-09-14T13:25:44.642Z shared_mic_engine_input_device_start_failed source=built_in device=present transport=built-in set_device_ms=104.351 error_type=com.apple.coreaudio.avfaudio.-10868 bridged_error_code=-10868 process_id=32896 process_session=2a5fa003-cf9b-499a-a27e-56421726e79f uptime_ns=1430885238454625
2026-09-14T13:25:44.643Z shared_mic_diagnostics transition=subscribe_failed wants_vpio=false blocks_vpio_promotion=true subscribers=0 vpio_subs=0 passive_subs=0 engine_running=false vpio_engaged=false vpio_deferred=false vpio_deferral_count=0 process_id=32896 process_session=2a5fa003-cf9b-499a-a27e-56421726e79f uptime_ns=1430885239235250
2026-09-14T13:25:44.643Z meeting_mic_capture_start_failed mode=raw error_type=SubscribeError.engineStartFailed.com.apple.coreaudio.avfaudio.-10868 bridged_error_code=0 process_id=32896 process_session=2a5fa003-cf9b-499a-a27e-56421726e79f uptime_ns=1430885239976625
2026-09-14T13:25:46.738Z shared_mic_engine_prepare_skipped reason=bluetooth_or_unresolved_route process_id=32896 process_session=2a5fa003-cf9b-499a-a27e-56421726e79f uptime_ns=1430887334715750
2026-09-14T13:25:46.906Z meeting_mic_capture_starting requested_mode=raw default_input=present default_input_transport=bluetooth process_id=32896 process_session=2a5fa003-cf9b-499a-a27e-56421726e79f uptime_ns=1430887502110333
2026-09-14T13:25:46.993Z shared_mic_engine_input_device_start_failed source=selected device=present transport=bluetooth set_device_ms=70.276 error_type=com.apple.coreaudio.avfaudio.-10868 bridged_error_code=-10868 process_id=32896 process_session=2a5fa003-cf9b-499a-a27e-56421726e79f uptime_ns=1430887589427416
2026-09-14T13:25:47.964Z shared_mic_engine_start_timing vpio=false buffer_size=4096 set_vpio_ms=0.005 ducking_ms=0.000 output_format_ms=2.020 install_tap_ms=0.005 audio_engine_start_ms=39.560 total_ms=970.306 process_id=32896 process_session=2a5fa003-cf9b-499a-a27e-56421726e79f uptime_ns=1430888560496916
2026-09-14T13:25:47.966Z shared_mic_engine_input_device_started source=system_default device=present transport=bluetooth vpio=false set_device_ms=0.000 start_engine_ms=972.285 process_id=32896 process_session=2a5fa003-cf9b-499a-a27e-56421726e79f uptime_ns=1430888562437458
2026-09-14T13:25:47.967Z shared_mic_diagnostics transition=subscribe wants_vpio=false blocks_vpio_promotion=true subscribers=1 vpio_subs=0 passive_subs=0 engine_running=true vpio_engaged=false vpio_deferred=false vpio_deferral_count=0 process_id=32896 process_session=2a5fa003-cf9b-499a-a27e-56421726e79f uptime_ns=1430888563905458
2026-09-14T13:25:47.968Z shared_mic_engine_configuration_changed sr=16000.0 ch=1 isRunning=true engine_is_running=true default_input=present default_input_transport=bluetooth process_id=32896 process_session=2a5fa003-cf9b-499a-a27e-56421726e79f uptime_ns=1430888564219250
2026-09-14T13:25:47.969Z meeting_mic_processing mode=raw process_id=32896 process_session=2a5fa003-cf9b-499a-a27e-56421726e79f uptime_ns=1430888565753416
2026-09-14T13:25:47.975Z meeting_mic_capture_started requested_mode=raw effective_mode=raw sr=16000.0 ch=1 default_input=present default_input_transport=bluetooth process_id=32896 process_session=2a5fa003-cf9b-499a-a27e-56421726e79f uptime_ns=1430888571696500
2026-09-14T13:25:47.975Z meeting_mic_first_buffer sr=16000.0 ch=1 interleaved=false process_id=32896 process_session=2a5fa003-cf9b-499a-a27e-56421726e79f uptime_ns=1430888571611125
2026-09-14T13:25:50.094Z shared_mic_engine_stopped process_id=32896 process_session=2a5fa003-cf9b-499a-a27e-56421726e79f uptime_ns=1430890690173166
2026-09-14T13:25:50.095Z shared_mic_diagnostics transition=unsubscribe wants_vpio=n/a blocks_vpio_promotion=n/a subscribers=0 vpio_subs=0 passive_subs=0 engine_running=false vpio_engaged=false vpio_deferred=false vpio_deferral_count=0 process_id=32896 process_session=2a5fa003-cf9b-499a-a27e-56421726e79f uptime_ns=1430890691369166
2026-09-14T13:25:50.096Z meeting_mic_capture_stopped default_input=present default_input_transport=bluetooth process_id=32896 process_session=2a5fa003-cf9b-499a-a27e-56421726e79f uptime_ns=1430890692241583
2026-09-14T13:25:50.100Z shared_mic_engine_prepare_skipped reason=bluetooth_or_unresolved_route process_id=32896 process_session=2a5fa003-cf9b-499a-a27e-56421726e79f uptime_ns=1430890696037083
2026-09-14T13:32:05.648Z meeting_live_chunking_mode session=9878DAE0-0FCA-431D-8C96-BC59BE11C0E3 mode=vad reason=started process_id=32896 process_session=2a5fa003-cf9b-499a-a27e-56421726e79f uptime_ns=1431266243081458
2026-09-14T13:32:05.683Z meeting_mic_capture_starting requested_mode=raw default_input=present default_input_transport=bluetooth process_id=32896 process_session=2a5fa003-cf9b-499a-a27e-56421726e79f uptime_ns=1431266277972958
2026-09-14T13:32:06.059Z shared_mic_engine_start_timing vpio=false buffer_size=4096 set_vpio_ms=0.008 ducking_ms=0.000 output_format_ms=0.453 install_tap_ms=0.004 audio_engine_start_ms=35.824 total_ms=296.747 process_id=32896 process_session=2a5fa003-cf9b-499a-a27e-56421726e79f uptime_ns=1431266654562583
2026-09-14T13:32:06.061Z shared_mic_engine_input_device_started source=selected device=present transport=bluetooth vpio=false set_device_ms=74.903 start_engine_ms=298.426 process_id=32896 process_session=2a5fa003-cf9b-499a-a27e-56421726e79f uptime_ns=1431266656163791
2026-09-14T13:32:06.062Z shared_mic_diagnostics transition=subscribe wants_vpio=false blocks_vpio_promotion=true subscribers=1 vpio_subs=0 passive_subs=0 engine_running=true vpio_engaged=false vpio_deferred=false vpio_deferral_count=0 process_id=32896 process_session=2a5fa003-cf9b-499a-a27e-56421726e79f uptime_ns=1431266657048291
2026-09-14T13:32:06.062Z shared_mic_engine_configuration_changed sr=16000.0 ch=1 isRunning=true engine_is_running=true default_input=present default_input_transport=bluetooth process_id=32896 process_session=2a5fa003-cf9b-499a-a27e-56421726e79f uptime_ns=1431266657280416
2026-09-14T13:32:06.063Z meeting_mic_processing mode=raw process_id=32896 process_session=2a5fa003-cf9b-499a-a27e-56421726e79f uptime_ns=1431266657775250
2026-09-14T13:32:06.063Z meeting_mic_first_buffer sr=16000.0 ch=1 interleaved=false process_id=32896 process_session=2a5fa003-cf9b-499a-a27e-56421726e79f uptime_ns=1431266658147791
2026-09-14T13:32:06.063Z meeting_mic_capture_started requested_mode=raw effective_mode=raw sr=16000.0 ch=1 default_input=present default_input_transport=bluetooth process_id=32896 process_session=2a5fa003-cf9b-499a-a27e-56421726e79f uptime_ns=1431266658380208
2026-09-14T13:32:06.200Z system_audio_stream_screen_output_attached mode=discard process_id=32896 process_session=2a5fa003-cf9b-499a-a27e-56421726e79f uptime_ns=1431266795157708
2026-09-14T13:32:06.323Z system_audio_stream_started sr=48000 ch=2 process_id=32896 process_session=2a5fa003-cf9b-499a-a27e-56421726e79f uptime_ns=1431266917919750
2026-09-14T13:32:06.324Z meeting_recording_started session=9878DAE0-0FCA-431D-8C96-BC59BE11C0E3 source_mode=Optional(MacParakeetCore.MeetingAudioSourceMode.microphoneAndSystem) requested_mic_mode=raw effective_mic_mode=raw process_id=32896 process_session=2a5fa003-cf9b-499a-a27e-56421726e79f uptime_ns=1431266918948750
2026-09-14T13:32:06.345Z system_audio_stream_first_buffer sr=48000 ch=2 process_id=32896 process_session=2a5fa003-cf9b-499a-a27e-56421726e79f uptime_ns=1431266939759333
2026-09-14T13:32:11.060Z shared_mic_engine_zero_filled zero_filled_s=2.300 engine_is_running=true process_id=32896 process_session=2a5fa003-cf9b-499a-a27e-56421726e79f uptime_ns=1431271655310250
2026-09-14T13:32:11.062Z shared_mic_engine_config_change_recovery_attempt attempt=1 trigger=zero_filled process_id=32896 process_session=2a5fa003-cf9b-499a-a27e-56421726e79f uptime_ns=1431271657054041
2026-09-14T13:32:11.735Z shared_mic_engine_start_timing vpio=false buffer_size=4096 set_vpio_ms=0.003 ducking_ms=0.000 output_format_ms=0.397 install_tap_ms=0.005 audio_engine_start_ms=35.376 total_ms=555.266 process_id=32896 process_session=2a5fa003-cf9b-499a-a27e-56421726e79f uptime_ns=1431272330236458
2026-09-14T13:32:11.746Z shared_mic_engine_input_device_started source=selected device=present transport=bluetooth vpio=false set_device_ms=86.592 start_engine_ms=566.086 process_id=32896 process_session=2a5fa003-cf9b-499a-a27e-56421726e79f uptime_ns=1431272341015083
2026-09-14T13:32:11.747Z shared_mic_engine_config_change_recovery_ready attempt=1 trigger=zero_filled process_id=32896 process_session=2a5fa003-cf9b-499a-a27e-56421726e79f uptime_ns=1431272342117833
2026-09-14T13:32:11.749Z shared_mic_engine_configuration_changed sr=16000.0 ch=1 isRunning=true engine_is_running=true default_input=present default_input_transport=bluetooth process_id=32896 process_session=2a5fa003-cf9b-499a-a27e-56421726e79f uptime_ns=1431272344071500
2026-09-14T13:32:17.737Z shared_mic_engine_config_change_recovery_succeeded episode=7 process_id=32896 process_session=2a5fa003-cf9b-499a-a27e-56421726e79f uptime_ns=1431278331665750
2026-09-14T13:32:19.736Z shared_mic_engine_zero_filled zero_filled_s=2.560 engine_is_running=true process_id=32896 process_session=2a5fa003-cf9b-499a-a27e-56421726e79f uptime_ns=1431280331285416
2026-09-14T13:32:19.741Z shared_mic_engine_config_change_recovery_attempt attempt=1 trigger=zero_filled process_id=32896 process_session=2a5fa003-cf9b-499a-a27e-56421726e79f uptime_ns=1431280336340208
2026-09-14T13:32:20.945Z shared_mic_engine_input_device_start_failed source=selected device=present transport=bluetooth set_device_ms=101.583 error_type=AVAudioEngineMicrophonePlatformError.initialReadinessTimedOut bridged_error_code=2 process_id=32896 process_session=2a5fa003-cf9b-499a-a27e-56421726e79f uptime_ns=1431281540259375
2026-09-14T13:32:21.603Z shared_mic_engine_start_timing vpio=false buffer_size=4096 set_vpio_ms=0.006 ducking_ms=0.000 output_format_ms=0.007 install_tap_ms=0.005 audio_engine_start_ms=45.579 total_ms=655.986 process_id=32896 process_session=2a5fa003-cf9b-499a-a27e-56421726e79f uptime_ns=1431282198125916
2026-09-14T13:32:21.607Z shared_mic_engine_input_device_started source=system_default device=present transport=bluetooth vpio=false set_device_ms=0.000 start_engine_ms=660.209 process_id=32896 process_session=2a5fa003-cf9b-499a-a27e-56421726e79f uptime_ns=1431282202195833
2026-09-14T13:32:21.609Z shared_mic_engine_config_change_recovery_ready attempt=1 trigger=zero_filled process_id=32896 process_session=2a5fa003-cf9b-499a-a27e-56421726e79f uptime_ns=1431282204291458
2026-09-14T13:32:27.604Z shared_mic_engine_config_change_recovery_succeeded episode=8 process_id=32896 process_session=2a5fa003-cf9b-499a-a27e-56421726e79f uptime_ns=1431288199044625
2026-09-14T13:32:36.604Z shared_mic_engine_zero_filled zero_filled_s=2.800 engine_is_running=true process_id=32896 process_session=2a5fa003-cf9b-499a-a27e-56421726e79f uptime_ns=1431297199143833
2026-09-14T13:32:36.606Z shared_mic_engine_config_change_recovery_attempt attempt=1 trigger=zero_filled process_id=32896 process_session=2a5fa003-cf9b-499a-a27e-56421726e79f uptime_ns=1431297200880625
2026-09-14T13:32:37.767Z shared_mic_engine_input_device_start_failed source=selected device=present transport=bluetooth set_device_ms=75.928 error_type=AVAudioEngineMicrophonePlatformError.initialReadinessTimedOut bridged_error_code=2 process_id=32896 process_session=2a5fa003-cf9b-499a-a27e-56421726e79f uptime_ns=1431298361644208
2026-09-14T13:32:38.899Z shared_mic_engine_input_device_start_failed source=system_default device=present transport=bluetooth set_device_ms=0.000 error_type=AVAudioEngineMicrophonePlatformError.initialReadinessTimedOut bridged_error_code=2 process_id=32896 process_session=2a5fa003-cf9b-499a-a27e-56421726e79f uptime_ns=1431299493999500
2026-09-14T13:32:39.013Z shared_mic_engine_input_device_start_failed source=built_in device=present transport=built-in set_device_ms=99.670 error_type=com.apple.coreaudio.avfaudio.-10868 bridged_error_code=-10868 process_id=32896 process_session=2a5fa003-cf9b-499a-a27e-56421726e79f uptime_ns=1431299607520083
2026-09-14T13:32:39.013Z shared_mic_engine_config_change_recovery_failed attempt=1 trigger=zero_filled error_type=com.apple.coreaudio.avfaudio.-10868 bridged_error_code=-10868 process_id=32896 process_session=2a5fa003-cf9b-499a-a27e-56421726e79f uptime_ns=1431299608314458
2026-09-14T13:32:39.014Z shared_mic_engine_config_change_recovery_scheduled retry=1 delay_s=0.5 trigger=backoff process_id=32896 process_session=2a5fa003-cf9b-499a-a27e-56421726e79f uptime_ns=1431299608792041
2026-09-14T13:32:39.545Z shared_mic_engine_config_change_recovery_attempt attempt=2 trigger=backoff process_id=32896 process_session=2a5fa003-cf9b-499a-a27e-56421726e79f uptime_ns=1431300139916666
2026-09-14T13:32:39.960Z shared_mic_engine_start_timing vpio=false buffer_size=4096 set_vpio_ms=0.006 ducking_ms=0.000 output_format_ms=0.527 install_tap_ms=0.006 audio_engine_start_ms=39.671 total_ms=298.496 process_id=32896 process_session=2a5fa003-cf9b-499a-a27e-56421726e79f uptime_ns=1431300554577000
2026-09-14T13:32:39.965Z shared_mic_engine_input_device_started source=selected device=present transport=bluetooth vpio=false set_device_ms=101.613 start_engine_ms=303.997 process_id=32896 process_session=2a5fa003-cf9b-499a-a27e-56421726e79f uptime_ns=1431300559956000
2026-09-14T13:32:39.967Z shared_mic_engine_config_change_recovery_ready attempt=2 trigger=backoff process_id=32896 process_session=2a5fa003-cf9b-499a-a27e-56421726e79f uptime_ns=1431300561859000
2026-09-14T13:32:39.979Z shared_mic_engine_configuration_changed sr=16000.0 ch=1 isRunning=true engine_is_running=true default_input=present default_input_transport=bluetooth process_id=32896 process_session=2a5fa003-cf9b-499a-a27e-56421726e79f uptime_ns=1431300573918833
2026-09-14T13:32:43.960Z shared_mic_engine_zero_filled zero_filled_s=2.040 engine_is_running=true process_id=32896 process_session=2a5fa003-cf9b-499a-a27e-56421726e79f uptime_ns=1431304555388625
2026-09-14T13:32:43.988Z shared_mic_engine_config_change_recovery_scheduled retry=2 delay_s=1.0 trigger=backoff process_id=32896 process_session=2a5fa003-cf9b-499a-a27e-56421726e79f uptime_ns=1431304582988458
2026-09-14T13:32:44.990Z shared_mic_engine_config_change_recovery_attempt attempt=3 trigger=backoff process_id=32896 process_session=2a5fa003-cf9b-499a-a27e-56421726e79f uptime_ns=1431305584622166
2026-09-14T13:32:45.915Z shared_mic_engine_start_timing vpio=false buffer_size=4096 set_vpio_ms=0.009 ducking_ms=0.000 output_format_ms=0.509 install_tap_ms=0.005 audio_engine_start_ms=40.521 total_ms=819.924 process_id=32896 process_session=2a5fa003-cf9b-499a-a27e-56421726e79f uptime_ns=1431306510427041
2026-09-14T13:32:45.918Z shared_mic_engine_input_device_started source=selected device=present transport=bluetooth vpio=false set_device_ms=89.404 start_engine_ms=822.508 process_id=32896 process_session=2a5fa003-cf9b-499a-a27e-56421726e79f uptime_ns=1431306512933750
2026-09-14T13:32:45.919Z shared_mic_engine_config_change_recovery_ready attempt=3 trigger=backoff process_id=32896 process_session=2a5fa003-cf9b-499a-a27e-56421726e79f uptime_ns=1431306514277833
2026-09-14T13:32:45.921Z shared_mic_engine_configuration_changed sr=16000.0 ch=1 isRunning=true engine_is_running=true default_input=present default_input_transport=bluetooth process_id=32896 process_session=2a5fa003-cf9b-499a-a27e-56421726e79f uptime_ns=1431306515999708
2026-09-14T13:32:48.917Z shared_mic_engine_zero_filled zero_filled_s=2.560 engine_is_running=true process_id=32896 process_session=2a5fa003-cf9b-499a-a27e-56421726e79f uptime_ns=1431309511514666
2026-09-14T13:32:48.943Z shared_mic_engine_config_change_recovery_scheduled retry=3 delay_s=2.0 trigger=backoff process_id=32896 process_session=2a5fa003-cf9b-499a-a27e-56421726e79f uptime_ns=1431309537614458
2026-09-14T13:32:50.959Z shared_mic_engine_config_change_recovery_attempt attempt=4 trigger=backoff process_id=32896 process_session=2a5fa003-cf9b-499a-a27e-56421726e79f uptime_ns=1431311553554875
2026-09-14T13:32:52.134Z shared_mic_engine_input_device_start_failed source=selected device=present transport=bluetooth set_device_ms=88.547 error_type=AVAudioEngineMicrophonePlatformError.initialReadinessTimedOut bridged_error_code=2 process_id=32896 process_session=2a5fa003-cf9b-499a-a27e-56421726e79f uptime_ns=1431312728759291
2026-09-14T13:32:52.505Z shared_mic_engine_start_timing vpio=false buffer_size=4096 set_vpio_ms=0.006 ducking_ms=0.000 output_format_ms=0.009 install_tap_ms=0.005 audio_engine_start_ms=41.303 total_ms=369.930 process_id=32896 process_session=2a5fa003-cf9b-499a-a27e-56421726e79f uptime_ns=1431313100044750
2026-09-14T13:32:52.507Z shared_mic_engine_input_device_started source=system_default device=present transport=bluetooth vpio=false set_device_ms=0.000 start_engine_ms=371.611 process_id=32896 process_session=2a5fa003-cf9b-499a-a27e-56421726e79f uptime_ns=1431313101652708
2026-09-14T13:32:52.509Z shared_mic_engine_config_change_recovery_ready attempt=4 trigger=backoff process_id=32896 process_session=2a5fa003-cf9b-499a-a27e-56421726e79f uptime_ns=1431313104043208
2026-09-14T13:32:58.506Z shared_mic_engine_zero_filled zero_filled_s=2.320 engine_is_running=true process_id=32896 process_session=2a5fa003-cf9b-499a-a27e-56421726e79f uptime_ns=1431319101059375
2026-09-14T13:32:58.535Z shared_mic_engine_config_change_recovery_scheduled retry=4 delay_s=4.0 trigger=backoff process_id=32896 process_session=2a5fa003-cf9b-499a-a27e-56421726e79f uptime_ns=1431319130343166
2026-09-14T13:33:02.569Z shared_mic_engine_config_change_recovery_attempt attempt=5 trigger=backoff process_id=32896 process_session=2a5fa003-cf9b-499a-a27e-56421726e79f uptime_ns=1431323163471750
2026-09-14T13:33:03.728Z shared_mic_engine_input_device_start_failed source=selected device=present transport=bluetooth set_device_ms=89.572 error_type=AVAudioEngineMicrophonePlatformError.initialReadinessTimedOut bridged_error_code=2 process_id=32896 process_session=2a5fa003-cf9b-499a-a27e-56421726e79f uptime_ns=1431324323193125
2026-09-14T13:33:04.871Z shared_mic_engine_input_device_start_failed source=system_default device=present transport=bluetooth set_device_ms=0.000 error_type=AVAudioEngineMicrophonePlatformError.initialReadinessTimedOut bridged_error_code=2 process_id=32896 process_session=2a5fa003-cf9b-499a-a27e-56421726e79f uptime_ns=1431325465738000
2026-09-14T13:33:04.976Z shared_mic_engine_input_device_start_failed source=built_in device=present transport=built-in set_device_ms=91.540 error_type=com.apple.coreaudio.avfaudio.-10868 bridged_error_code=-10868 process_id=32896 process_session=2a5fa003-cf9b-499a-a27e-56421726e79f uptime_ns=1431325571174500
2026-09-14T13:33:04.977Z shared_mic_engine_config_change_recovery_failed attempt=5 trigger=backoff error_type=com.apple.coreaudio.avfaudio.-10868 bridged_error_code=-10868 process_id=32896 process_session=2a5fa003-cf9b-499a-a27e-56421726e79f uptime_ns=1431325571940250
2026-09-14T13:33:04.978Z shared_mic_engine_config_change_recovery_scheduled retry=5 delay_s=8.0 trigger=backoff process_id=32896 process_session=2a5fa003-cf9b-499a-a27e-56421726e79f uptime_ns=1431325572467208
2026-09-14T13:33:13.007Z shared_mic_engine_config_change_recovery_attempt attempt=6 trigger=backoff process_id=32896 process_session=2a5fa003-cf9b-499a-a27e-56421726e79f uptime_ns=1431333602286416
2026-09-14T13:33:14.170Z shared_mic_engine_input_device_start_failed source=selected device=present transport=bluetooth set_device_ms=89.575 error_type=AVAudioEngineMicrophonePlatformError.initialReadinessTimedOut bridged_error_code=2 process_id=32896 process_session=2a5fa003-cf9b-499a-a27e-56421726e79f uptime_ns=1431334764910541
2026-09-14T13:33:15.321Z shared_mic_engine_input_device_start_failed source=system_default device=present transport=bluetooth set_device_ms=0.000 error_type=AVAudioEngineMicrophonePlatformError.initialReadinessTimedOut bridged_error_code=2 process_id=32896 process_session=2a5fa003-cf9b-499a-a27e-56421726e79f uptime_ns=1431335916080125
2026-09-14T13:33:15.427Z shared_mic_engine_input_device_start_failed source=built_in device=present transport=built-in set_device_ms=91.912 error_type=com.apple.coreaudio.avfaudio.-10868 bridged_error_code=-10868 process_id=32896 process_session=2a5fa003-cf9b-499a-a27e-56421726e79f uptime_ns=1431336021411875
2026-09-14T13:33:15.427Z shared_mic_engine_config_change_recovery_failed attempt=6 trigger=backoff error_type=com.apple.coreaudio.avfaudio.-10868 bridged_error_code=-10868 process_id=32896 process_session=2a5fa003-cf9b-499a-a27e-56421726e79f uptime_ns=1431336022220791
2026-09-14T13:33:15.428Z shared_mic_engine_config_change_recovery_scheduled retry=6 delay_s=16.0 trigger=backoff process_id=32896 process_session=2a5fa003-cf9b-499a-a27e-56421726e79f uptime_ns=1431336022713958
2026-09-14T13:33:31.445Z shared_mic_engine_config_change_recovery_attempt attempt=7 trigger=backoff process_id=32896 process_session=2a5fa003-cf9b-499a-a27e-56421726e79f uptime_ns=1431352039948250
2026-09-14T13:33:32.603Z shared_mic_engine_input_device_start_failed source=selected device=present transport=bluetooth set_device_ms=88.367 error_type=AVAudioEngineMicrophonePlatformError.initialReadinessTimedOut bridged_error_code=2 process_id=32896 process_session=2a5fa003-cf9b-499a-a27e-56421726e79f uptime_ns=1431353197754291
2026-09-14T13:33:33.750Z shared_mic_engine_input_device_start_failed source=system_default device=present transport=bluetooth set_device_ms=0.000 error_type=AVAudioEngineMicrophonePlatformError.initialReadinessTimedOut bridged_error_code=2 process_id=32896 process_session=2a5fa003-cf9b-499a-a27e-56421726e79f uptime_ns=1431354345218875
2026-09-14T13:33:33.855Z shared_mic_engine_input_device_start_failed source=built_in device=present transport=built-in set_device_ms=92.069 error_type=com.apple.coreaudio.avfaudio.-10868 bridged_error_code=-10868 process_id=32896 process_session=2a5fa003-cf9b-499a-a27e-56421726e79f uptime_ns=1431354450213000
2026-09-14T13:33:33.856Z shared_mic_engine_config_change_recovery_failed attempt=7 trigger=backoff error_type=com.apple.coreaudio.avfaudio.-10868 bridged_error_code=-10868 process_id=32896 process_session=2a5fa003-cf9b-499a-a27e-56421726e79f uptime_ns=1431354450964416
2026-09-14T13:33:33.857Z shared_mic_engine_config_change_recovery_exhausted attempts=7 process_id=32896 process_session=2a5fa003-cf9b-499a-a27e-56421726e79f uptime_ns=1431354451496583
2026-09-14T13:33:33.858Z shared_mic_diagnostics transition=platform_engine_dead wants_vpio=n/a blocks_vpio_promotion=n/a subscribers=0 vpio_subs=0 passive_subs=0 engine_running=false vpio_engaged=false vpio_deferred=false vpio_deferral_count=0 process_id=32896 process_session=2a5fa003-cf9b-499a-a27e-56421726e79f uptime_ns=1431354452707208
2026-09-14T13:33:33.859Z meeting_capture_source_interrupted source=microphone error_type=MeetingAudioError.captureRuntimeFailure bridged_error_code=5 process_id=32896 process_session=2a5fa003-cf9b-499a-a27e-56421726e79f uptime_ns=1431354453348333
2026-09-14T14:02:09.982Z meeting_stop_stage session=9878DAE0-0FCA-431D-8C96-BC59BE11C0E3 stage=notes_commit duration_ms=1 outcome=success process_id=32896 process_session=2a5fa003-cf9b-499a-a27e-56421726e79f uptime_ns=1433070592491458
2026-09-14T14:02:09.984Z meeting_recording_stopping session=9878DAE0-0FCA-431D-8C96-BC59BE11C0E3 process_id=32896 process_session=2a5fa003-cf9b-499a-a27e-56421726e79f uptime_ns=1433070593825125
2026-09-14T14:02:09.985Z shared_mic_diagnostics transition=unsubscribe wants_vpio=n/a blocks_vpio_promotion=n/a subscribers=0 vpio_subs=0 passive_subs=0 engine_running=false vpio_engaged=false vpio_deferred=false vpio_deferral_count=0 process_id=32896 process_session=2a5fa003-cf9b-499a-a27e-56421726e79f uptime_ns=1433070594607958
2026-09-14T14:02:09.985Z meeting_mic_capture_stopped default_input=present default_input_transport=bluetooth process_id=32896 process_session=2a5fa003-cf9b-499a-a27e-56421726e79f uptime_ns=1433070595464125
2026-09-14T14:02:10.029Z system_audio_stream_stopped outcome=completed process_id=32896 process_session=2a5fa003-cf9b-499a-a27e-56421726e79f uptime_ns=1433070638918083
2026-09-14T14:02:10.031Z meeting_stop_stage session=9878DAE0-0FCA-431D-8C96-BC59BE11C0E3 stage=capture_stop duration_ms=47 outcome=success process_id=32896 process_session=2a5fa003-cf9b-499a-a27e-56421726e79f uptime_ns=1433070641171541
2026-09-14T14:02:10.043Z meeting_stop_stage session=9878DAE0-0FCA-431D-8C96-BC59BE11C0E3 stage=processing_drain duration_ms=11 outcome=success process_id=32896 process_session=2a5fa003-cf9b-499a-a27e-56421726e79f uptime_ns=1433070653416458
2026-09-14T14:02:10.056Z meeting_stop_stage session=9878DAE0-0FCA-431D-8C96-BC59BE11C0E3 stage=writer_finalize duration_ms=12 outcome=success process_id=32896 process_session=2a5fa003-cf9b-499a-a27e-56421726e79f uptime_ns=1433070666082333
2026-09-14T14:02:10.067Z meeting_stop_stage session=9878DAE0-0FCA-431D-8C96-BC59BE11C0E3 stage=source_urls duration_ms=11 outcome=success process_id=32896 process_session=2a5fa003-cf9b-499a-a27e-56421726e79f uptime_ns=1433070677490375
2026-09-14T14:02:10.069Z meeting_stop_stage session=9878DAE0-0FCA-431D-8C96-BC59BE11C0E3 stage=metadata_save duration_ms=1 outcome=success process_id=32896 process_session=2a5fa003-cf9b-499a-a27e-56421726e79f uptime_ns=1433070679533583
2026-09-14T14:02:24.457Z meeting_stop_stage session=9878DAE0-0FCA-431D-8C96-BC59BE11C0E3 stage=mix duration_ms=14387 outcome=success process_id=32896 process_session=2a5fa003-cf9b-499a-a27e-56421726e79f uptime_ns=1433085067102291
2026-09-14T14:02:24.458Z meeting_stop_stage session=9878DAE0-0FCA-431D-8C96-BC59BE11C0E3 stage=notes_write duration_ms=0 outcome=success process_id=32896 process_session=2a5fa003-cf9b-499a-a27e-56421726e79f uptime_ns=1433085067980458
2026-09-14T14:02:24.459Z meeting_stop_stage session=9878DAE0-0FCA-431D-8C96-BC59BE11C0E3 stage=lock_write duration_ms=1 outcome=success process_id=32896 process_session=2a5fa003-cf9b-499a-a27e-56421726e79f uptime_ns=1433085069193375
2026-09-14T14:02:24.460Z meeting_cleaned_mic session=9878DAE0-0FCA-431D-8C96-BC59BE11C0E3 outcome=scheduled process_id=32896 process_session=2a5fa003-cf9b-499a-a27e-56421726e79f uptime_ns=1433085069906166
2026-09-14T14:02:24.460Z meeting_stop_stage session=9878DAE0-0FCA-431D-8C96-BC59BE11C0E3 stage=cleaned_mic_schedule duration_ms=1 outcome=success process_id=32896 process_session=2a5fa003-cf9b-499a-a27e-56421726e79f uptime_ns=1433085070400375
2026-09-14T14:02:24.461Z meeting_stop_stage session=9878DAE0-0FCA-431D-8C96-BC59BE11C0E3 stage=cleanup duration_ms=0 outcome=success process_id=32896 process_session=2a5fa003-cf9b-499a-a27e-56421726e79f uptime_ns=1433085070823041
2026-09-14T14:02:24.461Z meeting_recording_stopped session=9878DAE0-0FCA-431D-8C96-BC59BE11C0E3 duration_s=1804.134 process_id=32896 process_session=2a5fa003-cf9b-499a-a27e-56421726e79f uptime_ns=1433085071248958
2026-09-14T14:02:24.462Z meeting_recording_health session=9878DAE0-0FCA-431D-8C96-BC59BE11C0E3 duration_s=1803.660 captured_duration_s=1804.157 capture_quality=partial source_mode=microphone_and_system mic_started=true requested_mic_mode=raw effective_mic_mode=raw mic_first_buffer=true system_first_buffer=true mic_bytes=86603 system_bytes=14464911 mixed_bytes=28983426 mic_frames=663504 system_frames=86575680 mic_coverage=0.008 system_coverage=1.000 mic_capture_status=interrupted system_capture_status=complete mic_chunks_enqueued=0 system_chunks_enqueued=211 mic_chunks_low_signal_dropped=0 system_chunks_low_signal_dropped=0 mic_chunks_system_dominant_dropped=0 mic_peak_level=0.037 system_peak_level=0.869 system_signal=present backpressure_drops=0 transcription_failures=0 interrupted_sources=microphone capture_failed=false process_id=32896 process_session=2a5fa003-cf9b-499a-a27e-56421726e79f uptime_ns=1433085072553333
2026-09-14T14:02:24.463Z meeting_echo_suppression_summary session=9878DAE0-0FCA-431D-8C96-BC59BE11C0E3 processor=localvqe loaded=true mic_frames=864 processed_frames=864 raw_fallback_frames=0 full_reference_frames=864 partial_reference_frames=0 missing_reference_frames=0 processing_failures=0 current_delay_samples=0 delay_confidence=0.000 delay_estimate_count=0 rejected_delay_estimates=27 process_id=32896 process_session=2a5fa003-cf9b-499a-a27e-56421726e79f uptime_ns=1433085073263458
2026-09-14T14:02:24.464Z meeting_stop_stage session=9878DAE0-0FCA-431D-8C96-BC59BE11C0E3 stage=service_total duration_ms=14480 outcome=success process_id=32896 process_session=2a5fa003-cf9b-499a-a27e-56421726e79f uptime_ns=1433085073872166
2026-09-14T14:02:24.464Z meeting_stop_stage session=9878DAE0-0FCA-431D-8C96-BC59BE11C0E3 stage=service_stop duration_ms=14481 outcome=success process_id=32896 process_session=2a5fa003-cf9b-499a-a27e-56421726e79f uptime_ns=1433085074415041
2026-09-14T14:02:24.469Z meeting_stop_stage session=9878DAE0-0FCA-431D-8C96-BC59BE11C0E3 stage=prepare_row duration_ms=4 outcome=success process_id=32896 process_session=2a5fa003-cf9b-499a-a27e-56421726e79f uptime_ns=1433085079104916
2026-09-14T14:02:24.470Z meeting_stop_stage session=9878DAE0-0FCA-431D-8C96-BC59BE11C0E3 stage=queue_enqueue duration_ms=0 outcome=success process_id=32896 process_session=2a5fa003-cf9b-499a-a27e-56421726e79f uptime_ns=1433085080126583
2026-09-14T14:02:24.471Z meeting_stop_stage session=9878DAE0-0FCA-431D-8C96-BC59BE11C0E3 stage=queued_total duration_ms=14490 outcome=success process_id=32896 process_session=2a5fa003-cf9b-499a-a27e-56421726e79f uptime_ns=1433085081198875
2026-09-14T14:02:24.476Z meeting_transcription_queue_stage session=9878DAE0-0FCA-431D-8C96-BC59BE11C0E3 transcription=63F972F6-C15E-4D23-AD57-0CFD1731B4D5 stage=prepare_row outcome=started process_id=32896 process_session=2a5fa003-cf9b-499a-a27e-56421726e79f uptime_ns=1433085085603666
2026-09-14T14:02:24.480Z meeting_transcription_queue_stage session=9878DAE0-0FCA-431D-8C96-BC59BE11C0E3 transcription=63F972F6-C15E-4D23-AD57-0CFD1731B4D5 stage=prepare_row outcome=success duration_s=0.004 process_id=32896 process_session=2a5fa003-cf9b-499a-a27e-56421726e79f uptime_ns=1433085090042666
2026-09-14T14:02:24.480Z meeting_transcription_queue_stage session=9878DAE0-0FCA-431D-8C96-BC59BE11C0E3 transcription=63F972F6-C15E-4D23-AD57-0CFD1731B4D5 stage=finalize_transcript outcome=started process_id=32896 process_session=2a5fa003-cf9b-499a-a27e-56421726e79f uptime_ns=1433085090049500
2026-09-14T14:02:25.079Z meeting_cleaned_mic session=9878DAE0-0FCA-431D-8C96-BC59BE11C0E3 outcome=skipped reason=skippedNoEchoPath renderer_reason=no_echo_path probe_detail=below_threshold probe_windows=5 probe_best_correlation=0.022 process_id=32896 process_session=2a5fa003-cf9b-499a-a27e-56421726e79f uptime_ns=1433085689564708
2026-09-14T14:02:25.081Z meeting_echo_suppression_resolution session=9878DAE0-0FCA-431D-8C96-BC59BE11C0E3 reason_code=skippedNoEchoPath model_version=none render_duration_ms=none realtime_factor=none delay_estimate_ms=none probe_windows=5 probe_best_correlation=0.022 process_id=32896 process_session=2a5fa003-cf9b-499a-a27e-56421726e79f uptime_ns=1433085691537375
2026-09-14T14:02:25.082Z meeting_cleaned_mic_source session=9878DAE0-0FCA-431D-8C96-BC59BE11C0E3 selected=raw reason=skippedNoEchoPath timeout_s=451.034 process_id=32896 process_session=2a5fa003-cf9b-499a-a27e-56421726e79f uptime_ns=1433085692194916
2026-09-14T14:02:39.906Z meeting_mic_capture_starting requested_mode=raw default_input=present default_input_transport=bluetooth process_id=32896 process_session=2a5fa003-cf9b-499a-a27e-56421726e79f uptime_ns=1433100515777416
2026-09-14T14:02:39.994Z shared_mic_engine_input_device_start_failed source=selected device=present transport=bluetooth set_device_ms=69.888 error_type=com.apple.coreaudio.avfaudio.-10868 bridged_error_code=-10868 process_id=32896 process_session=2a5fa003-cf9b-499a-a27e-56421726e79f uptime_ns=1433100603927083
2026-09-14T14:02:40.984Z shared_mic_engine_start_timing vpio=false buffer_size=4096 set_vpio_ms=0.006 ducking_ms=0.000 output_format_ms=2.882 install_tap_ms=0.006 audio_engine_start_ms=45.041 total_ms=989.470 process_id=32896 process_session=2a5fa003-cf9b-499a-a27e-56421726e79f uptime_ns=1433101594264791
2026-09-14T14:02:40.985Z shared_mic_engine_input_device_started source=system_default device=present transport=bluetooth vpio=false set_device_ms=0.000 start_engine_ms=990.318 process_id=32896 process_session=2a5fa003-cf9b-499a-a27e-56421726e79f uptime_ns=1433101595081708
2026-09-14T14:02:40.985Z shared_mic_diagnostics transition=subscribe wants_vpio=false blocks_vpio_promotion=true subscribers=1 vpio_subs=0 passive_subs=0 engine_running=true vpio_engaged=false vpio_deferred=false vpio_deferral_count=0 process_id=32896 process_session=2a5fa003-cf9b-499a-a27e-56421726e79f uptime_ns=1433101595520541
2026-09-14T14:02:40.986Z shared_mic_engine_configuration_changed sr=16000.0 ch=1 isRunning=true engine_is_running=true default_input=present default_input_transport=bluetooth process_id=32896 process_session=2a5fa003-cf9b-499a-a27e-56421726e79f uptime_ns=1433101595670625
2026-09-14T14:02:40.986Z meeting_mic_processing mode=raw process_id=32896 process_session=2a5fa003-cf9b-499a-a27e-56421726e79f uptime_ns=1433101596269750
2026-09-14T14:02:40.990Z meeting_mic_capture_started requested_mode=raw effective_mode=raw sr=16000.0 ch=1 default_input=present default_input_transport=bluetooth process_id=32896 process_session=2a5fa003-cf9b-499a-a27e-56421726e79f uptime_ns=1433101599881250
2026-09-14T14:02:40.990Z meeting_mic_first_buffer sr=16000.0 ch=1 interleaved=false process_id=32896 process_session=2a5fa003-cf9b-499a-a27e-56421726e79f uptime_ns=1433101599811416
2026-09-14T14:02:43.132Z shared_mic_engine_stopped process_id=32896 process_session=2a5fa003-cf9b-499a-a27e-56421726e79f uptime_ns=1433103742291375
2026-09-14T14:02:43.133Z shared_mic_diagnostics transition=unsubscribe wants_vpio=n/a blocks_vpio_promotion=n/a subscribers=0 vpio_subs=0 passive_subs=0 engine_running=false vpio_engaged=false vpio_deferred=false vpio_deferral_count=0 process_id=32896 process_session=2a5fa003-cf9b-499a-a27e-56421726e79f uptime_ns=1433103743168500
2026-09-14T14:02:43.134Z meeting_mic_capture_stopped default_input=present default_input_transport=bluetooth process_id=32896 process_session=2a5fa003-cf9b-499a-a27e-56421726e79f uptime_ns=1433103743839291
2026-09-14T14:02:43.139Z shared_mic_engine_prepare_skipped reason=bluetooth_or_unresolved_route process_id=32896 process_session=2a5fa003-cf9b-499a-a27e-56421726e79f uptime_ns=1433103748770083
2026-09-14T14:02:47.201Z meeting_system_diarization_completed session=9878DAE0-0FCA-431D-8C96-BC59BE11C0E3 prior=unconstrained_no_attendee_count speakers=4 segments=392 duration_s=13.66 process_id=32896 process_session=2a5fa003-cf9b-499a-a27e-56421726e79f uptime_ns=1433107811385208
2026-09-14T14:02:47.292Z meeting_transcription_queue_stage session=9878DAE0-0FCA-431D-8C96-BC59BE11C0E3 transcription=63F972F6-C15E-4D23-AD57-0CFD1731B4D5 stage=finalize_transcript outcome=success duration_s=22.812 process_id=32896 process_session=2a5fa003-cf9b-499a-a27e-56421726e79f uptime_ns=1433107902334833
2026-09-14T14:02:47.292Z meeting_transcription_queue_stage session=9878DAE0-0FCA-431D-8C96-BC59BE11C0E3 transcription=63F972F6-C15E-4D23-AD57-0CFD1731B4D5 stage=settle_artifacts outcome=started process_id=32896 process_session=2a5fa003-cf9b-499a-a27e-56421726e79f uptime_ns=1433107902342375
2026-09-14T14:02:47.303Z meeting_transcription_queue_stage session=9878DAE0-0FCA-431D-8C96-BC59BE11C0E3 transcription=63F972F6-C15E-4D23-AD57-0CFD1731B4D5 stage=settle_artifacts outcome=success duration_s=0.010 process_id=32896 process_session=2a5fa003-cf9b-499a-a27e-56421726e79f uptime_ns=1433107912704208
