2026-09-11T14:57:33.652Z dictation_diagnostics_session_start pid=51952 version=0.8.0 build=20260909173236 source=dist-xcodebuild-release commit=1cc48e726ad4 process_id=51952 process_session=b7bb16b9-d130-4e99-b1af-620527389490 uptime_ns=1202507480838291
2026-09-11T14:58:27.318Z shared_mic_engine_prepare_skipped reason=bluetooth_or_unresolved_route process_id=51952 process_session=b7bb16b9-d130-4e99-b1af-620527389490 uptime_ns=1202561146554833
2026-09-11T14:58:57.592Z meeting_mic_capture_starting requested_mode=raw default_input=present default_input_transport=bluetooth process_id=51952 process_session=b7bb16b9-d130-4e99-b1af-620527389490 uptime_ns=1202591420104000
2026-09-11T14:58:59.317Z shared_mic_engine_input_device_start_failed source=system_default device=present transport=bluetooth set_device_ms=0.000 error_type=AVAudioEngineMicrophonePlatformError.initialReadinessTimedOut bridged_error_code=2 process_id=51952 process_session=b7bb16b9-d130-4e99-b1af-620527389490 uptime_ns=1202593145240250
2026-09-11T14:58:59.428Z shared_mic_engine_input_device_start_failed source=built_in device=present transport=built-in set_device_ms=94.523 error_type=com.apple.coreaudio.avfaudio.-10868 bridged_error_code=-10868 process_id=51952 process_session=b7bb16b9-d130-4e99-b1af-620527389490 uptime_ns=1202593256208791
2026-09-11T14:58:59.429Z shared_mic_diagnostics transition=subscribe_failed wants_vpio=false blocks_vpio_promotion=true subscribers=0 vpio_subs=0 passive_subs=0 engine_running=false vpio_engaged=false vpio_deferred=false vpio_deferral_count=0 process_id=51952 process_session=b7bb16b9-d130-4e99-b1af-620527389490 uptime_ns=1202593256938875
2026-09-11T14:58:59.430Z meeting_mic_capture_start_failed mode=raw error_type=SubscribeError.engineStartFailed.com.apple.coreaudio.avfaudio.-10868 bridged_error_code=0 process_id=51952 process_session=b7bb16b9-d130-4e99-b1af-620527389490 uptime_ns=1202593257687875
2026-09-11T14:59:01.006Z meeting_mic_capture_starting requested_mode=raw default_input=present default_input_transport=bluetooth process_id=51952 process_session=b7bb16b9-d130-4e99-b1af-620527389490 uptime_ns=1202594834048916
2026-09-11T14:59:02.670Z shared_mic_engine_input_device_start_failed source=system_default device=present transport=bluetooth set_device_ms=0.000 error_type=AVAudioEngineMicrophonePlatformError.initialReadinessTimedOut bridged_error_code=2 process_id=51952 process_session=b7bb16b9-d130-4e99-b1af-620527389490 uptime_ns=1202596497855333
2026-09-11T14:59:02.788Z shared_mic_engine_input_device_start_failed source=built_in device=present transport=built-in set_device_ms=102.291 error_type=com.apple.coreaudio.avfaudio.-10868 bridged_error_code=-10868 process_id=51952 process_session=b7bb16b9-d130-4e99-b1af-620527389490 uptime_ns=1202596615750083
2026-09-11T14:59:02.789Z shared_mic_diagnostics transition=subscribe_failed wants_vpio=false blocks_vpio_promotion=true subscribers=0 vpio_subs=0 passive_subs=0 engine_running=false vpio_engaged=false vpio_deferred=false vpio_deferral_count=0 process_id=51952 process_session=b7bb16b9-d130-4e99-b1af-620527389490 uptime_ns=1202596616764000
2026-09-11T14:59:02.790Z meeting_mic_capture_start_failed mode=raw error_type=SubscribeError.engineStartFailed.com.apple.coreaudio.avfaudio.-10868 bridged_error_code=0 process_id=51952 process_session=b7bb16b9-d130-4e99-b1af-620527389490 uptime_ns=1202596617697291
2026-09-11T14:59:07.750Z shared_mic_engine_prepare_skipped reason=bluetooth_or_unresolved_route process_id=51952 process_session=b7bb16b9-d130-4e99-b1af-620527389490 uptime_ns=1202601578359958
2026-09-11T14:59:07.958Z meeting_mic_capture_starting requested_mode=raw default_input=present default_input_transport=bluetooth process_id=51952 process_session=b7bb16b9-d130-4e99-b1af-620527389490 uptime_ns=1202601786417458
2026-09-11T14:59:08.052Z shared_mic_engine_input_device_start_failed source=selected device=present transport=bluetooth set_device_ms=75.251 error_type=com.apple.coreaudio.avfaudio.-10868 bridged_error_code=-10868 process_id=51952 process_session=b7bb16b9-d130-4e99-b1af-620527389490 uptime_ns=1202601880411666
2026-09-11T14:59:09.030Z shared_mic_engine_start_timing vpio=false buffer_size=4096 set_vpio_ms=0.004 ducking_ms=0.000 output_format_ms=2.671 install_tap_ms=0.005 audio_engine_start_ms=36.396 total_ms=976.853 process_id=51952 process_session=b7bb16b9-d130-4e99-b1af-620527389490 uptime_ns=1202602858254208
2026-09-11T14:59:09.032Z shared_mic_engine_input_device_started source=system_default device=present transport=bluetooth vpio=false set_device_ms=0.000 start_engine_ms=978.620 process_id=51952 process_session=b7bb16b9-d130-4e99-b1af-620527389490 uptime_ns=1202602859991583
2026-09-11T14:59:09.034Z shared_mic_engine_configuration_changed sr=16000.0 ch=1 isRunning=true engine_is_running=true default_input=present default_input_transport=bluetooth process_id=51952 process_session=b7bb16b9-d130-4e99-b1af-620527389490 uptime_ns=1202602861482166
2026-09-11T14:59:09.033Z shared_mic_diagnostics transition=subscribe wants_vpio=false blocks_vpio_promotion=true subscribers=1 vpio_subs=0 passive_subs=0 engine_running=true vpio_engaged=false vpio_deferred=false vpio_deferral_count=0 process_id=51952 process_session=b7bb16b9-d130-4e99-b1af-620527389490 uptime_ns=1202602861298333
2026-09-11T14:59:09.036Z meeting_mic_processing mode=raw process_id=51952 process_session=b7bb16b9-d130-4e99-b1af-620527389490 uptime_ns=1202602864362750
2026-09-11T14:59:09.039Z meeting_mic_first_buffer sr=16000.0 ch=1 interleaved=false process_id=51952 process_session=b7bb16b9-d130-4e99-b1af-620527389490 uptime_ns=1202602866788666
2026-09-11T14:59:09.039Z meeting_mic_capture_started requested_mode=raw effective_mode=raw sr=16000.0 ch=1 default_input=present default_input_transport=bluetooth process_id=51952 process_session=b7bb16b9-d130-4e99-b1af-620527389490 uptime_ns=1202602866870708
2026-09-11T14:59:11.179Z shared_mic_engine_stopped process_id=51952 process_session=b7bb16b9-d130-4e99-b1af-620527389490 uptime_ns=1202605006687375
2026-09-11T14:59:11.181Z shared_mic_diagnostics transition=unsubscribe wants_vpio=n/a blocks_vpio_promotion=n/a subscribers=0 vpio_subs=0 passive_subs=0 engine_running=false vpio_engaged=false vpio_deferred=false vpio_deferral_count=0 process_id=51952 process_session=b7bb16b9-d130-4e99-b1af-620527389490 uptime_ns=1202605008463500
2026-09-11T14:59:11.182Z meeting_mic_capture_stopped default_input=present default_input_transport=bluetooth process_id=51952 process_session=b7bb16b9-d130-4e99-b1af-620527389490 uptime_ns=1202605009776541
2026-09-11T14:59:11.190Z shared_mic_engine_prepare_skipped reason=bluetooth_or_unresolved_route process_id=51952 process_session=b7bb16b9-d130-4e99-b1af-620527389490 uptime_ns=1202605017690208
2026-09-11T14:59:14.650Z shared_mic_engine_prepare_skipped reason=bluetooth_or_unresolved_route process_id=51952 process_session=b7bb16b9-d130-4e99-b1af-620527389490 uptime_ns=1202608477693666
2026-09-11T14:59:14.865Z meeting_mic_capture_starting requested_mode=raw default_input=present default_input_transport=bluetooth process_id=51952 process_session=b7bb16b9-d130-4e99-b1af-620527389490 uptime_ns=1202608693081333
2026-09-11T14:59:16.537Z shared_mic_engine_input_device_start_failed source=system_default device=present transport=bluetooth set_device_ms=0.000 error_type=AVAudioEngineMicrophonePlatformError.initialReadinessTimedOut bridged_error_code=2 process_id=51952 process_session=b7bb16b9-d130-4e99-b1af-620527389490 uptime_ns=1202610364476000
2026-09-11T14:59:16.654Z shared_mic_engine_input_device_start_failed source=built_in device=present transport=built-in set_device_ms=103.553 error_type=com.apple.coreaudio.avfaudio.-10868 bridged_error_code=-10868 process_id=51952 process_session=b7bb16b9-d130-4e99-b1af-620527389490 uptime_ns=1202610481941583
2026-09-11T14:59:16.655Z shared_mic_diagnostics transition=subscribe_failed wants_vpio=false blocks_vpio_promotion=true subscribers=0 vpio_subs=0 passive_subs=0 engine_running=false vpio_engaged=false vpio_deferred=false vpio_deferral_count=0 process_id=51952 process_session=b7bb16b9-d130-4e99-b1af-620527389490 uptime_ns=1202610482912875
2026-09-11T14:59:16.656Z meeting_mic_capture_start_failed mode=raw error_type=SubscribeError.engineStartFailed.com.apple.coreaudio.avfaudio.-10868 bridged_error_code=0 process_id=51952 process_session=b7bb16b9-d130-4e99-b1af-620527389490 uptime_ns=1202610484213958
2026-09-11T15:02:43.019Z dictation_diagnostics_session_start pid=52443 version=0.8.0 build=20260909173236 source=dist-xcodebuild-release commit=1cc48e726ad4 process_id=52443 process_session=77f2d654-e361-43ca-991d-7cf9950f532c uptime_ns=1202816845342458
2026-09-11T15:02:43.286Z shared_mic_engine_prepare_skipped reason=bluetooth_or_unresolved_route process_id=52443 process_session=77f2d654-e361-43ca-991d-7cf9950f532c uptime_ns=1202817113025000
2026-09-11T15:02:52.504Z meeting_mic_capture_starting requested_mode=raw default_input=present default_input_transport=bluetooth process_id=52443 process_session=77f2d654-e361-43ca-991d-7cf9950f532c uptime_ns=1202826330674333
2026-09-11T15:02:54.227Z shared_mic_engine_input_device_start_failed source=system_default device=present transport=bluetooth set_device_ms=0.000 error_type=AVAudioEngineMicrophonePlatformError.initialReadinessTimedOut bridged_error_code=2 process_id=52443 process_session=77f2d654-e361-43ca-991d-7cf9950f532c uptime_ns=1202828053312375
2026-09-11T15:02:54.352Z shared_mic_engine_input_device_start_failed source=built_in device=present transport=built-in set_device_ms=106.705 error_type=com.apple.coreaudio.avfaudio.-10868 bridged_error_code=-10868 process_id=52443 process_session=77f2d654-e361-43ca-991d-7cf9950f532c uptime_ns=1202828178676958
2026-09-11T15:02:54.353Z shared_mic_diagnostics transition=subscribe_failed wants_vpio=false blocks_vpio_promotion=true subscribers=0 vpio_subs=0 passive_subs=0 engine_running=false vpio_engaged=false vpio_deferred=false vpio_deferral_count=0 process_id=52443 process_session=77f2d654-e361-43ca-991d-7cf9950f532c uptime_ns=1202828179486083
2026-09-11T15:02:54.354Z meeting_mic_capture_start_failed mode=raw error_type=SubscribeError.engineStartFailed.com.apple.coreaudio.avfaudio.-10868 bridged_error_code=0 process_id=52443 process_session=77f2d654-e361-43ca-991d-7cf9950f532c uptime_ns=1202828180256708
2026-09-11T15:05:05.121Z shared_mic_engine_prepare_skipped reason=bluetooth_or_unresolved_route process_id=52443 process_session=77f2d654-e361-43ca-991d-7cf9950f532c uptime_ns=1202958942707625
2026-09-11T15:05:05.338Z meeting_mic_capture_starting requested_mode=raw default_input=present default_input_transport=bluetooth process_id=52443 process_session=77f2d654-e361-43ca-991d-7cf9950f532c uptime_ns=1202959159697041
2026-09-11T15:05:05.422Z shared_mic_engine_input_device_start_failed source=selected device=present transport=bluetooth set_device_ms=67.664 error_type=com.apple.coreaudio.avfaudio.-10868 bridged_error_code=-10868 process_id=52443 process_session=77f2d654-e361-43ca-991d-7cf9950f532c uptime_ns=1202959243510208
2026-09-11T15:05:06.404Z shared_mic_engine_start_timing vpio=false buffer_size=4096 set_vpio_ms=0.005 ducking_ms=0.000 output_format_ms=0.006 install_tap_ms=0.004 audio_engine_start_ms=35.090 total_ms=980.747 process_id=52443 process_session=77f2d654-e361-43ca-991d-7cf9950f532c uptime_ns=1202960225205916
2026-09-11T15:05:06.406Z shared_mic_engine_input_device_started source=system_default device=present transport=bluetooth vpio=false set_device_ms=0.000 start_engine_ms=983.771 process_id=52443 process_session=77f2d654-e361-43ca-991d-7cf9950f532c uptime_ns=1202960228147875
2026-09-11T15:05:06.408Z shared_mic_engine_configuration_changed sr=16000.0 ch=1 isRunning=true engine_is_running=true default_input=present default_input_transport=bluetooth process_id=52443 process_session=77f2d654-e361-43ca-991d-7cf9950f532c uptime_ns=1202960229912916
2026-09-11T15:05:06.408Z shared_mic_diagnostics transition=subscribe wants_vpio=false blocks_vpio_promotion=true subscribers=1 vpio_subs=0 passive_subs=0 engine_running=true vpio_engaged=false vpio_deferred=false vpio_deferral_count=0 process_id=52443 process_session=77f2d654-e361-43ca-991d-7cf9950f532c uptime_ns=1202960229581583
2026-09-11T15:05:06.411Z meeting_mic_processing mode=raw process_id=52443 process_session=77f2d654-e361-43ca-991d-7cf9950f532c uptime_ns=1202960232298875
2026-09-11T15:05:06.416Z meeting_mic_capture_started requested_mode=raw effective_mode=raw sr=16000.0 ch=1 default_input=present default_input_transport=bluetooth process_id=52443 process_session=77f2d654-e361-43ca-991d-7cf9950f532c uptime_ns=1202960237993791
2026-09-11T15:05:06.416Z meeting_mic_first_buffer sr=16000.0 ch=1 interleaved=false process_id=52443 process_session=77f2d654-e361-43ca-991d-7cf9950f532c uptime_ns=1202960237888208
2026-09-11T15:05:08.550Z shared_mic_engine_stopped process_id=52443 process_session=77f2d654-e361-43ca-991d-7cf9950f532c uptime_ns=1202962372138041
2026-09-11T15:05:08.552Z shared_mic_diagnostics transition=unsubscribe wants_vpio=n/a blocks_vpio_promotion=n/a subscribers=0 vpio_subs=0 passive_subs=0 engine_running=false vpio_engaged=false vpio_deferred=false vpio_deferral_count=0 process_id=52443 process_session=77f2d654-e361-43ca-991d-7cf9950f532c uptime_ns=1202962373870583
2026-09-11T15:05:08.553Z meeting_mic_capture_stopped default_input=present default_input_transport=bluetooth process_id=52443 process_session=77f2d654-e361-43ca-991d-7cf9950f532c uptime_ns=1202962374902666
2026-09-11T15:05:08.558Z shared_mic_engine_prepare_skipped reason=bluetooth_or_unresolved_route process_id=52443 process_session=77f2d654-e361-43ca-991d-7cf9950f532c uptime_ns=1202962379175291
2026-09-11T15:05:14.645Z shared_mic_engine_prepare_skipped reason=bluetooth_or_unresolved_route process_id=52443 process_session=77f2d654-e361-43ca-991d-7cf9950f532c uptime_ns=1202968466688583
