Transcribing two-public-speakers.wav with parakeet...
Converting audio...
Preparing speech model...
[15:30:31.475] [INFO] [FluidAudio.AsrModels] Downloading ASR models to: <QA_ROOT>/isolated-home/Library/Application Support/FluidAudio/Models/parakeet-tdt-0.6b-v3
[15:30:31.475] [INFO] [FluidAudio.AsrModels] ASR models already present at: <QA_ROOT>/isolated-home/Library/Application Support/FluidAudio/Models/parakeet-tdt-0.6b-v3
[15:30:31.475] [INFO] [FluidAudio.AsrModels] Loading ASR models from: <QA_ROOT>/isolated-home/Library/Application Support/FluidAudio/Models/parakeet-tdt-0.6b-v3
[15:30:31.478] [INFO] [FluidAudio.DownloadUtils] Host environment: macOS Version 26.6.2 (Build 25G83), arch=arm64, chip=Apple M4 Pro, cores=14/14, mem=48 GB, rosetta=false
[15:30:31.478] [INFO] [FluidAudio.DownloadUtils] Found parakeet-tdt-0.6b-v3 locally, no download needed
[15:30:31.493] [INFO] [FluidAudio.DownloadUtils] Compiled model Preprocessor.mlmodelc in 14.89 ms :: macOS Version 26.6.2 (Build 25G83), arch=arm64, chip=Apple M4 Pro, cores=14/14, mem=48 GB, rosetta=false
[15:30:31.493] [INFO] [FluidAudio.AsrModels] Loaded Preprocessor.mlmodelc with compute units: cpuOnly
[15:30:31.493] [INFO] [FluidAudio.DownloadUtils] Found parakeet-tdt-0.6b-v3 locally, no download needed
[15:30:31.592] [INFO] [FluidAudio.DownloadUtils] Compiled model Encoder.mlmodelc in 98.56 ms :: macOS Version 26.6.2 (Build 25G83), arch=arm64, chip=Apple M4 Pro, cores=14/14, mem=48 GB, rosetta=false
[15:30:31.592] [INFO] [FluidAudio.AsrModels] Loaded Encoder.mlmodelc with compute units: cpuAndNeuralEngine
[15:30:31.592] [INFO] [FluidAudio.DownloadUtils] Found parakeet-tdt-0.6b-v3 locally, no download needed
[15:30:31.602] [INFO] [FluidAudio.DownloadUtils] Compiled model Decoder.mlmodelc in 9.46 ms :: macOS Version 26.6.2 (Build 25G83), arch=arm64, chip=Apple M4 Pro, cores=14/14, mem=48 GB, rosetta=false
[15:30:31.602] [INFO] [FluidAudio.DownloadUtils] Found parakeet-tdt-0.6b-v3 locally, no download needed
[15:30:31.611] [INFO] [FluidAudio.DownloadUtils] Compiled model JointDecisionv3.mlmodelc in 8.48 ms :: macOS Version 26.6.2 (Build 25G83), arch=arm64, chip=Apple M4 Pro, cores=14/14, mem=48 GB, rosetta=false
[15:30:31.611] [INFO] [FluidAudio.AsrModels] Loaded JointDecisionv3.mlmodelc
[15:30:31.617] [INFO] [FluidAudio.AsrModels] Loaded vocabulary with 8192 tokens from <QA_ROOT>/isolated-home/Library/Application Support/FluidAudio/Models/parakeet-tdt-0.6b-v3/parakeet_vocab.json
[15:30:31.617] [INFO] [FluidAudio.AsrModels] Successfully loaded all ASR models with optimized compute units
[15:30:31.617] [INFO] [FluidAudio.ASR] Loading AsrManager with provided models
[15:30:31.617] [INFO] [FluidAudio.ASR] AsrManager loaded successfully with provided models
[15:30:31.617] [INFO] [FluidAudio.ASR] Loading AsrManager with provided models
[15:30:31.617] [INFO] [FluidAudio.ASR] AsrManager loaded successfully with provided models
Transcribing... 0%
[15:30:31.619] [DEBUG] [FluidAudio.ChunkProcessor] ChunkProcessor using worker pool of size 4
Transcribing... 66%
Transcribing... 99%
Identifying speakers...
[15:30:31.859] [INFO] [FluidAudio.OfflineDiarizerModels] Loading offline diarization models from <QA_ROOT>/isolated-home/Library/Application Support/FluidAudio/Models
[15:30:31.859] [INFO] [FluidAudio.DownloadUtils] Found speaker-diarization locally, no download needed
[15:30:31.925] [INFO] [FluidAudio.DownloadUtils] Compiled model Segmentation.mlmodelc in 66.02 ms :: macOS Version 26.6.2 (Build 25G83), arch=arm64, chip=Apple M4 Pro, cores=14/14, mem=48 GB, rosetta=false
[15:30:31.943] [INFO] [FluidAudio.DownloadUtils] Compiled model Embedding.mlmodelc in 17.82 ms :: macOS Version 26.6.2 (Build 25G83), arch=arm64, chip=Apple M4 Pro, cores=14/14, mem=48 GB, rosetta=false
[15:30:31.952] [INFO] [FluidAudio.DownloadUtils] Compiled model PldaRho.mlmodelc in 9.21 ms :: macOS Version 26.6.2 (Build 25G83), arch=arm64, chip=Apple M4 Pro, cores=14/14, mem=48 GB, rosetta=false
[15:30:31.952] [INFO] [FluidAudio.DownloadUtils] Found speaker-diarization locally, no download needed
[15:30:31.962] [INFO] [FluidAudio.DownloadUtils] Compiled model FBank.mlmodelc in 9.76 ms :: macOS Version 26.6.2 (Build 25G83), arch=arm64, chip=Apple M4 Pro, cores=14/14, mem=48 GB, rosetta=false
[15:30:31.963] [INFO] [FluidAudio.OfflineDiarizerModels] Offline diarization models ready (compile: 0.104s, computeUnits: segmentation/embedding/plda=.all, fbank=.cpuOnly)
[15:30:31.963] [INFO] [FluidAudio.OfflineDiarizer] Offline diarizer models initialized
[15:30:31.964] [DEBUG] [FluidAudio.AudioSourceFactory] Streaming conversion 16000.0Hz×1ch → 16000.0Hz×1ch
[15:30:31.965] [DEBUG] [FluidAudio.AudioSourceFactory] Streaming audio temp file size=1450240 bytes
[15:30:31.965] [DEBUG] [FluidAudio.AudioSourceFactory] Streaming audio total samples=362560
[15:30:31.966] [DEBUG] [FluidAudio.OfflineSegmentation] Offline segmentation: chunkSize=160000, stepSize=16000, totalSamples=362560
[15:30:31.966] [DEBUG] [FluidAudio.OfflineEmbedding] Offline embedding configured with FBANK input audio[1×1×160000] → fbank_features; embedding consumes fbank_features + weights[1×589] (frames=589), maxBatch=32, output=embedding
[15:30:32.152] [DEBUG] [FluidAudio.OfflineSegmentation] Chunk 0 speaker frame counts: [0, 589, 0]
[15:30:32.215] [DEBUG] [FluidAudio.OfflineSegmentation] Segmentation histogram: speechFrames=9009 totalFrames=13547 speechRatio=0.665 avgNonSpeechProb=0.335
[15:30:32.215] [DEBUG] [FluidAudio.OfflineSegmentation] Segmentation mask speech frames = 9012 / 13547 (ratio=0.665, speechSeconds≈153.0s)
[Profiling] Segmentation timings: windows=23 prepareTotal=0.95ms (perWindow=0.0412ms) predictionTotal=147.46ms (perWindow=6.4112ms)
[15:30:32.215] [DEBUG] [FluidAudio.OfflineSegmentation] Winning speaker probability stats: count=9009, avg=0.967, min=0.488, max=1.000
[15:30:32.215] [DEBUG] [FluidAudio.OfflineSegmentation] Winning probability distribution ≥0.500:9006, ≥0.700:8814, ≥0.800:8473, ≥0.900:8145, ≥0.950:7631, ≥0.980:6862, ≥0.990:6168, ≥0.995:5306, ≥0.999:2850
[15:30:32.215] [DEBUG] [FluidAudio.OfflineSegmentation] Empty-class probability on speech frames: avg=0.023
[15:30:32.215] [DEBUG] [FluidAudio.OfflineSegmentation] Segmentation timings: windows=23 prepareTotal=0.95ms (perWindow=0.0412ms) predictionTotal=147.46ms (perWindow=6.4112ms)
[15:30:32.353] [DEBUG] [FluidAudio.OfflineEmbedding] Embedding masks generated: 23 (meanActiveFrames=379.78, fallbackMasks=0, emptyMasks=46)
[Profiling] Embedding timings: fbankTotal=20.22ms (perWindow=0.879ms), maskPrepTotal=2.02ms (perEval=0.029ms), resampleTotal=0.01ms (perValid=0.000ms), embeddingTotal=106.48ms (perValid=4.629ms), pldaTotal=0.83ms (perValid=0.036ms), batches(fbank=1, plda=1)
[15:30:32.354] [DEBUG] [FluidAudio.OfflineEmbedding] Embedding timings: fbankTotal=20.22ms (perWindow=0.879ms), maskPrepTotal=2.02ms (perEval=0.029ms), resampleTotal=0.01ms (perValid=0.000ms), embeddingTotal=106.48ms (perValid=4.629ms), pldaTotal=0.83ms (perValid=0.036ms), batches(fbank=1, plda=1)
[15:30:32.354] [DEBUG] [FluidAudio.OfflineDiarizer] Segmentation completed in 0.24959993362426758s (async)
[15:30:32.354] [DEBUG] [FluidAudio.OfflineDiarizer] Embedding extraction produced 23 vectors in 0.3878370523452759s (async)
[15:30:32.354] [DEBUG] [FluidAudio.OfflineDiarizer] Clustering will use 23/23 embeddings (NaN filtered)
[15:30:32.355] [DEBUG] [FluidAudio.SpeakerCountConstraints] Resolved constraints: numSpeakers=2, min=2, max=2
[15:30:32.355] [DEBUG] [FluidAudio.OfflineVBx] VBx warm start clusters: 4 histogram: [3: 2, 1: 10, 2: 3, 0: 8]
[15:30:32.356] [DEBUG] [FluidAudio.OfflineVBx] VBx mixture weights – min: 2.719115541864124e-18, max: 0.5662233354902191, count: 4
[15:30:32.356] [INFO] [FluidAudio.OfflineVBx] Speaker count 3 outside bounds [2, 2]; re-clustering to 2
[15:30:32.368] [DEBUG] [FluidAudio.OfflineDiarizer] Clustering completed in 0.01424098014831543s with 2 centroids (assignment histogram: [1: 15, 0: 8])
[15:30:32.368] [DEBUG] [FluidAudio.OfflineEmbedding] Offline embedding configured with FBANK input audio[1×1×160000] → fbank_features; embedding consumes fbank_features + weights[1×589] (frames=589), maxBatch=32, output=embedding
[15:30:32.387] [DEBUG] [FluidAudio.OfflineReconstruction] Speaker-count histogram 0:720, 1:1165
[15:30:32.405] [INFO] [FluidAudio.ASR] AsrManager resources cleaned up
[15:30:32.414] [INFO] [FluidAudio.ASR] AsrManager resources cleaned up
