Raw log SHA256: 64b0c43319d194e67f7e08beecea62112109ba329c854456625d1fdf53ebac31
[464/584] Compiling MacParakeetTests MeetingAecRenderThroughputTests.swift
Test Suite 'Selected tests' started at 2026-09-07 16:23:39.114.
Test Suite 'MacParakeetPackageTests.xctest' started at 2026-09-07 16:23:39.115.
Test Suite 'DatabaseManagerTests' started at 2026-09-07 16:23:39.115.
Test Case '-[MacParakeetTests.DatabaseManagerTests testAIFormatterCategoryCheckAcceptsEveryTelemetryAppCategory]' passed (0.026 seconds).
Test Case '-[MacParakeetTests.DatabaseManagerTests testAIFormatterProfilesMigrationCreatesTableAndDictationMetadataColumns]' passed (0.018 seconds).
Test Case '-[MacParakeetTests.DatabaseManagerTests testAIFormatterProfilesMigrationScrubsHiddenDictationRows]' passed (0.036 seconds).
Test Case '-[MacParakeetTests.DatabaseManagerTests testAIFormatterProfilesMigrationToleratesExistingSchemaWhenMigrationMarkerIsMissing]' passed (0.047 seconds).
Test Case '-[MacParakeetTests.DatabaseManagerTests testAudioTrackOrdinalColumnExistsOnTranscriptions]' passed (0.016 seconds).
Test Case '-[MacParakeetTests.DatabaseManagerTests testCalendarEventSnapshotColumnExistsOnTranscriptions]' passed (0.015 seconds).
Test Case '-[MacParakeetTests.DatabaseManagerTests testCalendarEventSnapshotMigrationToleratesExistingColumnWhenMigrationMarkerIsMissing]' passed (0.055 seconds).
Test Case '-[MacParakeetTests.DatabaseManagerTests testCardsMigrationCreatesTableFTSAndTriggers]' passed (0.017 seconds).
Test Case '-[MacParakeetTests.DatabaseManagerTests testCardsMigrationPreservesExistingTranscriptionRows]' passed (0.063 seconds).
Test Case '-[MacParakeetTests.DatabaseManagerTests testConcurrentFileBackedManagersSerializeInitialMigration]' passed (0.050 seconds).
Test Case '-[MacParakeetTests.DatabaseManagerTests testDictationLanguageMigrationToleratesExistingColumnWhenMigrationMarkerIsMissing]' passed (0.051 seconds).
Test Case '-[MacParakeetTests.DatabaseManagerTests testEngineAttributionMigrationToleratesExistingColumnsWhenMigrationMarkerIsMissing]' passed (0.047 seconds).
Test Case '-[MacParakeetTests.DatabaseManagerTests testFileBackedConnectionsWaitForShortWriteLock]' passed (0.168 seconds).
Test Case '-[MacParakeetTests.DatabaseManagerTests testInMemoryDatabaseCreates]' passed (0.017 seconds).
Test Case '-[MacParakeetTests.DatabaseManagerTests testMeetingArtifactFolderPathColumnExistsOnTranscriptions]' passed (0.016 seconds).
Test Case '-[MacParakeetTests.DatabaseManagerTests testMeetingCaptureReportColumnExistsOnTranscriptions]' passed (0.018 seconds).
Test Case '-[MacParakeetTests.DatabaseManagerTests testMeetingCaptureReportMigrationPreservesExistingTranscriptionRows]' passed (0.050 seconds).
Test Case '-[MacParakeetTests.DatabaseManagerTests testMeetingStartContextColumnExistsOnTranscriptions]' passed (0.016 seconds).
Test Case '-[MacParakeetTests.DatabaseManagerTests testMeetingStartContextMigrationToleratesExistingColumnWhenMigrationMarkerIsMissing]' passed (0.047 seconds).
Test Case '-[MacParakeetTests.DatabaseManagerTests testMigrationsAreIdempotent]' passed (0.045 seconds).
Test Case '-[MacParakeetTests.DatabaseManagerTests testMigrationsCreateIndexes]' passed (0.017 seconds).
Test Case '-[MacParakeetTests.DatabaseManagerTests testMigrationsCreateTables]' passed (0.016 seconds).
Test Case '-[MacParakeetTests.DatabaseManagerTests testPostV027MaintenanceRebuildsPersistedVersionOneSegmentsPerRecording]' passed (0.059 seconds).
Test Case '-[MacParakeetTests.DatabaseManagerTests testPromptInferenceSettingsColumnsExist]' passed (0.016 seconds).
Test Case '-[MacParakeetTests.DatabaseManagerTests testPromptInferenceSettingsMigrationPreservesExistingRows]' passed (0.059 seconds).
Test Case '-[MacParakeetTests.DatabaseManagerTests testPromptInferenceSettingsMigrationToleratesExistingColumnsWhenMarkerIsMissing]' passed (0.058 seconds).
Test Case '-[MacParakeetTests.DatabaseManagerTests testPromptMeetingNotesContextColumnsExistAndDefaultFalse]' passed (0.016 seconds).
Test Case '-[MacParakeetTests.DatabaseManagerTests testPromptResultUserNotesSnapshotRoundTrips]' passed (0.017 seconds).
Test Case '-[MacParakeetTests.DatabaseManagerTests testPromptSummaryMigrationMovesLegacySummaryAndDropsColumn]' passed (0.038 seconds).
Test Case '-[MacParakeetTests.DatabaseManagerTests testReconcileBuiltInPromptsHonorsAutoRunGuardWhenAtLeastOneAutoRun]' passed (0.033 seconds).
Test Case '-[MacParakeetTests.DatabaseManagerTests testReconcileBuiltInPromptsHonorsAutoRunGuardWhenZeroAutoRun]' passed (0.034 seconds).
Test Case '-[MacParakeetTests.DatabaseManagerTests testReconcileRemovesRevertedMemoSteeredNotesPrompt]' passed (0.031 seconds).
Test Case '-[MacParakeetTests.DatabaseManagerTests testSegmentsFTSMigrationCreatesExternalContentIndexAndTriggers]' passed (0.018 seconds).
Test Case '-[MacParakeetTests.DatabaseManagerTests testSegmentsMigrationPreservesExistingTranscriptionRows]' passed (0.049 seconds).
Test Case '-[MacParakeetTests.DatabaseManagerTests testSourceTypeMigrationBackfillsYouTubeRows]' passed (0.034 seconds).
Test Case '-[MacParakeetTests.DatabaseManagerTests testSourceURLColumnExists]' passed (0.015 seconds).
Test Case '-[MacParakeetTests.DatabaseManagerTests testSummariesTableIncludesUpdatedAtColumn]' passed (0.015 seconds).
Test Case '-[MacParakeetTests.DatabaseManagerTests testTitleOverrideMigrationAddsTranscriptionColumn]' passed (0.016 seconds).
Test Case '-[MacParakeetTests.DatabaseManagerTests testTranscriptionUserNotesNilByDefault]' passed (0.015 seconds).
Test Case '-[MacParakeetTests.DatabaseManagerTests testTranscriptionUserNotesRoundTrips]' passed (0.015 seconds).
Test Case '-[MacParakeetTests.DatabaseManagerTests testTranscriptSegmentsMigrationAddsTranscriptionColumn]' passed (0.016 seconds).
Test Case '-[MacParakeetTests.DatabaseManagerTests testTransformWorkbenchCleanupMigrationPreservesRestoredHistoryWhenRerun]' passed (0.057 seconds).
Test Case '-[MacParakeetTests.DatabaseManagerTests testUserNotesColumnExistsOnTranscriptions]' passed (0.017 seconds).
Test Case '-[MacParakeetTests.DatabaseManagerTests testUserNotesSnapshotColumnExistsOnSummaries]' passed (0.015 seconds).
Test Case '-[MacParakeetTests.DatabaseManagerTests testVideoMetadataColumnsExist]' passed (0.017 seconds).
Test Suite 'DatabaseManagerTests' passed at 2026-09-07 16:23:40.627.
	 Executed 45 tests, with 0 failures (0 unexpected) in 1.508 (1.512) seconds
Test Suite 'MeetingRecordingLockFileStoreTests' started at 2026-09-07 16:23:40.627.
Test Case '-[MacParakeetTests.MeetingRecordingLockFileStoreTests testConcurrentFinalizationOwnershipClaimsAdmitOneProcess]' passed (0.031 seconds).
Test Case '-[MacParakeetTests.MeetingRecordingLockFileStoreTests testDeleteRemovesFile]' passed (0.001 seconds).
Test Case '-[MacParakeetTests.MeetingRecordingLockFileStoreTests testDiscoverActiveSessionsIsNotRetentionSafetyPredicate]' passed (0.001 seconds).
Test Case '-[MacParakeetTests.MeetingRecordingLockFileStoreTests testDiscoverActiveSessionsReturnsEmptyForMissingRoot]' passed (0.000 seconds).
Test Case '-[MacParakeetTests.MeetingRecordingLockFileStoreTests testDiscoverActiveSessionsReturnsLiveOwners]' passed (0.001 seconds).
Test Case '-[MacParakeetTests.MeetingRecordingLockFileStoreTests testDiscoverActiveSessionsSkipsDeadOwners]' passed (0.001 seconds).
Test Case '-[MacParakeetTests.MeetingRecordingLockFileStoreTests testDiscoverAnySessionsReturnsLiveAndDeadOwners]' passed (0.001 seconds).
Test Case '-[MacParakeetTests.MeetingRecordingLockFileStoreTests testDiscoverOrphansHandlesUnknownSchemaVersion]' passed (0.001 seconds).
Test Case '-[MacParakeetTests.MeetingRecordingLockFileStoreTests testDiscoverOrphansReturnsDeadOwnersWithFolderURL]' passed (0.001 seconds).
Test Case '-[MacParakeetTests.MeetingRecordingLockFileStoreTests testDiscoverOrphansSkipsCorruptJSON]' passed (0.001 seconds).
Test Case '-[MacParakeetTests.MeetingRecordingLockFileStoreTests testDiscoverOrphansSkipsLiveOwners]' passed (0.001 seconds).
Test Case '-[MacParakeetTests.MeetingRecordingLockFileStoreTests testFailedOwnershipReleaseCanBeReclaimedBySameProcess]' passed (0.003 seconds).
Test Case '-[MacParakeetTests.MeetingRecordingLockFileStoreTests testFinalizationOwnershipClaimRefusesLiveNewerSchemaLock]' passed (0.001 seconds).
Test Case '-[MacParakeetTests.MeetingRecordingLockFileStoreTests testFinalizationOwnershipClaimRefusesLiveOwner]' passed (0.001 seconds).
Test Case '-[MacParakeetTests.MeetingRecordingLockFileStoreTests testFinalizationOwnershipClaimReplacesDeadNewerSchemaLock]' passed (0.001 seconds).
Test Case '-[MacParakeetTests.MeetingRecordingLockFileStoreTests testFinalizationOwnershipClaimReplacesDeadProcessLease]' passed (0.001 seconds).
Test Case '-[MacParakeetTests.MeetingRecordingLockFileStoreTests testFinalizationOwnershipClaimRewritesAndReleaseRestoresDeadOwner]' passed (0.002 seconds).
Test Case '-[MacParakeetTests.MeetingRecordingLockFileStoreTests testFinalizationOwnershipClaimTreatsUnreadablePresentLockAsDeadEvidence]' passed (0.001 seconds).
Test Case '-[MacParakeetTests.MeetingRecordingLockFileStoreTests testFinalizationOwnershipClaimTreatsZeroByteLockAsDeadEvidence]' passed (0.001 seconds).
Test Case '-[MacParakeetTests.MeetingRecordingLockFileStoreTests testHasLiveOwnerHonorsPeekedPIDOnNewerSchemaLock]' passed (0.001 seconds).
Test Case '-[MacParakeetTests.MeetingRecordingLockFileStoreTests testHasLiveOwnerReturnsFalseForDeadOrMissingOwner]' passed (0.001 seconds).
Test Case '-[MacParakeetTests.MeetingRecordingLockFileStoreTests testHasLiveOwnerUsesReadableLockPID]' passed (0.001 seconds).
Test Case '-[MacParakeetTests.MeetingRecordingLockFileStoreTests testNilNotesIsNotEncoded]' passed (0.001 seconds).
Test Case '-[MacParakeetTests.MeetingRecordingLockFileStoreTests testReadFromCorruptJSONReturnsNil]' passed (0.001 seconds).
Test Case '-[MacParakeetTests.MeetingRecordingLockFileStoreTests testReadFromLockFileMissingNotesKeyDecodesAsNil]' passed (0.001 seconds).
Test Case '-[MacParakeetTests.MeetingRecordingLockFileStoreTests testReadFromLockFileWithMalformedCalendarSnapshotStillRecoversMetadata]' passed (0.001 seconds).
Test Case '-[MacParakeetTests.MeetingRecordingLockFileStoreTests testReadFromLockFileWithMalformedNotesValueStillRecoversMetadata]' passed (0.001 seconds).
Test Case '-[MacParakeetTests.MeetingRecordingLockFileStoreTests testReadFromLockFileWithMalformedStartContextStillRecoversMetadata]' passed (0.001 seconds).
Test Case '-[MacParakeetTests.MeetingRecordingLockFileStoreTests testReadFromMissingFolderReturnsNil]' passed (0.000 seconds).
Test Case '-[MacParakeetTests.MeetingRecordingLockFileStoreTests testReadFromUnknownSchemaVersionReturnsNil]' passed (0.001 seconds).
Test Case '-[MacParakeetTests.MeetingRecordingLockFileStoreTests testReadReturnsAwaitingTranscriptionLockRegardlessOfPID]' passed (0.001 seconds).
Test Case '-[MacParakeetTests.MeetingRecordingLockFileStoreTests testReadTreatsSchemaOneSpeechEngineAsLegacyProvenance]' passed (0.001 seconds).
Test Case '-[MacParakeetTests.MeetingRecordingLockFileStoreTests testUncapturedSpeechEngineRemainsAbsentAfterRewrite]' passed (0.001 seconds).
Test Case '-[MacParakeetTests.MeetingRecordingLockFileStoreTests testWithNotesPreservesEverythingElse]' passed (0.000 seconds).
Test Case '-[MacParakeetTests.MeetingRecordingLockFileStoreTests testWriteThenReadRoundTrip]' passed (0.001 seconds).
Test Case '-[MacParakeetTests.MeetingRecordingLockFileStoreTests testWriteThenReadRoundTripsNotes]' passed (0.001 seconds).
Test Suite 'MeetingRecordingLockFileStoreTests' passed at 2026-09-07 16:23:40.690.
	 Executed 36 tests, with 0 failures (0 unexpected) in 0.061 (0.063) seconds
Test Suite 'MeetingRecordingRecoveryServiceTests' started at 2026-09-07 16:23:40.690.
Test Case '-[MacParakeetTests.MeetingRecordingRecoveryServiceTests testActiveWriterFinalizationIsNeitherOfferedRecoveredNorDiscarded]' passed (0.023 seconds).
Test Case '-[MacParakeetTests.MeetingRecordingRecoveryServiceTests testCrashPointSweepConvergesToCompletedRowDeletedLockAndPreservedAudio]' passed (0.064 seconds).
Test Case '-[MacParakeetTests.MeetingRecordingRecoveryServiceTests testDiscardKeepsCompletedTranscriptAudioAndDeletesOnlyLock]' passed (0.014 seconds).
Test Case '-[MacParakeetTests.MeetingRecordingRecoveryServiceTests testDiscardOfMissingFolderIsIdempotent]' passed (0.013 seconds).
Test Case '-[MacParakeetTests.MeetingRecordingRecoveryServiceTests testDiscardRelinquishesOwnershipWhenMissingLockRepairCannotAcquireMutex]' passed (0.020 seconds).
Test Case '-[MacParakeetTests.MeetingRecordingRecoveryServiceTests testDiscardRemovesEverything]' passed (0.013 seconds).
Test Case '-[MacParakeetTests.MeetingRecordingRecoveryServiceTests testDiscardRestoresMissingLockAfterPartialFolderRemovalAndCanRetry]' passed (0.014 seconds).
Test Case '-[MacParakeetTests.MeetingRecordingRecoveryServiceTests testDiscardRestoresOwnershipAfterFolderRemovalFailureAndCanRetry]' passed (0.015 seconds).
Test Case '-[MacParakeetTests.MeetingRecordingRecoveryServiceTests testDiscardSurfacesFailedLockDeleteAndStaysRetryable]' passed (0.016 seconds).
Test Case '-[MacParakeetTests.MeetingRecordingRecoveryServiceTests testDiscardWithStaleLockRefusesActiveSameProcessFinalizationLease]' passed (0.014 seconds).
Test Case '-[MacParakeetTests.MeetingRecordingRecoveryServiceTests testDiscardWithStaleLockRefusesAnotherLiveProcessFinalizationLease]' passed (0.014 seconds).
Test Case '-[MacParakeetTests.MeetingRecordingRecoveryServiceTests testDiscoverFiltersOnlyEmptySessionsInMixedBatch]' passed (0.015 seconds).
Test Case '-[MacParakeetTests.MeetingRecordingRecoveryServiceTests testDiscoverFiltersSessionWithNoAudioFiles]' passed (0.002 seconds).
Test Case '-[MacParakeetTests.MeetingRecordingRecoveryServiceTests testDiscoverFiltersStubSessionWithoutDeletingFolder]' passed (0.002 seconds).
Test Case '-[MacParakeetTests.MeetingRecordingRecoveryServiceTests testDiscoverKeepsCandidateWhenViabilityCheckFails]' passed (0.002 seconds).
Test Case '-[MacParakeetTests.MeetingRecordingRecoveryServiceTests testDiscoverKeepsCompletedMeetingWhenSourceAudioIsMissing]' passed (0.002 seconds).
Test Case '-[MacParakeetTests.MeetingRecordingRecoveryServiceTests testDiscoverKeepsSessionWhenOnlyOneChannelHasViableAudio]' passed (0.008 seconds).
Test Case '-[MacParakeetTests.MeetingRecordingRecoveryServiceTests testDiscoverKeepsSessionWithViableAudio]' passed (0.014 seconds).
Test Case '-[MacParakeetTests.MeetingRecordingRecoveryServiceTests testPartialDiscardFailureDoesNotReplaceAnotherOwnersLock]' passed (0.014 seconds).
Test Case '-[MacParakeetTests.MeetingRecordingRecoveryServiceTests testRecoverAppliesLockFileNotesToRecoveredTranscriptionUserNotes]' passed (0.019 seconds).
Test Case '-[MacParakeetTests.MeetingRecordingRecoveryServiceTests testRecoverCleansAwaitingTranscriptionLockWhenTranscriptAlreadyExists]' passed (0.014 seconds).
Test Case '-[MacParakeetTests.MeetingRecordingRecoveryServiceTests testRecoverClearsStoredPlaybackFallbackWhenRemixSucceeds]' passed (0.020 seconds).
Test Case '-[MacParakeetTests.MeetingRecordingRecoveryServiceTests testRecoverContinuesWhenMixFails]' passed (0.023 seconds).
Test Case '-[MacParakeetTests.MeetingRecordingRecoveryServiceTests testRecoverDeletesLockOnSuccess]' passed (0.019 seconds).
Test Case '-[MacParakeetTests.MeetingRecordingRecoveryServiceTests testRecoverDeletesStaleCleanedMicWhenSourceMissing]' passed (0.017 seconds).
Test Case '-[MacParakeetTests.MeetingRecordingRecoveryServiceTests testRecoverDoesNotSetUserNotesWhenLockHasNone]' passed (0.019 seconds).
Test Case '-[MacParakeetTests.MeetingRecordingRecoveryServiceTests testRecoverKeepsLockOnFailure]' passed (0.020 seconds).
Test Case '-[MacParakeetTests.MeetingRecordingRecoveryServiceTests testRecoverLegacyLockWithoutSpeechEnginePreservesUncapturedProvenance]' passed (0.019 seconds).
Test Case '-[MacParakeetTests.MeetingRecordingRecoveryServiceTests testRecoverLegacySilenceOnlyPartialReportRemainsHealthy]' passed (0.018 seconds).
Test Case '-[MacParakeetTests.MeetingRecordingRecoveryServiceTests testRecoverMissingMicrophoneMaterializesDelayedSystemTimeline]' passed (0.020 seconds).
Test Case '-[MacParakeetTests.MeetingRecordingRecoveryServiceTests testRecoverMissingPreviouslySilentSystemTrackBecomesUnavailable]' passed (0.018 seconds).
Test Case '-[MacParakeetTests.MeetingRecordingRecoveryServiceTests testRecoverPreservesExistingTimelineAndProvenanceWhileRefreshingMediaFacts]' passed (0.026 seconds).
Test Case '-[MacParakeetTests.MeetingRecordingRecoveryServiceTests testRecoverReadsLegacySourceNamesAndWritesCurrentPlaybackName]' passed (0.021 seconds).
Test Case '-[MacParakeetTests.MeetingRecordingRecoveryServiceTests testRecoverRetryReusesSavedTranscriptWhenLockDeletePreviouslyFailed]' passed (0.020 seconds).
Test Case '-[MacParakeetTests.MeetingRecordingRecoveryServiceTests testRecoverRetryUpdatesPreviousIncompleteRecoveryRow]' passed (0.020 seconds).
Test Case '-[MacParakeetTests.MeetingRecordingRecoveryServiceTests testRecoverSettlesCompletedLegacyPlaybackRow]' passed (0.003 seconds).
Test Case '-[MacParakeetTests.MeetingRecordingRecoveryServiceTests testRecoverSkipsCleanedMicWhenDurationPredictsRenderTimeout]' passed (0.027 seconds).
Test Case '-[MacParakeetTests.MeetingRecordingRecoveryServiceTests testRecoverSkipsCleanedMicWhenRecoveredSystemReferenceIsSilent]' passed (0.028 seconds).
Test Case '-[MacParakeetTests.MeetingRecordingRecoveryServiceTests testRecoverSkipsCorruptSourceAndUsesRemainingPlayableAudio]' passed (0.012 seconds).
Test Case '-[MacParakeetTests.MeetingRecordingRecoveryServiceTests testRecoverSynthesizesMetadataAndPersistsRecoveredTranscription]' passed (0.018 seconds).
Test Case '-[MacParakeetTests.MeetingRecordingRecoveryServiceTests testRecoverUpdatesExistingAwaitingTranscriptionStub]' passed (0.018 seconds).
Test Case '-[MacParakeetTests.MeetingRecordingRecoveryServiceTests testRecoverUsesAudioTrackSampleRateInRecoveredMetadata]' passed (0.011 seconds).
Test Case '-[MacParakeetTests.MeetingRecordingRecoveryServiceTests testRecoverUsesEchoProbeWhenRecoveredAlignmentIsSynthetic]' passed (0.046 seconds).
Test Case '-[MacParakeetTests.MeetingRecordingRecoveryServiceTests testRecoverWritesRecoveredNotesSidecar]' passed (0.018 seconds).
Test Suite 'MeetingRecordingRecoveryServiceTests' passed at 2026-09-07 16:23:41.465.
	 Executed 44 tests, with 0 failures (0 unexpected) in 0.771 (0.775) seconds
Test Suite 'MeetingRecordingSettlementTests' started at 2026-09-07 16:23:41.465.
Test Case '-[MacParakeetTests.MeetingRecordingSettlementTests testDeletesLockAcrossPrivateVarPathAliasBoundary]' passed (0.001 seconds).
Test Case '-[MacParakeetTests.MeetingRecordingSettlementTests testDeletesLockWhenOnlyMeetingFilePathMatches]' passed (0.000 seconds).
Test Case '-[MacParakeetTests.MeetingRecordingSettlementTests testDeletesLockWhenStoredFolderPathDiffersOnlyByCase]' passed (0.000 seconds).
Test Case '-[MacParakeetTests.MeetingRecordingSettlementTests testDeletesLockWhenTranscriptionRowIsCompleted]' passed (0.000 seconds).
Test Case '-[MacParakeetTests.MeetingRecordingSettlementTests testLockDeleteErrorIsRethrownSoCallersCanSurfaceFailedCleanup]' passed (0.001 seconds).
Test Case '-[MacParakeetTests.MeetingRecordingSettlementTests testRefusesWhenCompletedRowBelongsToDifferentFolder]' passed (0.001 seconds).
Test Case '-[MacParakeetTests.MeetingRecordingSettlementTests testRefusesWhenTranscriptionRowIsMissing]' passed (0.000 seconds).
Test Case '-[MacParakeetTests.MeetingRecordingSettlementTests testRefusesWhenTranscriptionRowIsNotCompleted]' passed (0.000 seconds).
Test Suite 'MeetingRecordingSettlementTests' passed at 2026-09-07 16:23:41.469.
	 Executed 8 tests, with 0 failures (0 unexpected) in 0.004 (0.004) seconds
Test Suite 'MeetingsCommandTests' started at 2026-09-07 16:23:41.469.
Test Case '-[CLITests.MeetingsCommandTests testArtifactSubcommandMaterializesMeetingFolder]' passed (0.069 seconds).
Test Case '-[CLITests.MeetingsCommandTests testArtifactSubcommandSupportsSuccessEnvelope]' passed (0.057 seconds).
Test Case '-[CLITests.MeetingsCommandTests testExecutableSubcommandsParse]' passed (0.010 seconds).
Test Case '-[CLITests.MeetingsCommandTests testFormatRawValues]' passed (0.000 seconds).
Test Case '-[CLITests.MeetingsCommandTests testJSONAndEnvelopeFlagsAreMutuallyExclusive]' passed (0.008 seconds).
Test Case '-[CLITests.MeetingsCommandTests testListRejectsNegativeLimit]' passed (0.001 seconds).
Test Case '-[CLITests.MeetingsCommandTests testMarkdownExportMatchesMaterializedMeetingMarkdown]' passed (0.063 seconds).
Test Case '-[CLITests.MeetingsCommandTests testMarkdownExportReflectsSpeakerRenameAndEditedTranscriptFallback]' passed (0.071 seconds).
Test Case '-[CLITests.MeetingsCommandTests testMarkdownExportUsesCurrentSpeakerLabels]' passed (0.065 seconds).
Test Case '-[CLITests.MeetingsCommandTests testMeetingJSONSurfacesArtifactFolderAfterAudioIsGone]' passed (0.076 seconds).
Test Case '-[CLITests.MeetingsCommandTests testMeetingJSONSurfacesExposeTranscriptSegments]' passed (0.132 seconds).
Test Case '-[CLITests.MeetingsCommandTests testMeetingsCommandIsRegisteredAtTopLevel]' passed (0.000 seconds).
Test Case '-[CLITests.MeetingsCommandTests testMeetingSurfacesExposePromptResultAvailability]' passed (0.164 seconds).
Test Case '-[CLITests.MeetingsCommandTests testNotesAppendRequiresOneInputSource]' passed (0.003 seconds).
Test Case '-[CLITests.MeetingsCommandTests testNotesSetRequiresOneInputSource]' passed (0.003 seconds).
Test Case '-[CLITests.MeetingsCommandTests testPromptResultAddRefreshesMaterializedMarkdownAndExportParity]' passed (0.136 seconds).
Test Case '-[CLITests.MeetingsCommandTests testResultsAddRequiresNameAndOneInputSource]' passed (0.005 seconds).
Test Case '-[CLITests.MeetingsCommandTests testResultsAddStoresPromptResultForMeeting]' passed (0.116 seconds).
Test Case '-[CLITests.MeetingsCommandTests testShowJSONIncludesCalendarEventSnapshot]' passed (0.090 seconds).
Test Case '-[CLITests.MeetingsCommandTests testShowJSONIncludesMeetingStartContext]' passed (0.099 seconds).
Test Suite 'MeetingsCommandTests' passed at 2026-09-07 16:23:42.639.
	 Executed 20 tests, with 0 failures (0 unexpected) in 1.168 (1.169) seconds
Test Suite 'PromptCodableCompatibilityTests' started at 2026-09-07 16:23:42.639.
Test Case '-[MacParakeetTests.PromptCodableCompatibilityTests testLegacyPromptDefaultsMissingNotesPreferenceToFalse]' passed (0.000 seconds).
Test Case '-[MacParakeetTests.PromptCodableCompatibilityTests testLegacyResultDefaultsMissingNotesPreferenceToFalse]' passed (0.000 seconds).
Test Case '-[MacParakeetTests.PromptCodableCompatibilityTests testPromptRejectsNullOrMalformedNotesPreference]' passed (0.000 seconds).
Test Case '-[MacParakeetTests.PromptCodableCompatibilityTests testPromptRoundTripPreservesAllMetadataAndExplicitPreference]' passed (0.000 seconds).
Test Case '-[MacParakeetTests.PromptCodableCompatibilityTests testPromptStillRequiresOriginalRequiredFields]' passed (0.000 seconds).
Test Case '-[MacParakeetTests.PromptCodableCompatibilityTests testResultRejectsNullOrMalformedNotesPreference]' passed (0.000 seconds).
Test Case '-[MacParakeetTests.PromptCodableCompatibilityTests testResultRoundTripPreservesAllReceiptsAndExplicitPreference]' passed (0.000 seconds).
Test Case '-[MacParakeetTests.PromptCodableCompatibilityTests testResultStillRequiresOriginalRequiredFields]' passed (0.000 seconds).
Test Suite 'PromptCodableCompatibilityTests' passed at 2026-09-07 16:23:42.641.
	 Executed 8 tests, with 0 failures (0 unexpected) in 0.002 (0.002) seconds
Test Suite 'PromptRepositoryTests' started at 2026-09-07 16:23:42.641.
Test Case '-[MacParakeetTests.PromptRepositoryTests testAppliesToSourcesScopesAutoRunQueryBySource]' passed (0.018 seconds).
Test Case '-[MacParakeetTests.PromptRepositoryTests testBuiltInPromptsReconciledOnReopen]' passed (0.110 seconds).
Test Case '-[MacParakeetTests.PromptRepositoryTests testBuiltInPromptsSeededAfterMigration]' passed (0.019 seconds).
Test Case '-[MacParakeetTests.PromptRepositoryTests testBuiltInTransformsSeededWithDefaultShortcuts]' passed (0.017 seconds).
Test Case '-[MacParakeetTests.PromptRepositoryTests testCommunityPromptArtifactMatchesBuiltInPrompts]' passed (0.017 seconds).
Test Case '-[MacParakeetTests.PromptRepositoryTests testDefaultRunningLabelFallsBackForAwkwardNames]' passed (0.016 seconds).
Test Case '-[MacParakeetTests.PromptRepositoryTests testFetchAutoRunPromptsIgnoresTransformPrompts]' passed (0.018 seconds).
Test Case '-[MacParakeetTests.PromptRepositoryTests testFetchVisibleFiltersHiddenPrompts]' passed (0.017 seconds).
Test Case '-[MacParakeetTests.PromptRepositoryTests testGlobalToggleAutoRunResetsScopeToAllSources]' passed (0.017 seconds).
Test Case '-[MacParakeetTests.PromptRepositoryTests testIncludeMeetingNotesRoundTripsAndCanBeUpdatedAtomically]' passed (0.018 seconds).
Test Case '-[MacParakeetTests.PromptRepositoryTests testInferenceSettingsRoundTripAndDefaultNormalization]' passed (0.017 seconds).
Test Case '-[MacParakeetTests.PromptRepositoryTests testInvalidInferenceSettingsCannotInsertOrReplacePrompt]' passed (0.018 seconds).
Test Case '-[MacParakeetTests.PromptRepositoryTests testMalformedInferenceSettingsIsAVisibleFetchError]' passed (0.016 seconds).
Test Case '-[MacParakeetTests.PromptRepositoryTests testNameUniquenessConstraintIsCaseInsensitive]' passed (0.016 seconds).
Test Case '-[MacParakeetTests.PromptRepositoryTests testOutOfRangeStoredInferenceSettingsFailsFetchAndMutation]' passed (0.016 seconds).
Test Case '-[MacParakeetTests.PromptRepositoryTests testReconcileDoesNotOverwriteCustomPromptSharingBuiltInName]' passed (0.060 seconds).
Test Case '-[MacParakeetTests.PromptRepositoryTests testReconcilerClearsLegacyDecideShortcutWhenNewDefaultIsAlreadyUsed]' passed (0.065 seconds).
Test Case '-[MacParakeetTests.PromptRepositoryTests testReconcilerMigratesLegacyDecideDefaultShortcut]' passed (0.064 seconds).
Test Case '-[MacParakeetTests.PromptRepositoryTests testReconcilerMigratesLegacyDistillDefaultShortcut]' passed (0.096 seconds).
Test Case '-[MacParakeetTests.PromptRepositoryTests testReconcilerMigratesLegacyPolishDefaultShortcut]' passed (0.218 seconds).
Test Case '-[MacParakeetTests.PromptRepositoryTests testReconcilerPreservesAppliesToSources]' passed (0.187 seconds).
Test Case '-[MacParakeetTests.PromptRepositoryTests testReconcilerPreservesBuiltInInferenceSettings]' passed (0.148 seconds).
Test Case '-[MacParakeetTests.PromptRepositoryTests testReconcilerPreservesBuiltInMeetingNotesPreference]' passed (0.149 seconds).
Test Case '-[MacParakeetTests.PromptRepositoryTests testReconcilerPreservesClearedDecideShortcut]' passed (0.117 seconds).
Test Case '-[MacParakeetTests.PromptRepositoryTests testReconcilerPreservesCustomDecideShortcut]' passed (0.109 seconds).
Test Case '-[MacParakeetTests.PromptRepositoryTests testReconcilerPreservesCustomPolishShortcut]' passed (0.071 seconds).
Test Case '-[MacParakeetTests.PromptRepositoryTests testReconcilerPreservesLegacyPartialAppliesToSources]' passed (0.067 seconds).
Test Case '-[MacParakeetTests.PromptRepositoryTests testReconcilerPreservesUserCustomizedBuiltInTransformFields]' passed (0.074 seconds).
Test Case '-[MacParakeetTests.PromptRepositoryTests testRestoreDefaultsClearsSourceScoping]' passed (0.018 seconds).
Test Case '-[MacParakeetTests.PromptRepositoryTests testRestoreDefaultsRevealsBuiltIns]' passed (0.018 seconds).
Test Case '-[MacParakeetTests.PromptRepositoryTests testRestoreDefaultsRevealsBuiltInTransformsWithoutResettingThem]' passed (0.017 seconds).
Test Case '-[MacParakeetTests.PromptRepositoryTests testSaveAndFetchCustomPrompt]' passed (0.017 seconds).
Test Case '-[MacParakeetTests.PromptRepositoryTests testSetAutoRunAddsSourceToExistingPartialScope]' passed (0.017 seconds).
Test Case '-[MacParakeetTests.PromptRepositoryTests testSetAutoRunDisableFromAllNarrowsToOtherSources]' passed (0.018 seconds).
Test Case '-[MacParakeetTests.PromptRepositoryTests testSetAutoRunDisablingLastSourceTurnsAutoRunOff]' passed (0.018 seconds).
Test Case '-[MacParakeetTests.PromptRepositoryTests testSetAutoRunFromOffScopesToSingleSource]' passed (0.017 seconds).
Test Case '-[MacParakeetTests.PromptRepositoryTests testSetAutoRunReEnablingEverySourceNormalizesScopeToNil]' passed (0.018 seconds).
Test Case '-[MacParakeetTests.PromptRepositoryTests testToggleAutoRunIgnoresTransformPrompts]' passed (0.017 seconds).
Test Case '-[MacParakeetTests.PromptRepositoryTests testTransformPromptsCannotEnableMeetingNotesContext]' passed (0.017 seconds).
Test Case '-[MacParakeetTests.PromptRepositoryTests testTransformRejectsNondefaultInferenceSettings]' passed (0.017 seconds).
Test Suite 'PromptRepositoryTests' passed at 2026-09-07 16:23:44.628.
	 Executed 40 tests, with 0 failures (0 unexpected) in 1.984 (1.987) seconds
Test Suite 'PromptResultsViewModelTests' started at 2026-09-07 16:23:44.628.
Test Case '-[MacParakeetTests.PromptResultsViewModelTests testAutoGeneratePromptResultsAlsoQueuesKnowledgeCardWhenProviderIsConfigured]' passed (0.012 seconds).
Test Case '-[MacParakeetTests.PromptResultsViewModelTests testAutoGeneratePromptResultsDoesNothingWhenNoAutoRunPromptsAreEnabled]' passed (0.000 seconds).
Test Case '-[MacParakeetTests.PromptResultsViewModelTests testAutoGeneratePromptResultsRespectsSourceScoping]' passed (0.000 seconds).
Test Case '-[MacParakeetTests.PromptResultsViewModelTests testAutoGeneratePromptResultsRunsForShortNonEmptyTranscript]' passed (0.000 seconds).
Test Case '-[MacParakeetTests.PromptResultsViewModelTests testAutoGeneratePromptResultsSkipsEmptyAndWhitespaceOnlyTranscript]' passed (0.000 seconds).
Test Case '-[MacParakeetTests.PromptResultsViewModelTests testAutoGeneratePromptResultsSkipsWhenAutoRunPromptFetchFails]' passed (0.000 seconds).
Test Case '-[MacParakeetTests.PromptResultsViewModelTests testBackgroundMeetingStatusDoesNotLeakIntoDisplayedTranscriptControls]' passed (0.012 seconds).
Test Case '-[MacParakeetTests.PromptResultsViewModelTests testBackgroundPromptFailureDoesNotReplaceDisplayedMeetingError]' passed (0.012 seconds).
Test Case '-[MacParakeetTests.PromptResultsViewModelTests testBackgroundPromptRetryPreservesNotesSnapshotAndDisplayedMeeting]' passed (0.022 seconds).
Test Case '-[MacParakeetTests.PromptResultsViewModelTests testCancelGenerationRemovesFailedGeneration]' passed (0.202 seconds).
Test Case '-[MacParakeetTests.PromptResultsViewModelTests testConfigureLoadsVisiblePromptsAndDefaultSelection]' passed (0.000 seconds).
Test Case '-[MacParakeetTests.PromptResultsViewModelTests testDeletePromptResultRemovesResultAndKeepsRemainingPromptResults]' passed (0.000 seconds).
Test Case '-[MacParakeetTests.PromptResultsViewModelTests testGeneratePromptResultDoesNotPersistEmptyStream]' passed (0.202 seconds).
Test Case '-[MacParakeetTests.PromptResultsViewModelTests testGeneratePromptResultLeavesNonNotesPromptsUnchangedWhenUserNotesEmpty]' passed (0.202 seconds).
Test Case '-[MacParakeetTests.PromptResultsViewModelTests testGeneratePromptResultOptInAppendsNotesAndPersistsEffectiveReceipt]' passed (0.012 seconds).
Test Case '-[MacParakeetTests.PromptResultsViewModelTests testGeneratePromptResultPersistsCustomPromptResult]' passed (0.202 seconds).
Test Case '-[MacParakeetTests.PromptResultsViewModelTests testGeneratePromptResultRefreshesMaterializedMeetingMarkdown]' passed (0.015 seconds).
Test Case '-[MacParakeetTests.PromptResultsViewModelTests testGeneratePromptResultRendersEmptyWhenUserNotesAreNil]' passed (0.203 seconds).
Test Case '-[MacParakeetTests.PromptResultsViewModelTests testGeneratePromptResultRequiresSelectedVisiblePrompt]' passed (0.000 seconds).
Test Case '-[MacParakeetTests.PromptResultsViewModelTests testGeneratePromptResultSnapshotsUserNotesOntoSavedPromptResult]' passed (0.010 seconds).
Test Case '-[MacParakeetTests.PromptResultsViewModelTests testGeneratePromptResultSubstitutesTranscriptIntoSystemPrompt]' passed (0.202 seconds).
Test Case '-[MacParakeetTests.PromptResultsViewModelTests testGeneratePromptResultSubstitutesUserNotesIntoSystemPrompt]' passed (0.202 seconds).
Test Case '-[MacParakeetTests.PromptResultsViewModelTests testGeneratePromptResultWithoutOptInOrTokenDoesNotSnapshotNotes]' passed (0.011 seconds).
Test Case '-[MacParakeetTests.PromptResultsViewModelTests testGenerationCapabilityIsFalseBeforeAIConfigured]' passed (0.000 seconds).
Test Case '-[MacParakeetTests.PromptResultsViewModelTests testGenerationSnapshotsRequestedSettingsAndPersistsTerminalEffectiveSettings]' passed (0.111 seconds).
Test Case '-[MacParakeetTests.PromptResultsViewModelTests testLoadPromptResultsClearsFailedGenerationsWhenSwitchingTranscriptions]' passed (0.202 seconds).
Test Case '-[MacParakeetTests.PromptResultsViewModelTests testLoadPromptResultsClearsPendingGenerationsWhenSwitchingTranscriptions]' passed (0.000 seconds).
Test Case '-[MacParakeetTests.PromptResultsViewModelTests testNavigationCancelsManualWorkButPreservesQueuedBackgroundMeetingPrompts]' passed (0.034 seconds).
Test Case '-[MacParakeetTests.PromptResultsViewModelTests testRefreshModelInfoLoadsDiscoveredOllamaModelsForPromptSelector]' passed (0.102 seconds).
Test Case '-[MacParakeetTests.PromptResultsViewModelTests testRegenerateEmptyStreamKeepsExistingResultAndMarksGenerationFailed]' passed (0.205 seconds).
Test Case '-[MacParakeetTests.PromptResultsViewModelTests testRegeneratePromptResultReplacesExistingResult]' passed (0.204 seconds).
Test Case '-[MacParakeetTests.PromptResultsViewModelTests testRegenerateReusesPersistedEffectiveSettingsAsRequestedSnapshot]' passed (0.012 seconds).
Test Case '-[MacParakeetTests.PromptResultsViewModelTests testRegenerateUsesCheckboxSnapshotWithCurrentNotes]' passed (0.012 seconds).
Test Case '-[MacParakeetTests.PromptResultsViewModelTests testRetryGenerationIgnoresActiveGenerations]' passed (0.001 seconds).
Test Case '-[MacParakeetTests.PromptResultsViewModelTests testRetryGenerationKeepsFailedEntryWhenLLMServiceIsGone]' passed (0.204 seconds).
Test Case '-[MacParakeetTests.PromptResultsViewModelTests testRetryGenerationReEnqueuesFailedGenerationWithSameInputs]' passed (0.404 seconds).
Test Case '-[MacParakeetTests.PromptResultsViewModelTests testRetryKeepsExactCappedNotesSnapshotWithoutRecappingOrRefetching]' passed (0.026 seconds).
Test Case '-[MacParakeetTests.PromptResultsViewModelTests testStreamErrorMarksGenerationFailedWithProviderMessage]' passed (0.202 seconds).
Test Case '-[MacParakeetTests.PromptResultsViewModelTests testStreamWithoutTerminalDoesNotPersistResult]' passed (0.011 seconds).
Test Case '-[MacParakeetTests.PromptResultsViewModelTests testSuccessfulQueuedGenerationClearsEarlierEmptyStreamError]' passed (0.304 seconds).
Test Case '-[MacParakeetTests.PromptResultsViewModelTests testTruncateNotesForPromptDoesNotBannerWhenInputFitsExactlyWithTrailingWhitespace]' passed (0.012 seconds).
Test Case '-[MacParakeetTests.PromptResultsViewModelTests testTruncateNotesForPromptPreservesWhitespaceInKeptPortion]' passed (0.007 seconds).
Test Case '-[MacParakeetTests.PromptResultsViewModelTests testTruncateNotesForPromptStaysUnderSoftCap]' passed (0.015 seconds).
Test Case '-[MacParakeetTests.PromptResultsViewModelTests testUnreadPromptResultsTrackMultipleCompletedResults]' passed (0.304 seconds).
Test Suite 'PromptResultsViewModelTests' passed at 2026-09-07 16:23:48.530.
	 Executed 44 tests, with 0 failures (0 unexpected) in 3.896 (3.902) seconds
Test Suite 'PromptTemplateRendererTests' started at 2026-09-07 16:23:48.530.
Test Case '-[MacParakeetTests.PromptTemplateRendererTests testCaseSensitiveVariableNames]' passed (0.001 seconds).
Test Case '-[MacParakeetTests.PromptTemplateRendererTests testEmptyTokenRendersAsEmptyString]' passed (0.000 seconds).
Test Case '-[MacParakeetTests.PromptTemplateRendererTests testEmptyValueRendersEmpty]' passed (0.000 seconds).
Test Case '-[MacParakeetTests.PromptTemplateRendererTests testMissingKeyFallsBackToEmptyString]' passed (0.001 seconds).
Test Case '-[MacParakeetTests.PromptTemplateRendererTests testNoTokensReturnsTemplateUnchanged]' passed (0.000 seconds).
Test Case '-[MacParakeetTests.PromptTemplateRendererTests testPartialClosingMarkerSurvivesLiterally]' passed (0.000 seconds).
Test Case '-[MacParakeetTests.PromptTemplateRendererTests testSinglePassDoesNotInterpretValueAsTemplate]' passed (0.000 seconds).
Test Case '-[MacParakeetTests.PromptTemplateRendererTests testStandaloneClosingMarkerSurvivesLiterally]' passed (0.000 seconds).
Test Case '-[MacParakeetTests.PromptTemplateRendererTests testSubstitutesEachOccurrence]' passed (0.000 seconds).
Test Case '-[MacParakeetTests.PromptTemplateRendererTests testSubstitutesTranscriptToken]' passed (0.000 seconds).
Test Case '-[MacParakeetTests.PromptTemplateRendererTests testSubstitutesUserNotesToken]' passed (0.000 seconds).
Test Case '-[MacParakeetTests.PromptTemplateRendererTests testSystemPromptAssemblerAppendsOptInNotesBeforeExtraInstructions]' passed (0.000 seconds).
Test Case '-[MacParakeetTests.PromptTemplateRendererTests testSystemPromptAssemblerDoesNotInjectNotesWithoutOptInOrToken]' passed (0.000 seconds).
Test Case '-[MacParakeetTests.PromptTemplateRendererTests testSystemPromptAssemblerExplicitTokenWorksWithoutOptInAndDoesNotDuplicateWithOptIn]' passed (0.000 seconds).
Test Case '-[MacParakeetTests.PromptTemplateRendererTests testSystemPromptAssemblerReceiptMatchesCappedNotesExactly]' passed (0.010 seconds).
Test Case '-[MacParakeetTests.PromptTemplateRendererTests testSystemPromptAssemblerRendersNotesTranscriptAndExtraInstructions]' passed (0.000 seconds).
Test Case '-[MacParakeetTests.PromptTemplateRendererTests testSystemPromptAssemblerWhitespaceNotesRemainByteIdenticalWhenEnabled]' passed (0.000 seconds).
Test Case '-[MacParakeetTests.PromptTemplateRendererTests testTranscriptValueContainingUserNotesTokenIsNotReinterpreted]' passed (0.000 seconds).
Test Case '-[MacParakeetTests.PromptTemplateRendererTests testUnknownVariableNameRendersEmpty]' passed (0.000 seconds).
Test Case '-[MacParakeetTests.PromptTemplateRendererTests testUnterminatedOpeningTokenSurvivesLiterally]' passed (0.000 seconds).
Test Suite 'PromptTemplateRendererTests' passed at 2026-09-07 16:23:48.549.
	 Executed 20 tests, with 0 failures (0 unexpected) in 0.016 (0.019) seconds
Test Suite 'PromptsCommandTests' started at 2026-09-07 16:23:48.549.
Test Case '-[CLITests.PromptsCommandTests testAddAllowsNeitherSet]' passed (0.002 seconds).
Test Case '-[CLITests.PromptsCommandTests testAddRejectsContentAndFromFileTogether]' passed (0.001 seconds).
Test Case '-[CLITests.PromptsCommandTests testAddRejectsEmptyName]' passed (0.001 seconds).
Test Case '-[CLITests.PromptsCommandTests testCLIJSONEncoderEmitsParseableJSON]' passed (0.024 seconds).
Test Case '-[CLITests.PromptsCommandTests testFindPromptByExactUUID]' passed (0.018 seconds).
Test Case '-[CLITests.PromptsCommandTests testFindPromptByNameCaseInsensitive]' passed (0.016 seconds).
Test Case '-[CLITests.PromptsCommandTests testFindPromptByPrefix]' passed (0.015 seconds).
Test Case '-[CLITests.PromptsCommandTests testFindPromptIgnoresTransformRows]' passed (0.015 seconds).
Test Case '-[CLITests.PromptsCommandTests testFindPromptPrefersIDPrefixOverName]' passed (0.015 seconds).
Test Case '-[CLITests.PromptsCommandTests testFindPromptRejectsShortUUIDPrefixUnlessItIsName]' passed (0.015 seconds).
Test Case '-[CLITests.PromptsCommandTests testFindPromptThrowsAmbiguousForSharedPrefix]' passed (0.015 seconds).
Test Case '-[CLITests.PromptsCommandTests testFindPromptThrowsEmptyIDForWhitespace]' passed (0.015 seconds).
Test Case '-[CLITests.PromptsCommandTests testFindPromptThrowsNotFoundForBogusInput]' passed (0.015 seconds).
Test Case '-[CLITests.PromptsCommandTests testListJSONExcludesTransformPrompts]' passed (0.045 seconds).
Test Case '-[CLITests.PromptsCommandTests testMeetingNotesLookupPrefersResultsWithoutLosingExactUUIDIdentity]' passed (0.068 seconds).
Test Case '-[CLITests.PromptsCommandTests testRestoreDefaultsKeepsTransformVisibilityCompatibility]' passed (0.055 seconds).
Test Case '-[CLITests.PromptsCommandTests testSetAcceptsHiddenWithNoAutoRun]' passed (0.001 seconds).
Test Case '-[CLITests.PromptsCommandTests testSetAcceptsSourceScopedAutoRun]' passed (0.001 seconds).
Test Case '-[CLITests.PromptsCommandTests testSetAutoRunClearsPerSourceScope]' passed (0.000 seconds).
Test Case '-[CLITests.PromptsCommandTests testSetHiddenClearsAutoRunAndScope]' passed (0.000 seconds).
Test Case '-[CLITests.PromptsCommandTests testSetJSONLookupFailureEmitsEnvelope]' passed (0.048 seconds).
Test Case '-[CLITests.PromptsCommandTests testSetMeetingNotesFlagPersistsAndAppearsInJSON]' passed (0.047 seconds).
Test Case '-[CLITests.PromptsCommandTests testSetMeetingNotesFlagRejectsTransformPrompt]' passed (0.045 seconds).
Test Case '-[CLITests.PromptsCommandTests testSetNoAutoRunClearsPerSourceScope]' passed (0.000 seconds).
Test Case '-[CLITests.PromptsCommandTests testSetRejectsContradictoryHiddenAndAutoRun]' passed (0.001 seconds).
Test Case '-[CLITests.PromptsCommandTests testSetRejectsContradictoryMeetingNotesFlags]' passed (0.001 seconds).
Test Case '-[CLITests.PromptsCommandTests testSetRejectsMutuallyExclusiveVisibleHidden]' passed (0.001 seconds).
Test Case '-[CLITests.PromptsCommandTests testSetRejectsSourceWithoutAutoRunFlag]' passed (0.001 seconds).
Test Case '-[CLITests.PromptsCommandTests testSetRejectsSourceWithVisibilityFlags]' passed (0.001 seconds).
Test Case '-[CLITests.PromptsCommandTests testSetRequiresAtLeastOneFlag]' passed (0.001 seconds).
Test Case '-[CLITests.PromptsCommandTests testSetSourceScopedAutoRunJSONEmitsUpdatedPrompt]' passed (0.048 seconds).
Test Case '-[CLITests.PromptsCommandTests testSetSourceScopedAutoRunUsesRepositoryScoping]' passed (0.049 seconds).
Test Case '-[CLITests.PromptsCommandTests testSetSourceScopedNoAutoRunNarrowsGlobalAutoRun]' passed (0.047 seconds).
Test Case '-[CLITests.PromptsCommandTests testStoredPromptRunResultUsesEffectiveSettingsReceipt]' passed (0.000 seconds).
Test Case '-[CLITests.PromptsCommandTests testStoredPromptRunResultUsesExactEffectiveNotesReceiptAndPreference]' passed (0.000 seconds).
Test Suite 'PromptsCommandTests' passed at 2026-09-07 16:23:49.181.
	 Executed 35 tests, with 0 failures (0 unexpected) in 0.630 (0.632) seconds
Test Suite 'PromptsViewModelTests' started at 2026-09-07 16:23:49.181.
Test Case '-[MacParakeetTests.PromptsViewModelTests testAddPromptCreatesCustomSummaryPrompt]' passed (0.001 seconds).
Test Case '-[MacParakeetTests.PromptsViewModelTests testAddPromptKeepsBlankInferenceFieldsUnset]' passed (0.000 seconds).
Test Case '-[MacParakeetTests.PromptsViewModelTests testAddPromptPersistsMeetingNotesPreferenceAndResetsDraft]' passed (0.000 seconds).
Test Case '-[MacParakeetTests.PromptsViewModelTests testAddPromptPersistsValidatedInferenceSettings]' passed (0.000 seconds).
Test Case '-[MacParakeetTests.PromptsViewModelTests testAddPromptRejectsDuplicateNameCaseInsensitive]' passed (0.000 seconds).
Test Case '-[MacParakeetTests.PromptsViewModelTests testAddPromptRejectsDuplicateTransformNameHiddenFromLibrary]' passed (0.000 seconds).
Test Case '-[MacParakeetTests.PromptsViewModelTests testAddPromptReportsFieldLevelInferenceValidationErrorsWithoutSaving]' passed (0.000 seconds).
Test Case '-[MacParakeetTests.PromptsViewModelTests testAddPromptValidationClearsWhenFieldsChange]' passed (0.000 seconds).
Test Case '-[MacParakeetTests.PromptsViewModelTests testBuiltInPromptCannotBeEditedThroughViewModel]' passed (0.000 seconds).
Test Case '-[MacParakeetTests.PromptsViewModelTests testCancelEditingRestoresMeetingNotesDraftDefaultWithoutPersisting]' passed (0.000 seconds).
Test Case '-[MacParakeetTests.PromptsViewModelTests testChangingInferenceDraftClearsItsValidationErrors]' passed (0.000 seconds).
Test Case '-[MacParakeetTests.PromptsViewModelTests testEditPromptLoadsAndPersistsInferenceSettings]' passed (0.000 seconds).
Test Case '-[MacParakeetTests.PromptsViewModelTests testEditPromptLoadsAndPersistsMeetingNotesPreference]' passed (0.000 seconds).
Test Case '-[MacParakeetTests.PromptsViewModelTests testLoadPromptsFiltersOutTransformCategory]' passed (0.000 seconds).
Test Case '-[MacParakeetTests.PromptsViewModelTests testResetInferenceDraftClearsEveryField]' passed (0.000 seconds).
Test Case '-[MacParakeetTests.PromptsViewModelTests testRestoreDefaultsShowsAllBuiltIns]' passed (0.000 seconds).
Test Case '-[MacParakeetTests.PromptsViewModelTests testSetIncludeMeetingNotesIgnoresTransformPrompts]' passed (0.000 seconds).
Test Case '-[MacParakeetTests.PromptsViewModelTests testSetIncludeMeetingNotesUpdatesBuiltInAndCustomResultPrompts]' passed (0.000 seconds).
Test Case '-[MacParakeetTests.PromptsViewModelTests testToggleVisibilityChangesPromptState]' passed (0.000 seconds).
Test Case '-[MacParakeetTests.PromptsViewModelTests testUpdatePromptPersistsChanges]' passed (0.000 seconds).
Test Case '-[MacParakeetTests.PromptsViewModelTests testUpdatePromptRejectsDuplicateTransformNameHiddenFromLibrary]' passed (0.000 seconds).
Test Case '-[MacParakeetTests.PromptsViewModelTests testUpdatingOtherPromptWithInvalidLegacySettingsPreservesEditorErrors]' passed (0.000 seconds).
Test Suite 'PromptsViewModelTests' passed at 2026-09-07 16:23:49.187.
	 Executed 22 tests, with 0 failures (0 unexpected) in 0.005 (0.006) seconds
Test Suite 'QuickPromptRepositoryTests' started at 2026-09-07 16:23:49.187.
Test Case '-[MacParakeetTests.QuickPromptRepositoryTests testBuiltInsSeededAfterMigration]' passed (0.016 seconds).
Test Case '-[MacParakeetTests.QuickPromptRepositoryTests testCustomMayCarryGroupLabelEvenWhenPinned]' passed (0.017 seconds).
Test Case '-[MacParakeetTests.QuickPromptRepositoryTests testDeleteBuiltInRejected]' passed (0.016 seconds).
Test Case '-[MacParakeetTests.QuickPromptRepositoryTests testDeleteCustomSucceeds]' passed (0.016 seconds).
Test Case '-[MacParakeetTests.QuickPromptRepositoryTests testFetchPinnedReturnsAllVisiblePinnedRows]' passed (0.018 seconds).
Test Case '-[MacParakeetTests.QuickPromptRepositoryTests testFetchPinnedReturnsVisiblePinnedOnly]' passed (0.017 seconds).
Test Case '-[MacParakeetTests.QuickPromptRepositoryTests testImportDryRunMakesNoWrites]' passed (0.017 seconds).
Test Case '-[MacParakeetTests.QuickPromptRepositoryTests testImportForgedBuiltInIsCoercedToCustom]' passed (0.016 seconds).
Test Case '-[MacParakeetTests.QuickPromptRepositoryTests testImportMergeAddsNewRows]' passed (0.017 seconds).
Test Case '-[MacParakeetTests.QuickPromptRepositoryTests testImportMergePreservesUntouchedRows]' passed (0.017 seconds).
Test Case '-[MacParakeetTests.QuickPromptRepositoryTests testImportMergeUpsertsByID]' passed (0.017 seconds).
Test Case '-[MacParakeetTests.QuickPromptRepositoryTests testImportNormalizesHiddenPinnedToUnpinned]' passed (0.016 seconds).
Test Case '-[MacParakeetTests.QuickPromptRepositoryTests testImportPreservesBuiltInPinState]' passed (0.017 seconds).
Test Case '-[MacParakeetTests.QuickPromptRepositoryTests testImportRejectsDuplicateIDsWithoutTrapping]' passed (0.016 seconds).
Test Case '-[MacParakeetTests.QuickPromptRepositoryTests testImportReplaceDryRunCountsBuiltInResetsWithoutWriting]' passed (0.017 seconds).
Test Case '-[MacParakeetTests.QuickPromptRepositoryTests testImportReplaceWipesCustomsAndReseeds]' passed (0.018 seconds).
Test Case '-[MacParakeetTests.QuickPromptRepositoryTests testNoUUIDCollisionsAcrossBuiltIns]' passed (0.017 seconds).
Test Case '-[MacParakeetTests.QuickPromptRepositoryTests testPinnedAndUnpinnedDefaultCounts]' passed (0.031 seconds).
Test Case '-[MacParakeetTests.QuickPromptRepositoryTests testPinnedSeedsHaveNoGroupLabel]' passed (0.017 seconds).
Test Case '-[MacParakeetTests.QuickPromptRepositoryTests testReorderWithinPinnedBucketUpdatesSortOrder]' passed (0.017 seconds).
Test Case '-[MacParakeetTests.QuickPromptRepositoryTests testReorderWithinPinnedDoesNotTouchUnpinned]' passed (0.017 seconds).
Test Case '-[MacParakeetTests.QuickPromptRepositoryTests testRestoreAllBuiltInDefaultsLeavesCustomsAlone]' passed (0.018 seconds).
Test Case '-[MacParakeetTests.QuickPromptRepositoryTests testRestoreDefaultKeepsHiddenBuiltInUnpinned]' passed (0.017 seconds).
Test Case '-[MacParakeetTests.QuickPromptRepositoryTests testRestoreSingleDefaultRevertsLabelAndPromptButPreservesVisibility]' passed (0.018 seconds).
Test Case '-[MacParakeetTests.QuickPromptRepositoryTests testRestoreSingleDefaultRevertsPinState]' passed (0.017 seconds).
Test Case '-[MacParakeetTests.QuickPromptRepositoryTests testRetiredBuiltInDoesNotDeleteCustoms]' passed (0.017 seconds).
Test Case '-[MacParakeetTests.QuickPromptRepositoryTests testRetiredBuiltInIsRemovedOnReseed]' passed (0.016 seconds).
Test Case '-[MacParakeetTests.QuickPromptRepositoryTests testSaveAllowsRenamingExistingGroupCasing]' passed (0.017 seconds).
Test Case '-[MacParakeetTests.QuickPromptRepositoryTests testSaveAndFetchCustom]' passed (0.017 seconds).
Test Case '-[MacParakeetTests.QuickPromptRepositoryTests testSaveCollapsesWhitespaceOnlyGroupLabelToNil]' passed (0.017 seconds).
Test Case '-[MacParakeetTests.QuickPromptRepositoryTests testSaveNormalizesHiddenPinnedToUnpinned]' passed (0.017 seconds).
Test Case '-[MacParakeetTests.QuickPromptRepositoryTests testSaveSnapsGroupLabelCaseInsensitivelyAcrossCustoms]' passed (0.016 seconds).
Test Case '-[MacParakeetTests.QuickPromptRepositoryTests testSaveSnapsGroupLabelToExistingCanonicalCasing]' passed (0.017 seconds).
Test Case '-[MacParakeetTests.QuickPromptRepositoryTests testSeedIfNeededDoesNotClobberEdits]' passed (0.018 seconds).
Test Case '-[MacParakeetTests.QuickPromptRepositoryTests testSeedIfNeededIsIdempotent]' passed (0.017 seconds).
Test Case '-[MacParakeetTests.QuickPromptRepositoryTests testSetPinnedAllowsPinningBeyondDefaultSeedCount]' passed (0.021 seconds).
Test Case '-[MacParakeetTests.QuickPromptRepositoryTests testSetPinnedAutoEnablesVisibilityWhenPinningHiddenPrompt]' passed (0.018 seconds).
Test Case '-[MacParakeetTests.QuickPromptRepositoryTests testSetPinnedFalseDoesNotTouchVisibility]' passed (0.017 seconds).
Test Case '-[MacParakeetTests.QuickPromptRepositoryTests testSetPinnedReturnsNotFoundForMissingID]' passed (0.017 seconds).
Test Case '-[MacParakeetTests.QuickPromptRepositoryTests testSetPinnedTogglesUnpinnedToPinned]' passed (0.017 seconds).
Test Case '-[MacParakeetTests.QuickPromptRepositoryTests testSetPinnedToSameStateIsIdempotentNoOp]' passed (0.017 seconds).
Test Case '-[MacParakeetTests.QuickPromptRepositoryTests testToggleVisibility]' passed (0.017 seconds).
Test Case '-[MacParakeetTests.QuickPromptRepositoryTests testToggleVisibilityFromUnpinnedDoesNotTouchPin]' passed (0.016 seconds).
Test Case '-[MacParakeetTests.QuickPromptRepositoryTests testUnpinnedSeedsHaveGroupLabels]' passed (0.015 seconds).
Test Suite 'QuickPromptRepositoryTests' passed at 2026-09-07 16:23:49.950.
	 Executed 44 tests, with 0 failures (0 unexpected) in 0.759 (0.763) seconds
Test Suite 'QuickPromptsCommandTests' started at 2026-09-07 16:23:49.950.
Test Case '-[CLITests.QuickPromptsCommandTests testAddAcceptsGroupOnAnyPrompt]' passed (0.001 seconds).
Test Case '-[CLITests.QuickPromptsCommandTests testAddJSONReturnsSuccessEnvelope]' passed (0.040 seconds).
Test Case '-[CLITests.QuickPromptsCommandTests testAddPinnedSucceedsUnbounded]' passed (0.038 seconds).
Test Case '-[CLITests.QuickPromptsCommandTests testAddRejectsEmptyLabel]' passed (0.001 seconds).
Test Case '-[CLITests.QuickPromptsCommandTests testAddRejectsPromptAndFromFileTogether]' passed (0.001 seconds).
Test Case '-[CLITests.QuickPromptsCommandTests testAddRequiresLabel]' passed (0.001 seconds).
Test Case '-[CLITests.QuickPromptsCommandTests testErrorTypeMapsDeleteBuiltInToValidation]' passed (0.000 seconds).
Test Case '-[CLITests.QuickPromptsCommandTests testErrorTypeMapsImportCancelledToValidation]' passed (0.000 seconds).
Test Case '-[CLITests.QuickPromptsCommandTests testErrorTypeMapsImportSchemaError]' passed (0.000 seconds).
Test Case '-[CLITests.QuickPromptsCommandTests testErrorTypeMapsReadFailedToInputMissing]' passed (0.000 seconds).
Test Case '-[CLITests.QuickPromptsCommandTests testFindByExactUUID]' passed (0.016 seconds).
Test Case '-[CLITests.QuickPromptsCommandTests testFindByLabelCaseInsensitive]' passed (0.015 seconds).
Test Case '-[CLITests.QuickPromptsCommandTests testFindByPrefix]' passed (0.015 seconds).
Test Case '-[CLITests.QuickPromptsCommandTests testFindThrowsAmbiguousForSharedPrefix]' passed (0.015 seconds).
Test Case '-[CLITests.QuickPromptsCommandTests testFindThrowsEmptyIDForWhitespace]' passed (0.015 seconds).
Test Case '-[CLITests.QuickPromptsCommandTests testFindThrowsNotFound]' passed (0.015 seconds).
Test Case '-[CLITests.QuickPromptsCommandTests testListPinnedFilterOnlyReturnsPinnedRows]' passed (0.039 seconds).
Test Case '-[CLITests.QuickPromptsCommandTests testListUnpinnedFilterOnlyReturnsUnpinnedRows]' passed (0.038 seconds).
Test Case '-[CLITests.QuickPromptsCommandTests testPinSucceedsBeyondDefaultPinnedCount]' passed (0.041 seconds).
Test Case '-[CLITests.QuickPromptsCommandTests testRestoreDefaultsHasNoKindFlag]' passed (0.001 seconds).
Test Case '-[CLITests.QuickPromptsCommandTests testSetAcceptsLabelOnly]' passed (0.001 seconds).
Test Case '-[CLITests.QuickPromptsCommandTests testSetGroupOnPinnedPromptIsAllowed]' passed (0.041 seconds).
Test Case '-[CLITests.QuickPromptsCommandTests testSetHiddenAutoUnpinsPinnedPrompt]' passed (0.042 seconds).
Test Case '-[CLITests.QuickPromptsCommandTests testSetJSONReturnsSuccessEnvelope]' passed (0.049 seconds).
Test Case '-[CLITests.QuickPromptsCommandTests testSetRejectsEmptyLabel]' passed (0.001 seconds).
Test Case '-[CLITests.QuickPromptsCommandTests testSetRejectsEmptyPrompt]' passed (0.001 seconds).
Test Case '-[CLITests.QuickPromptsCommandTests testSetRejectsVisibleAndHidden]' passed (0.001 seconds).
Test Case '-[CLITests.QuickPromptsCommandTests testSetRequiresAtLeastOneField]' passed (0.001 seconds).
Test Case '-[CLITests.QuickPromptsCommandTests testUnpinSucceedsOnDefaultBuiltIn]' passed (0.044 seconds).
Test Suite 'QuickPromptsCommandTests' passed at 2026-09-07 16:23:50.427.
	 Executed 29 tests, with 0 failures (0 unexpected) in 0.475 (0.477) seconds
Test Suite 'QuickPromptsViewModelTests' started at 2026-09-07 16:23:50.427.
Test Case '-[MacParakeetTests.QuickPromptsViewModelTests testCommitCreatingRejectsEmptyFieldsWithoutClearingDraft]' passed (0.017 seconds).
Test Case '-[MacParakeetTests.QuickPromptsViewModelTests testCommitCreatingSuccessClearsDraftAndLandsUnpinned]' passed (0.016 seconds).
Test Case '-[MacParakeetTests.QuickPromptsViewModelTests testReorderUpdatesPinnedBucketOrder]' passed (0.015 seconds).
Test Case '-[MacParakeetTests.QuickPromptsViewModelTests testSaveEditRejectsEmptyFieldsWithoutClearingEditingPrompt]' passed (0.015 seconds).
Test Case '-[MacParakeetTests.QuickPromptsViewModelTests testTogglePinPinsCustomRowUnbounded]' passed (0.016 seconds).
Test Case '-[MacParakeetTests.QuickPromptsViewModelTests testTogglePinUnpinsAlreadyPinnedRow]' passed (0.015 seconds).
Test Case '-[MacParakeetTests.QuickPromptsViewModelTests testVisiblePinnedExcludesHidden]' passed (0.015 seconds).
Test Case '-[MacParakeetTests.QuickPromptsViewModelTests testVisiblePromptGroupsBucketsCaseInsensitively]' passed (0.015 seconds).
Test Case '-[MacParakeetTests.QuickPromptsViewModelTests testVisiblePromptGroupsIncludesAllVisible]' passed (0.015 seconds).
Test Suite 'QuickPromptsViewModelTests' passed at 2026-09-07 16:23:50.566.
	 Executed 9 tests, with 0 failures (0 unexpected) in 0.138 (0.139) seconds
Test Suite 'SavedMeetingNotesCoordinatorTests' started at 2026-09-07 16:23:50.566.
Test Case '-[MacParakeetTests.SavedMeetingNotesCoordinatorTests testCleanEditorsAreNotRetainedAndReopeningUsesCurrentDatabaseNotes]' passed (0.001 seconds).
Test Case '-[MacParakeetTests.SavedMeetingNotesCoordinatorTests testFailedOldSaveCannotBindNewMeetingToOldDraft]' passed (0.000 seconds).
Test Case '-[MacParakeetTests.SavedMeetingNotesCoordinatorTests testFailedQuitKeepsDraftAvailableForRetry]' passed (0.000 seconds).
Test Case '-[MacParakeetTests.SavedMeetingNotesCoordinatorTests testFlushAttemptsOtherDraftsEvenIfOneFails]' passed (0.000 seconds).
Test Case '-[MacParakeetTests.SavedMeetingNotesCoordinatorTests testQuitAlsoFlushesEditsAndNewDraftsCreatedDuringPendingSave]' passed (0.000 seconds).
Test Case '-[MacParakeetTests.SavedMeetingNotesCoordinatorTests testQuitRefreshesDatabaseCleanEditorRetainedAfterAutosave]' passed (0.505 seconds).
Test Case '-[MacParakeetTests.SavedMeetingNotesCoordinatorTests testQuitWaitsForDraftAfterViewHasReleasedEditorAndRepliesOnlyOnce]' passed (0.001 seconds).
Test Case '-[MacParakeetTests.SavedMeetingNotesCoordinatorTests testQuitWithoutDraftsDoesNotDeferOrReply]' passed (0.000 seconds).
Test Case '-[MacParakeetTests.SavedMeetingNotesCoordinatorTests testSwitchingAndReturningDuringSavePreservesLatestDraft]' passed (0.000 seconds).
Test Suite 'SavedMeetingNotesCoordinatorTests' passed at 2026-09-07 16:23:51.075.
	 Executed 9 tests, with 0 failures (0 unexpected) in 0.509 (0.509) seconds
Test Suite 'SavedMeetingNotesViewModelTests' started at 2026-09-07 16:23:51.075.
Test Case '-[MacParakeetTests.SavedMeetingNotesViewModelTests testBindingForNewSelectionCannotReadOrEditPreviousMeeting]' passed (0.000 seconds).
Test Case '-[MacParakeetTests.SavedMeetingNotesViewModelTests testConcurrentFlushesShareCallbackAndDrainEditsMadeDuringIt]' passed (0.001 seconds).
Test Case '-[MacParakeetTests.SavedMeetingNotesViewModelTests testConfigureRestoresTextWithoutWriting]' passed (0.000 seconds).
Test Case '-[MacParakeetTests.SavedMeetingNotesViewModelTests testDebouncedWritesDeferDerivedWorkUntilExplicitFlush]' passed (0.001 seconds).
Test Case '-[MacParakeetTests.SavedMeetingNotesViewModelTests testDeletionReadFailureRetainsDraftAndBlocksFlush]' passed (0.000 seconds).
Test Case '-[MacParakeetTests.SavedMeetingNotesViewModelTests testFailedSaveKeepsDraftAndRetryPersistsIt]' passed (0.000 seconds).
Test Case '-[MacParakeetTests.SavedMeetingNotesViewModelTests testFlushDuringSlowAutosaveDoesNotDuplicateWrite]' passed (0.001 seconds).
Test Case '-[MacParakeetTests.SavedMeetingNotesViewModelTests testFlushesWaitingOnOldWriteCannotPersistReconfiguredMeeting]' passed (0.001 seconds).
Test Case '-[MacParakeetTests.SavedMeetingNotesViewModelTests testFlushPersistsImmediatelyAndCancelsDebounce]' passed (0.000 seconds).
Test Case '-[MacParakeetTests.SavedMeetingNotesViewModelTests testFlushRecognizesDeletionBetweenExistenceCheckAndWrite]' passed (0.000 seconds).
Test Case '-[MacParakeetTests.SavedMeetingNotesViewModelTests testFlushRetiresDraftOnlyAfterConfirmedMeetingDeletion]' passed (0.000 seconds).
Test Case '-[MacParakeetTests.SavedMeetingNotesViewModelTests testNewEditPersistsAfterOlderInFlightSaveFails]' passed (0.001 seconds).
Test Case '-[MacParakeetTests.SavedMeetingNotesViewModelTests testObsoleteDeletionCheckCannotRetireOrFailNewMeeting]' passed (0.001 seconds).
Test Case '-[MacParakeetTests.SavedMeetingNotesViewModelTests testRapidEditsAutosaveOnlyLatestDraft]' passed (0.000 seconds).
Test Suite 'SavedMeetingNotesViewModelTests' passed at 2026-09-07 16:23:51.084.
	 Executed 14 tests, with 0 failures (0 unexpected) in 0.007 (0.008) seconds
Test Suite 'TranscriptNotesActionGateTests' started at 2026-09-07 16:23:51.084.
Test Case '-[MacParakeetTests.TranscriptNotesActionGateTests testChangedSelectionOrChatInputWhileSavingDoesNotSubmit]' passed (0.001 seconds).
Test Case '-[MacParakeetTests.TranscriptNotesActionGateTests testFailedFlushDoesNotSubmitAction]' passed (0.000 seconds).
Test Case '-[MacParakeetTests.TranscriptNotesActionGateTests testObsoleteFailedNavigationCannotChangeReplacementMeetingsTab]' passed (0.000 seconds).
Test Case '-[MacParakeetTests.TranscriptNotesActionGateTests testRepeatedNavigationSharesPendingFlushAndNavigatesOnce]' passed (0.000 seconds).
Test Case '-[MacParakeetTests.TranscriptNotesActionGateTests testReturningToSameSelectionCannotReviveOldActionOrClearNewAction]' passed (0.000 seconds).
Test Case '-[MacParakeetTests.TranscriptNotesActionGateTests testRichContextUsesRevisionPublishedByNotesFlush]' passed (0.000 seconds).
Test Case '-[MacParakeetTests.TranscriptNotesActionGateTests testUnsavedNotesEditRejectsPreparedPromptContext]' passed (0.000 seconds).
Test Suite 'TranscriptNotesActionGateTests' passed at 2026-09-07 16:23:51.087.
	 Executed 7 tests, with 0 failures (0 unexpected) in 0.003 (0.003) seconds
Test Suite 'TranscriptResultActionsTests' started at 2026-09-07 16:23:51.087.
Test Case '-[MacParakeetTests.TranscriptResultActionsTests testBulkExportCancellationAfterFinalFileKeepsCompletedExport]' passed (0.002 seconds).
Test Case '-[MacParakeetTests.TranscriptResultActionsTests testBulkExportCancellationDoesNotDeleteReplacementFile]' passed (0.002 seconds).
Test Case '-[MacParakeetTests.TranscriptResultActionsTests testBulkExportCancellationRemovesPartialFilesAndCreatedDirectory]' passed (0.001 seconds).
Test Case '-[MacParakeetTests.TranscriptResultActionsTests testBulkExportCompleteSuccessRequiresEveryRequestedFile]' passed (0.000 seconds).
Test Case '-[MacParakeetTests.TranscriptResultActionsTests testBulkExportResolvesOptionsPerTranscript]' passed (0.002 seconds).
Test Case '-[MacParakeetTests.TranscriptResultActionsTests testBulkExportUsesEffectiveDisplayTitleForFilenames]' passed (0.001 seconds).
Test Case '-[MacParakeetTests.TranscriptResultActionsTests testBulkExportUsesOriginalFilenameForUnrenamedLocalFile]' passed (0.001 seconds).
Test Case '-[MacParakeetTests.TranscriptResultActionsTests testBulkExportWritesCollisionSafeFiles]' passed (0.002 seconds).
Test Case '-[MacParakeetTests.TranscriptResultActionsTests testBulkExportWritesDAPTWithCompoundExtension]' passed (0.001 seconds).
Test Suite 'TranscriptResultActionsTests' passed at 2026-09-07 16:23:51.100.
	 Executed 9 tests, with 0 failures (0 unexpected) in 0.013 (0.013) seconds
Test Suite 'TranscriptResultTabOrderingTests' started at 2026-09-07 16:23:51.101.
Test Case '-[MacParakeetTests.TranscriptResultTabOrderingTests testMeetingStartsWithTranscriptThenNotes]' passed (0.000 seconds).
Test Case '-[MacParakeetTests.TranscriptResultTabOrderingTests testNonMeetingDoesNotExposeNotesTab]' passed (0.000 seconds).
Test Suite 'TranscriptResultTabOrderingTests' passed at 2026-09-07 16:23:51.101.
	 Executed 2 tests, with 0 failures (0 unexpected) in 0.000 (0.000) seconds
Test Suite 'TranscriptSegmentCacheTests' started at 2026-09-07 16:23:51.101.
Test Case '-[MacParakeetTests.TranscriptSegmentCacheTests testChangingTranscriptionHidesPreviouslyPublishedRowsBeforeRebuildStarts]' passed (0.001 seconds).
Test Case '-[MacParakeetTests.TranscriptSegmentCacheTests testReplacementStaysEmptyWhilePendingAndRejectsPreviousRecordCompletion]' passed (0.000 seconds).
Test Case '-[MacParakeetTests.TranscriptSegmentCacheTests testSameRecordRefreshKeepsItsRowsButOnlyLatestRequestCanPublish]' passed (0.000 seconds).
Test Case '-[MacParakeetTests.TranscriptSegmentCacheTests testUntimedReplacementClearsRowsAndInvalidatesPendingBuilder]' passed (0.000 seconds).
Test Suite 'TranscriptSegmentCacheTests' passed at 2026-09-07 16:23:51.102.
	 Executed 4 tests, with 0 failures (0 unexpected) in 0.001 (0.001) seconds
Test Suite 'TranscriptionRepositoryTests' started at 2026-09-07 16:23:51.102.
Test Case '-[MacParakeetTests.TranscriptionRepositoryTests testChatMessagesRoundTrip]' passed (0.021 seconds).
Test Case '-[MacParakeetTests.TranscriptionRepositoryTests testClearStoredAudioPathsForMeetingTranscriptionsOnlyClearsManagedDirectory]' passed (0.018 seconds).
Test Case '-[MacParakeetTests.TranscriptionRepositoryTests testCompletionAllowsGeneratedMeetingTitleWhenOriginalNameIsUnchanged]' passed (0.017 seconds).
Test Case '-[MacParakeetTests.TranscriptionRepositoryTests testCompletionDoesNotRecreateDeletedRecording]' passed (0.016 seconds).
Test Case '-[MacParakeetTests.TranscriptionRepositoryTests testCompletionMergeDoesNotMoveUpdatedAtBehindConcurrentEdit]' passed (0.017 seconds).
Test Case '-[MacParakeetTests.TranscriptionRepositoryTests testCompletionMergePreservesClearedFileTitle]' passed (0.017 seconds).
Test Case '-[MacParakeetTests.TranscriptionRepositoryTests testCompletionMergePreservesClearedMetadataAndReturnsCommittedRow]' passed (0.017 seconds).
Test Case '-[MacParakeetTests.TranscriptionRepositoryTests testCompletionPreservesClearedAndReplacedAudioPaths]' passed (0.018 seconds).
Test Case '-[MacParakeetTests.TranscriptionRepositoryTests testConcurrentCompletionAlwaysWinsOverReconciliationAcrossRepositories]' passed (0.258 seconds).
Test Case '-[MacParakeetTests.TranscriptionRepositoryTests testDelete]' passed (0.019 seconds).
Test Case '-[MacParakeetTests.TranscriptionRepositoryTests testDeleteAll]' passed (0.018 seconds).
Test Case '-[MacParakeetTests.TranscriptionRepositoryTests testDeleteNonExistent]' passed (0.016 seconds).
Test Case '-[MacParakeetTests.TranscriptionRepositoryTests testEffectiveDisplayTitleFallbacks]' passed (0.017 seconds).
Test Case '-[MacParakeetTests.TranscriptionRepositoryTests testEngineAttributionRoundTrips]' passed (0.017 seconds).
Test Case '-[MacParakeetTests.TranscriptionRepositoryTests testFetchAll]' passed (0.019 seconds).
Test Case '-[MacParakeetTests.TranscriptionRepositoryTests testFetchAllWithLimit]' passed (0.018 seconds).
Test Case '-[MacParakeetTests.TranscriptionRepositoryTests testFetchByFilePathFiltersBySourceTypeAndOrdersNewestFirst]' passed (0.017 seconds).
Test Case '-[MacParakeetTests.TranscriptionRepositoryTests testFetchByIDPrefixFiltersInDatabaseAcrossSourceTypes]' passed (0.019 seconds).
Test Case '-[MacParakeetTests.TranscriptionRepositoryTests testFetchByIDPrefixMatchesTextStoredUUIDAcrossHyphen]' passed (0.017 seconds).
Test Case '-[MacParakeetTests.TranscriptionRepositoryTests testFetchBySourceTypeAndFileNameIsCaseInsensitive]' passed (0.017 seconds).
Test Case '-[MacParakeetTests.TranscriptionRepositoryTests testFetchBySourceTypeAndIDPrefixFiltersInDatabase]' passed (0.018 seconds).
Test Case '-[MacParakeetTests.TranscriptionRepositoryTests testFetchBySourceTypeFiltersAndOrdersNewestFirst]' passed (0.017 seconds).
Test Case '-[MacParakeetTests.TranscriptionRepositoryTests testFetchFavorites]' passed (0.016 seconds).
Test Case '-[MacParakeetTests.TranscriptionRepositoryTests testFetchLibraryPageCanIncludeProcessingMeetingsOnly]' passed (0.019 seconds).
Test Case '-[MacParakeetTests.TranscriptionRepositoryTests testFetchLibraryPageCanIncludeProcessingRows]' passed (0.017 seconds).
Test Case '-[MacParakeetTests.TranscriptionRepositoryTests testFetchLibraryPageExcludesProcessingButIncludesTerminalRowsByDefault]' passed (0.017 seconds).
Test Case '-[MacParakeetTests.TranscriptionRepositoryTests testFetchLibraryPageFiltersBySourceType]' passed (0.018 seconds).
Test Case '-[MacParakeetTests.TranscriptionRepositoryTests testFetchLibraryPageFiltersFavoritesAndComposesWithSourceType]' passed (0.019 seconds).
Test Case '-[MacParakeetTests.TranscriptionRepositoryTests testFetchLibraryPageSearchesTitleTranscriptAndChannelName]' passed (0.022 seconds).
Test Case '-[MacParakeetTests.TranscriptionRepositoryTests testFetchLibraryPageSearchMatchesUnicodeCaseInsensitively]' passed (0.019 seconds).
Test Case '-[MacParakeetTests.TranscriptionRepositoryTests testFetchLibraryPageSortsByDateAndTitle]' passed (0.018 seconds).
Test Case '-[MacParakeetTests.TranscriptionRepositoryTests testFetchLibraryPageSupportsLimitOffsetAndHasMore]' passed (0.017 seconds).
Test Case '-[MacParakeetTests.TranscriptionRepositoryTests testFetchMeetingAudioRetentionCandidatesFiltersInSQL]' passed (0.017 seconds).
Test Case '-[MacParakeetTests.TranscriptionRepositoryTests testFetchNonExistent]' passed (0.016 seconds).
Test Case '-[MacParakeetTests.TranscriptionRepositoryTests testIsFavoriteDefaultsFalse]' passed (0.015 seconds).
Test Case '-[MacParakeetTests.TranscriptionRepositoryTests testLegacyTranscriptionDecodesWithNilEngineFields]' passed (0.015 seconds).
Test Case '-[MacParakeetTests.TranscriptionRepositoryTests testMalformedMeetingStartContextDoesNotBlockTranscriptionDecode]' passed (0.016 seconds).
Test Case '-[MacParakeetTests.TranscriptionRepositoryTests testMeetingCalendarEventSnapshotRoundTrips]' passed (0.016 seconds).
Test Case '-[MacParakeetTests.TranscriptionRepositoryTests testMeetingCaptureReportRoundTripsIndependentlyOfCompletedStatus]' passed (0.016 seconds).
Test Case '-[MacParakeetTests.TranscriptionRepositoryTests testMeetingStartContextRoundTrips]' passed (0.016 seconds).
Test Case '-[MacParakeetTests.TranscriptionRepositoryTests testSaveAndFetch]' passed (0.016 seconds).
Test Case '-[MacParakeetTests.TranscriptionRepositoryTests testSearchMatchesUnicodeCaseInsensitively]' passed (0.016 seconds).
Test Case '-[MacParakeetTests.TranscriptionRepositoryTests testTitleOverrideRoundTripsAndDrivesEffectiveDisplayTitle]' passed (0.016 seconds).
Test Case '-[MacParakeetTests.TranscriptionRepositoryTests testTranscriptSegmentsRoundTrip]' passed (0.016 seconds).
Test Case '-[MacParakeetTests.TranscriptionRepositoryTests testTransitionStatusCannotRegressCompletedRow]' passed (0.018 seconds).
Test Case '-[MacParakeetTests.TranscriptionRepositoryTests testTransitionStatusUpdatesOnlyExpectedState]' passed (0.017 seconds).
Test Case '-[MacParakeetTests.TranscriptionRepositoryTests testUpdateChatMessages]' passed (0.019 seconds).
Test Case '-[MacParakeetTests.TranscriptionRepositoryTests testUpdateChatMessagesToNil]' passed (0.018 seconds).
Test Case '-[MacParakeetTests.TranscriptionRepositoryTests testUpdateFavorite]' passed (0.017 seconds).
Test Case '-[MacParakeetTests.TranscriptionRepositoryTests testUpdateFileName]' passed (0.019 seconds).
Test Case '-[MacParakeetTests.TranscriptionRepositoryTests testUpdateFileNameReturnsNilForMissingRow]' passed (0.018 seconds).
Test Case '-[MacParakeetTests.TranscriptionRepositoryTests testUpdateFilePathBackfillsMeetingArtifactFolderPath]' passed (0.017 seconds).
Test Case '-[MacParakeetTests.TranscriptionRepositoryTests testUpdateFilePathRewritesPath]' passed (0.017 seconds).
Test Case '-[MacParakeetTests.TranscriptionRepositoryTests testUpdateFilePathToNilClearsPath]' passed (0.016 seconds).
Test Case '-[MacParakeetTests.TranscriptionRepositoryTests testUpdateSpeakers]' passed (0.016 seconds).
Test Case '-[MacParakeetTests.TranscriptionRepositoryTests testUpdateSpeakersRefreshesMatchingTranscriptSegmentLabels]' passed (0.017 seconds).
Test Case '-[MacParakeetTests.TranscriptionRepositoryTests testUpdateSpeakersRoundTrip]' passed (0.017 seconds).
Test Case '-[MacParakeetTests.TranscriptionRepositoryTests testUpdateSpeakersToNil]' passed (0.017 seconds).
Test Case '-[MacParakeetTests.TranscriptionRepositoryTests testUpdateStatus]' passed (0.016 seconds).
Test Case '-[MacParakeetTests.TranscriptionRepositoryTests testUpdateStatusCancelled]' passed (0.016 seconds).
Test Case '-[MacParakeetTests.TranscriptionRepositoryTests testUpdateStatusWithError]' passed (0.016 seconds).
Test Case '-[MacParakeetTests.TranscriptionRepositoryTests testUpdateTitleOverrideBlankClearsWithoutChangingSourceMetadata]' passed (0.016 seconds).
Test Case '-[MacParakeetTests.TranscriptionRepositoryTests testUpdateTitleOverrideDoesNotApplyToMeetingRows]' passed (0.016 seconds).
Test Case '-[MacParakeetTests.TranscriptionRepositoryTests testUpdateTitleOverridePreservesSourceMetadataAndDerivedTitle]' passed (0.016 seconds).
Test Case '-[MacParakeetTests.TranscriptionRepositoryTests testUpdateTranscription]' passed (0.016 seconds).
Test Case '-[MacParakeetTests.TranscriptionRepositoryTests testUpdateUserNotesCanClearNotes]' passed (0.016 seconds).
Test Case '-[MacParakeetTests.TranscriptionRepositoryTests testUpdateUserNotesPreservesOtherFields]' passed (0.016 seconds).
Test Case '-[MacParakeetTests.TranscriptionRepositoryTests testUpdateUserNotesReturnsFalseWhenRowIsMissing]' passed (0.015 seconds).
Test Case '-[MacParakeetTests.TranscriptionRepositoryTests testVideoMetadataNilByDefault]' passed (0.015 seconds).
Test Case '-[MacParakeetTests.TranscriptionRepositoryTests testVideoMetadataRoundTrip]' passed (0.015 seconds).
Test Case '-[MacParakeetTests.TranscriptionRepositoryTests testWordTimestampsSaveAndFetch]' passed (0.016 seconds).
Test Suite 'TranscriptionRepositoryTests' passed at 2026-09-07 16:23:52.555.
	 Executed 71 tests, with 0 failures (0 unexpected) in 1.448 (1.453) seconds
Test Suite 'TranscriptionViewModelBatchTests' started at 2026-09-07 16:23:52.555.
Test Case '-[MacParakeetTests.TranscriptionViewModelBatchTests testBatchContinuesWhenLaterMultiTrackFileLacksSelectedOrdinal]' passed (0.026 seconds).
Test Case '-[MacParakeetTests.TranscriptionViewModelBatchTests testBatchContinuesWhenOneFileFailsAudioTrackDiscovery]' passed (0.024 seconds).
Test Case '-[MacParakeetTests.TranscriptionViewModelBatchTests testBatchLeavesSingleTrackFilesOnAutomaticSelection]' passed (0.025 seconds).
Test Case '-[MacParakeetTests.TranscriptionViewModelBatchTests testBatchProcessesAllFilesInNameOrderAndSignalsOnce]' passed (0.013 seconds).
Test Case '-[MacParakeetTests.TranscriptionViewModelBatchTests testBatchUsesOneSelectedAudioTrackOrdinalForEveryMultiTrackFile]' passed (0.024 seconds).
Test Case '-[MacParakeetTests.TranscriptionViewModelBatchTests testCancelBatchStopsAdvancing]' passed (0.204 seconds).
Test Case '-[MacParakeetTests.TranscriptionViewModelBatchTests testCancellingAudioTrackSelectionStartsNothing]' passed (0.013 seconds).
Test Case '-[MacParakeetTests.TranscriptionViewModelBatchTests testFailedFileDoesNotAbortBatch]' passed (0.014 seconds).
Test Case '-[MacParakeetTests.TranscriptionViewModelBatchTests testFileWithoutAudioTrackFailsBeforeTranscription]' passed (0.015 seconds).
Test Case '-[MacParakeetTests.TranscriptionViewModelBatchTests testMultipleAudioTracksWaitForSelectionBeforeTranscribing]' passed (0.029 seconds).
Test Case '-[MacParakeetTests.TranscriptionViewModelBatchTests testNoSignalWhenNotificationSettingOff]' passed (0.019 seconds).
Test Case '-[MacParakeetTests.TranscriptionViewModelBatchTests testNoSupportedFilesIsRejected]' passed (0.003 seconds).
Test Case '-[MacParakeetTests.TranscriptionViewModelBatchTests testSingleAudioTrackContinuesWithoutShowingPicker]' passed (0.012 seconds).
Test Case '-[MacParakeetTests.TranscriptionViewModelBatchTests testSingleFileRoutesThroughSinglePathAndSignals]' passed (0.014 seconds).
Test Case '-[MacParakeetTests.TranscriptionViewModelBatchTests testURLTranscriptionCannotReplaceAudioTrackPreflight]' passed (0.114 seconds).
Test Suite 'TranscriptionViewModelBatchTests' passed at 2026-09-07 16:23:53.106.
	 Executed 15 tests, with 0 failures (0 unexpected) in 0.549 (0.551) seconds
Test Suite 'TranscriptionViewModelTests' started at 2026-09-07 16:23:53.106.
Test Case '-[MacParakeetTests.TranscriptionViewModelTests testApplePodcastsLinkIsValidAndRoutesToPodcastSourceKind]' passed (0.012 seconds).
Test Case '-[MacParakeetTests.TranscriptionViewModelTests testApplyConvertedPlaybackPathDeletesSourceAfterDBUpdate]' passed (0.002 seconds).
Test Case '-[MacParakeetTests.TranscriptionViewModelTests testApplyConvertedPlaybackPathKeepsSourceWhenDBUpdateFails]' passed (0.002 seconds).
Test Case '-[MacParakeetTests.TranscriptionViewModelTests testArtifactRetryDoesNotSuppressOverlappingNotesWriteFailure]' passed (0.002 seconds).
Test Case '-[MacParakeetTests.TranscriptionViewModelTests testAssetCleanupFailureDoesNotDeleteTranscription]' passed (0.005 seconds).
Test Case '-[MacParakeetTests.TranscriptionViewModelTests testAutoRunPromptsUsePlainTranscriptContextWhenConfigured]' passed (0.003 seconds).
Test Case '-[MacParakeetTests.TranscriptionViewModelTests testAutoRunPromptsUseRichTranscriptContextByDefault]' passed (0.001 seconds).
Test Case '-[MacParakeetTests.TranscriptionViewModelTests testAutosavingAnotherMeetingPreservesVisibleMeetingNotesError]' passed (0.000 seconds).
Test Case '-[MacParakeetTests.TranscriptionViewModelTests testCancelTranscriptionResetsToIdleWithoutError]' passed (0.011 seconds).
Test Case '-[MacParakeetTests.TranscriptionViewModelTests testCapturedMeetingNotesSaveDoesNotOverwriteNewSelection]' passed (0.000 seconds).
Test Case '-[MacParakeetTests.TranscriptionViewModelTests testCommittedNotesReadFailurePreservesCurrentMetadataAndExistingArtifacts]' passed (0.000 seconds).
Test Case '-[MacParakeetTests.TranscriptionViewModelTests testConfigureLoadsTranscriptions]' passed (0.000 seconds).
Test Case '-[MacParakeetTests.TranscriptionViewModelTests testConfigureWithEmptyRepo]' passed (0.000 seconds).
Test Case '-[MacParakeetTests.TranscriptionViewModelTests testCurrentTranscriptionRevisionAdvancesForSelectionEditAndRevert]' passed (0.000 seconds).
Test Case '-[MacParakeetTests.TranscriptionViewModelTests testDebouncedNotesWritesDeferArtifactsUntilExplicitRefresh]' passed (0.001 seconds).
Test Case '-[MacParakeetTests.TranscriptionViewModelTests testDeleteCurrentTranscriptionClearsSelection]' passed (0.000 seconds).
Test Case '-[MacParakeetTests.TranscriptionViewModelTests testDeletedMeetingDraftDoesNotBlockQuit]' passed (0.000 seconds).
Test Case '-[MacParakeetTests.TranscriptionViewModelTests testDeleteDoesNotClearUnrelatedCurrentTranscription]' passed (0.000 seconds).
Test Case '-[MacParakeetTests.TranscriptionViewModelTests testDeleteFailureKeepsCurrentSelection]' passed (0.000 seconds).
Test Case '-[MacParakeetTests.TranscriptionViewModelTests testDeleteTranscription]' passed (0.000 seconds).
Test Case '-[MacParakeetTests.TranscriptionViewModelTests testDeleteYouTubeTranscriptionRemovesStoredAudioFile]' passed (0.001 seconds).
Test Case '-[MacParakeetTests.TranscriptionViewModelTests testFreshTranscribeStillFiresAutoRunPromptsForShortTranscript]' passed (0.011 seconds).
Test Case '-[MacParakeetTests.TranscriptionViewModelTests testHandleFileDropReturnsFalseWhenAlreadyTranscribing]' passed (0.000 seconds).
Test Case '-[MacParakeetTests.TranscriptionViewModelTests testHandleFileDropSkipsUnsupportedAndUsesSupportedProvider]' passed (0.317 seconds).
Test Case '-[MacParakeetTests.TranscriptionViewModelTests testInitialState]' passed (0.000 seconds).
Test Case '-[MacParakeetTests.TranscriptionViewModelTests testIsValidURLAcceptsXStatusURL]' passed (0.000 seconds).
Test Case '-[MacParakeetTests.TranscriptionViewModelTests testLLMAvailableReflectsConfigState]' passed (0.000 seconds).
Test Case '-[MacParakeetTests.TranscriptionViewModelTests testLoadPersistedContentRefreshesPromptResultTabsWithoutRefetchingRow]' passed (0.000 seconds).
Test Case '-[MacParakeetTests.TranscriptionViewModelTests testLoadTranscriptionsBeforeConfigureIsNoOp]' passed (0.000 seconds).
Test Case '-[MacParakeetTests.TranscriptionViewModelTests testLoadTranscriptionsRefreshesFromRepo]' passed (0.000 seconds).
Test Case '-[MacParakeetTests.TranscriptionViewModelTests testMeetingNotesReadFailureKeepsQuitBlockedUntilDeletionCanBeConfirmed]' passed (0.001 seconds).
Test Case '-[MacParakeetTests.TranscriptionViewModelTests testNonURLErrorAfterURLFailureClearsStaleDetail]' passed (0.011 seconds).
Test Case '-[MacParakeetTests.TranscriptionViewModelTests testNotesArtifactRefreshWaitsForSpeakerRename]' passed (0.214 seconds).
Test Case '-[MacParakeetTests.TranscriptionViewModelTests testNotesArtifactRefreshWaitsForTitleRename]' passed (0.214 seconds).
Test Case '-[MacParakeetTests.TranscriptionViewModelTests testNotesAutosavePreservesUnrelatedErrorAndDiagnostic]' passed (0.000 seconds).
Test Case '-[MacParakeetTests.TranscriptionViewModelTests testNotesRetryClearsOnlyItsOwnErrorBanner]' passed (0.001 seconds).
Test Case '-[MacParakeetTests.TranscriptionViewModelTests testOverlappingMeetingNoteSavesMaterializeLatestValueLast]' passed (0.331 seconds).
Test Case '-[MacParakeetTests.TranscriptionViewModelTests testPresentCompletedMeetingComposesExistingErrorWithUnavailableAutoSaveFolderWarning]' passed (0.006 seconds).
Test Case '-[MacParakeetTests.TranscriptionViewModelTests testPresentCompletedMeetingDeletesAudioWhenRetentionIsOff]' passed (0.006 seconds).
Test Case '-[MacParakeetTests.TranscriptionViewModelTests testPresentCompletedMeetingSurfacesUnavailableAutoSaveFolder]' passed (0.003 seconds).
Test Case '-[MacParakeetTests.TranscriptionViewModelTests testPresentRecoveredMeetingKeepsAudioEvenWhenRetentionIsOff]' passed (0.003 seconds).
Test Case '-[MacParakeetTests.TranscriptionViewModelTests testQueuedBackgroundAutosaveDoesNotSuppressVisibleMeetingFailure]' passed (0.001 seconds).
Test Case '-[MacParakeetTests.TranscriptionViewModelTests testQueuedCompletionDoesNotReplaceUnrelatedDetailWhenSelectionIsSuppressed]' passed (0.000 seconds).
Test Case '-[MacParakeetTests.TranscriptionViewModelTests testQueuedCompletionRefreshesMatchingDetailWithoutSelectingDuringAnotherMeeting]' passed (0.000 seconds).
Test Case '-[MacParakeetTests.TranscriptionViewModelTests testQueuedFailureDoesNotRefreshUnrelatedDetail]' passed (0.000 seconds).
Test Case '-[MacParakeetTests.TranscriptionViewModelTests testQueuedFailureRefreshesMatchingProcessingDetailInPlace]' passed (0.000 seconds).
Test Case '-[MacParakeetTests.TranscriptionViewModelTests testRefreshingSameTranscriptionDoesNotResetSelectedTab]' passed (0.000 seconds).
Test Case '-[MacParakeetTests.TranscriptionViewModelTests testRenameCurrentLocalTranscriptionTitleIgnoresBlankAndNoOpTitle]' passed (0.000 seconds).
Test Case '-[MacParakeetTests.TranscriptionViewModelTests testRenameCurrentLocalTranscriptionTitleSurfacesPersistenceFailure]' passed (0.001 seconds).
Test Case '-[MacParakeetTests.TranscriptionViewModelTests testRenameCurrentLocalTranscriptionTitleUpdatesOverrideOnly]' passed (0.000 seconds).
Test Case '-[MacParakeetTests.TranscriptionViewModelTests testRenameCurrentTranscriptionIgnoresEmptyName]' passed (0.000 seconds).
Test Case '-[MacParakeetTests.TranscriptionViewModelTests testRenameCurrentTranscriptionPublishesCommittedRowAndRefreshesCanonicalArtifacts]' passed (0.011 seconds).
Test Case '-[MacParakeetTests.TranscriptionViewModelTests testRenameCurrentTranscriptionPublishesCommittedRowWhenArtifactReadFails]' passed (0.000 seconds).
Test Case '-[MacParakeetTests.TranscriptionViewModelTests testRenameCurrentTranscriptionRejectsMissingRowWithoutSuccessSideEffects]' passed (0.101 seconds).
Test Case '-[MacParakeetTests.TranscriptionViewModelTests testRenameCurrentTranscriptionSkipsArtifactRefreshWithoutPromptResultRepo]' passed (0.107 seconds).
Test Case '-[MacParakeetTests.TranscriptionViewModelTests testRenameCurrentTranscriptionSurfacesPersistenceFailure]' passed (0.000 seconds).
Test Case '-[MacParakeetTests.TranscriptionViewModelTests testRenameCurrentTranscriptionTrimsWhitespace]' passed (0.000 seconds).
Test Case '-[MacParakeetTests.TranscriptionViewModelTests testRenameCurrentTranscriptionUpdatesStateAndRepo]' passed (0.000 seconds).
Test Case '-[MacParakeetTests.TranscriptionViewModelTests testRenameSpeakerEmptySpeakersArrayIsNoOp]' passed (0.000 seconds).
Test Case '-[MacParakeetTests.TranscriptionViewModelTests testRenameSpeakerIgnoresEmptyLabel]' passed (0.000 seconds).
Test Case '-[MacParakeetTests.TranscriptionViewModelTests testRenameSpeakerIgnoresUnknownId]' passed (0.000 seconds).
Test Case '-[MacParakeetTests.TranscriptionViewModelTests testRenameSpeakerNoOpWithoutCurrentTranscription]' passed (0.000 seconds).
Test Case '-[MacParakeetTests.TranscriptionViewModelTests testRenameSpeakerPersistenceFailureRevertsInMemoryState]' passed (0.012 seconds).
Test Case '-[MacParakeetTests.TranscriptionViewModelTests testRenameSpeakerPersistsToRepo]' passed (0.012 seconds).
Test Case '-[MacParakeetTests.TranscriptionViewModelTests testRenameSpeakerRefreshesArtifactFromPersistedStateWhenNewerRenameFails]' passed (0.003 seconds).
Test Case '-[MacParakeetTests.TranscriptionViewModelTests testRenameSpeakerRefreshesMeetingArtifactAfterNavigatingAway]' passed (0.012 seconds).
Test Case '-[MacParakeetTests.TranscriptionViewModelTests testRenameSpeakerRefreshesMeetingArtifactWithUpdatedLabels]' passed (0.012 seconds).
Test Case '-[MacParakeetTests.TranscriptionViewModelTests testRenameSpeakerSameLabelIsNoOp]' passed (0.000 seconds).
Test Case '-[MacParakeetTests.TranscriptionViewModelTests testRenameSpeakerSerializesOverlappingArtifactRefreshes]' passed (0.421 seconds).
Test Case '-[MacParakeetTests.TranscriptionViewModelTests testRenameSpeakerSkipsStaleArtifactRefreshAfterNewerRename]' passed (0.326 seconds).
Test Case '-[MacParakeetTests.TranscriptionViewModelTests testRenameSpeakerStaleFailureDoesNotClobberLaterSuccessfulRename]' passed (0.340 seconds).
Test Case '-[MacParakeetTests.TranscriptionViewModelTests testRenameSpeakerTrimsWhitespace]' passed (0.000 seconds).
Test Case '-[MacParakeetTests.TranscriptionViewModelTests testRenameSpeakerUpdatesInMemoryState]' passed (0.000 seconds).
Test Case '-[MacParakeetTests.TranscriptionViewModelTests testRenameSpeakerUpdatesMatchingTranscriptionsRow]' passed (0.000 seconds).
Test Case '-[MacParakeetTests.TranscriptionViewModelTests testRenameSpeakerUpdatesTranscriptSegmentLabels]' passed (0.000 seconds).
Test Case '-[MacParakeetTests.TranscriptionViewModelTests testRepositoryDeleteFailureKeepsExternalAudioFile]' passed (0.001 seconds).
Test Case '-[MacParakeetTests.TranscriptionViewModelTests testRetranscribeDeletedDuringServiceDoesNotPublishCompletion]' passed (0.012 seconds).
Test Case '-[MacParakeetTests.TranscriptionViewModelTests testRetranscribeDoesNothingWhenFileIsMissing]' passed (0.101 seconds).
Test Case '-[MacParakeetTests.TranscriptionViewModelTests testRetranscribeFailureLeavesOriginalIntact]' passed (0.303 seconds).
Test Case '-[MacParakeetTests.TranscriptionViewModelTests testRetranscribeMeetingFallsBackToMixedAudioWhenArchivedMetadataIsMissing]' passed (0.306 seconds).
Test Case '-[MacParakeetTests.TranscriptionViewModelTests testRetranscribeMeetingFallsBackToMixedAudioWhenArchivedSourceFileIsMissing]' passed (0.310 seconds).
Test Case '-[MacParakeetTests.TranscriptionViewModelTests testRetranscribeMeetingPassesSpeechEngineOverride]' passed (0.016 seconds).
Test Case '-[MacParakeetTests.TranscriptionViewModelTests testRetranscribePreservesMeetingSourceType]' passed (0.307 seconds).
Test Case '-[MacParakeetTests.TranscriptionViewModelTests testRetranscribeProgressSublineUsesSpeechEngineOverride]' passed (0.027 seconds).
Test Case '-[MacParakeetTests.TranscriptionViewModelTests testRetranscribePublishesMetadataEditedWhileServiceIsSuspended]' passed (0.012 seconds).
Test Case '-[MacParakeetTests.TranscriptionViewModelTests testRetranscribeSkipsAutoRunPromptsButRegeneratesKnowledgeCard]' passed (0.067 seconds).
Test Case '-[MacParakeetTests.TranscriptionViewModelTests testRetranscribeUpdatesOriginalRecordInPlace]' passed (0.306 seconds).
Test Case '-[MacParakeetTests.TranscriptionViewModelTests testRetranscriptionCohereChoiceCarriesStoredLanguage]' passed (0.005 seconds).
Test Case '-[MacParakeetTests.TranscriptionViewModelTests testRetranscriptionEngineOptionAdvisesColdWhisperSwitch]' passed (0.003 seconds).
Test Case '-[MacParakeetTests.TranscriptionViewModelTests testRetranscriptionEngineOptionAvailableForFileSource]' passed (0.003 seconds).
Test Case '-[MacParakeetTests.TranscriptionViewModelTests testRetranscriptionEngineOptionAvailableForYouTubeSource]' passed (0.003 seconds).
Test Case '-[MacParakeetTests.TranscriptionViewModelTests testRetranscriptionEngineOptionChoicesCarryRegistryTimestampCapabilities]' passed (0.006 seconds).
Test Case '-[MacParakeetTests.TranscriptionViewModelTests testRetranscriptionEngineOptionDisablesMissingCohereModel]' passed (0.006 seconds).
Test Case '-[MacParakeetTests.TranscriptionViewModelTests testRetranscriptionEngineOptionDisablesMissingWhisperModel]' passed (0.004 seconds).
Test Case '-[MacParakeetTests.TranscriptionViewModelTests testRetranscriptionEngineOptionFallsBackToFinalRouteForLegacyFileTranscript]' passed (0.003 seconds).
Test Case '-[MacParakeetTests.TranscriptionViewModelTests testRetranscriptionEngineOptionFirstTimestampCapableChoiceCanUseParakeetUnified]' passed (0.003 seconds).
Test Case '-[MacParakeetTests.TranscriptionViewModelTests testRetranscriptionEngineOptionFirstTimestampCapableChoiceUsesParakeetTDT]' passed (0.002 seconds).
Test Case '-[MacParakeetTests.TranscriptionViewModelTests testRetranscriptionEngineOptionFirstTimestampCapableChoiceUsesUnifiedWhenOtherTimestampEnginesAreUnavailable]' passed (0.002 seconds).
Test Case '-[MacParakeetTests.TranscriptionViewModelTests testRetranscriptionEngineOptionIncludesNemotronButDisablesItWhenMissing]' passed (0.003 seconds).
Test Case '-[MacParakeetTests.TranscriptionViewModelTests testRetranscriptionEngineOptionIncludesNemotronWhenDownloaded]' passed (0.005 seconds).
Test Case '-[MacParakeetTests.TranscriptionViewModelTests testRetranscriptionEngineOptionKeepsCurrentVariantForRecordedParakeet]' passed (0.003 seconds).
Test Case '-[MacParakeetTests.TranscriptionViewModelTests testRetranscriptionEngineOptionNilWhenFileMissing]' passed (0.000 seconds).
Test Case '-[MacParakeetTests.TranscriptionViewModelTests testRetranscriptionEngineOptionUsesCapturedMeetingEngine]' passed (0.005 seconds).
Test Case '-[MacParakeetTests.TranscriptionViewModelTests testRetranscriptionEngineOptionUsesCurrentSettingsForLegacyMeetingMetadata]' passed (0.007 seconds).
Test Case '-[MacParakeetTests.TranscriptionViewModelTests testRetranscriptionEngineOptionUsesRecordedEngineForFileTranscript]' passed (0.003 seconds).
Test Case '-[MacParakeetTests.TranscriptionViewModelTests testRevertCurrentTranscriptToOriginalClearsCleanTranscript]' passed (0.000 seconds).
Test Case '-[MacParakeetTests.TranscriptionViewModelTests testRevertCurrentTranscriptToOriginalFailsWithoutConfiguredRepository]' passed (0.000 seconds).
Test Case '-[MacParakeetTests.TranscriptionViewModelTests testRevertCurrentTranscriptToOriginalKeepsStateWhenSaveFails]' passed (0.000 seconds).
Test Case '-[MacParakeetTests.TranscriptionViewModelTests testSchemelessApplePodcastsLinkRoutesToPodcastSourceKind]' passed (0.201 seconds).
Test Case '-[MacParakeetTests.TranscriptionViewModelTests testSelectingDifferentTranscriptionResetsTabAndConversationState]' passed (0.000 seconds).
Test Case '-[MacParakeetTests.TranscriptionViewModelTests testShowInputPortalClearsCurrentTranscriptionAndResetsSelection]' passed (0.000 seconds).
Test Case '-[MacParakeetTests.TranscriptionViewModelTests testShowTabsFalseWhenNothingAvailable]' passed (0.000 seconds).
Test Case '-[MacParakeetTests.TranscriptionViewModelTests testShowTabsTrueForSavedMeetingWithoutAIResultsOrChat]' passed (0.000 seconds).
Test Case '-[MacParakeetTests.TranscriptionViewModelTests testShowTabsTrueWhenHasConversations]' passed (0.000 seconds).
Test Case '-[MacParakeetTests.TranscriptionViewModelTests testShowTabsTrueWhenLLMAvailable]' passed (0.000 seconds).
Test Case '-[MacParakeetTests.TranscriptionViewModelTests testShowTabsTrueWhenSavedSummaryExists]' passed (0.000 seconds).
Test Case '-[MacParakeetTests.TranscriptionViewModelTests testStartingNewTranscriptionCancelsInFlightRequest]' passed (0.252 seconds).
Test Case '-[MacParakeetTests.TranscriptionViewModelTests testSwitchingMeetingsClearsOwnedNotesBannerAndPreservesFailedDraft]' passed (0.000 seconds).
Test Case '-[MacParakeetTests.TranscriptionViewModelTests testSwitchingMeetingsPreservesUnrelatedDiagnosticAfterNotesFailure]' passed (0.000 seconds).
Test Case '-[MacParakeetTests.TranscriptionViewModelTests testTranscribeAudioFirstAndUnknownPlaceholders]' passed (0.000 seconds).
Test Case '-[MacParakeetTests.TranscriptionViewModelTests testTranscribeFileBeforeConfigureIsNoOp]' passed (0.000 seconds).
Test Case '-[MacParakeetTests.TranscriptionViewModelTests testTranscribeFileClearsErrorMessage]' passed (0.203 seconds).
Test Case '-[MacParakeetTests.TranscriptionViewModelTests testTranscribeFileErrorHandling]' passed (0.202 seconds).
Test Case '-[MacParakeetTests.TranscriptionViewModelTests testTranscribeFileProgressMessage]' passed (0.001 seconds).
Test Case '-[MacParakeetTests.TranscriptionViewModelTests testTranscribeFileProgressSublineUsesFinalEngineSnapshot]' passed (0.027 seconds).
Test Case '-[MacParakeetTests.TranscriptionViewModelTests testTranscribeFileProgressSublineUsesNemotronVariantSnapshot]' passed (0.026 seconds).
Test Case '-[MacParakeetTests.TranscriptionViewModelTests testTranscribeFileShowsIndeterminateWhisperModelPreparation]' passed (0.026 seconds).
Test Case '-[MacParakeetTests.TranscriptionViewModelTests testTranscribeFileUpdatesState]' passed (0.203 seconds).
Test Case '-[MacParakeetTests.TranscriptionViewModelTests testTranscribeGenericMediaURLStartsTranscription]' passed (0.203 seconds).
Test Case '-[MacParakeetTests.TranscriptionViewModelTests testTranscribeSchemelessRecognizedURLReachesServiceWithScheme]' passed (0.202 seconds).
Test Case '-[MacParakeetTests.TranscriptionViewModelTests testTranscribeURLFailurePopulatesErrorDetailWithLink]' passed (0.014 seconds).
Test Case '-[MacParakeetTests.TranscriptionViewModelTests testTranscribeURLIgnoresFailedDuplicates]' passed (0.203 seconds).
Test Case '-[MacParakeetTests.TranscriptionViewModelTests testTranscribeURLInvalidInputNoOp]' passed (0.000 seconds).
Test Case '-[MacParakeetTests.TranscriptionViewModelTests testTranscribeURLMatchesDifferentURLFormats]' passed (0.000 seconds).
Test Case '-[MacParakeetTests.TranscriptionViewModelTests testTranscribeURLProgressClearsPercentOnNonPercentPhase]' passed (0.011 seconds).
Test Case '-[MacParakeetTests.TranscriptionViewModelTests testTranscribeURLProgressParsesDownloadPercent]' passed (0.011 seconds).
Test Case '-[MacParakeetTests.TranscriptionViewModelTests testTranscribeURLProgressTracksPhaseHeadlineAndSourceKind]' passed (0.011 seconds).
Test Case '-[MacParakeetTests.TranscriptionViewModelTests testTranscribeURLProgressTracksTranscribingPercent]' passed (0.011 seconds).
Test Case '-[MacParakeetTests.TranscriptionViewModelTests testTranscribeURLShowsExistingWhenAlreadyTranscribed]' passed (0.000 seconds).
Test Case '-[MacParakeetTests.TranscriptionViewModelTests testTranscribeURLUpdatesState]' passed (0.201 seconds).
Test Case '-[MacParakeetTests.TranscriptionViewModelTests testTranscribeXURLSkipsVideoIDDedup]' passed (0.201 seconds).
Test Case '-[MacParakeetTests.TranscriptionViewModelTests testTranscribeXURLStartsTranscription]' passed (0.201 seconds).
Test Case '-[MacParakeetTests.TranscriptionViewModelTests testUnselectedMeetingCompletionStillExportsRefreshesAndRunsAutoPrompts]' passed (0.017 seconds).
Test Case '-[MacParakeetTests.TranscriptionViewModelTests testUpdateConversationStatusUpdatesShowTabs]' passed (0.000 seconds).
Test Case '-[MacParakeetTests.TranscriptionViewModelTests testUpdateCurrentMeetingNotesDoesNotReportSuccessWhenRowIsMissing]' passed (0.000 seconds).
Test Case '-[MacParakeetTests.TranscriptionViewModelTests testUpdateCurrentMeetingNotesKeepsCommittedStateWhenPersistenceFails]' passed (0.000 seconds).
Test Case '-[MacParakeetTests.TranscriptionViewModelTests testUpdateCurrentMeetingNotesNormalizesWhitespaceOnlyToNil]' passed (0.000 seconds).
Test Case '-[MacParakeetTests.TranscriptionViewModelTests testUpdateCurrentMeetingNotesPersistsAndSynchronizesDetailAndList]' passed (0.000 seconds).
Test Case '-[MacParakeetTests.TranscriptionViewModelTests testUpdateCurrentMeetingNotesRejectsNonMeeting]' passed (0.000 seconds).
Test Case '-[MacParakeetTests.TranscriptionViewModelTests testUpdateCurrentMeetingNotesReportsArtifactFailureWithoutRollingBackDatabase]' passed (0.000 seconds).
Test Case '-[MacParakeetTests.TranscriptionViewModelTests testUpdateCurrentMeetingNotesSucceedsWhenReadBackFailsAfterCommit]' passed (0.000 seconds).
Test Case '-[MacParakeetTests.TranscriptionViewModelTests testUpdateCurrentTranscriptTextFailsWithoutConfiguredRepository]' passed (0.000 seconds).
Test Case '-[MacParakeetTests.TranscriptionViewModelTests testUpdateCurrentTranscriptTextKeepsStateWhenSaveFails]' passed (0.000 seconds).
Test Case '-[MacParakeetTests.TranscriptionViewModelTests testUpdateCurrentTranscriptTextRejectsEmptyText]' passed (0.000 seconds).
Test Case '-[MacParakeetTests.TranscriptionViewModelTests testUpdateCurrentTranscriptTextStoresEditedTextAsCleanTranscript]' passed (0.000 seconds).
Test Case '-[MacParakeetTests.TranscriptionViewModelTests testUpdateLLMAvailability]' passed (0.000 seconds).
Test Case '-[MacParakeetTests.TranscriptionViewModelTests testUpdatingSameMeetingMetadataKeepsOwnedNotesBanner]' passed (0.000 seconds).
Test Case '-[MacParakeetTests.TranscriptionViewModelTests testURLFailureDiagnosticIncludesLinkAndEnvironment]' passed (0.000 seconds).
Test Case '-[MacParakeetTests.TranscriptionViewModelTests testURLFailureDiagnosticLabelsUnrecognizedLink]' passed (0.000 seconds).
Test Suite 'TranscriptionViewModelTests' passed at 2026-09-07 16:23:59.916.
	 Executed 159 tests, with 0 failures (0 unexpected) in 6.794 (6.809) seconds
Test Suite 'MacParakeetPackageTests.xctest' passed at 2026-09-07 16:23:59.916.
	 Executed 694 tests, with 0 failures (0 unexpected) in 20.741 (20.800) seconds
Test Suite 'Selected tests' passed at 2026-09-07 16:23:59.916.
	 Executed 694 tests, with 0 failures (0 unexpected) in 20.741 (20.801) seconds
