[1/1] Compiling plugin GenerateManual
[2/2] Compiling plugin GenerateDoccReference
Building for debugging...
[2/11] Write sources
[4/11] Write swift-version--58304C5D6DBC2206.txt
[6/13] Compiling MacParakeetCore MeetingRecordingRecoveryService.swift
[7/13] Compiling MacParakeetCore MeetingRecordingLockFileStore.swift
[8/13] Emitting module MacParakeetCore
/Users/dmoon/code/macparakeet-qa/Sources/MacParakeetCore/Services/Telemetry/TelemetryErrorClassifier.swift:55:27: warning: 'is' test is always true
 53 |             // A custom description can contain user content, even when it looks
 54 |             // like a single identifier. Only the compiler's enum description is safe.
 55 |             guard !(error is any CustomStringConvertible),
    |                           `- warning: 'is' test is always true
 56 |                 !(error is any CustomDebugStringConvertible)
 57 |             else { return typeName }

/Users/dmoon/code/macparakeet-qa/Sources/MacParakeetCore/Services/Telemetry/TelemetryErrorClassifier.swift:56:25: warning: 'is' test is always true
 54 |             // like a single identifier. Only the compiler's enum description is safe.
 55 |             guard !(error is any CustomStringConvertible),
 56 |                 !(error is any CustomDebugStringConvertible)
    |                         `- warning: 'is' test is always true
 57 |             else { return typeName }
 58 |             let described = String(describing: error)
[9/17] Compiling MacParakeetCore MeetingAudioRetentionSweeper.swift
[10/17] Compiling MacParakeetCore MeetingAudioFile.swift
[11/17] Compiling MacParakeetCore TranscriptionAssetCleanup.swift
[12/17] Compiling MacParakeetCore MeetingRecordingService.swift
[13/21] Emitting module CLI
[14/21] Compiling CLI HistoryCommand.swift
[14/22] Write Objects.LinkFileList
[16/22] Emitting module MacParakeetViewModels
[17/22] Compiling MacParakeetViewModels SettingsViewModel.swift
[17/22] Linking macparakeet-cli
[18/22] Applying macparakeet-cli
[20/35] Emitting module CLITests
[21/35] Compiling CLITests HistoryCommandTests.swift
[22/35] Compiling MacParakeet MeetingFinalizationReconciler.swift
[23/35] Compiling MacParakeet MeetingRecoveryCoordinator.swift
[24/35] Compiling MacParakeet MenuBarCoordinator.swift
[25/35] Compiling MacParakeet AppEnvironment.swift
[26/35] Compiling MacParakeet OnboardingCoordinator.swift
[27/35] Compiling MacParakeet MeetingTranscriptionQueue.swift
[28/35] Compiling MacParakeet AppDelegate.swift
[29/35] Compiling MacParakeet AppEnvironmentConfigurer.swift
[30/35] Compiling MacParakeet MeetingAudioRetentionSweepCoordinator.swift
[31/35] Emitting module MacParakeet
[32/35] Compiling MacParakeet MeetingRecordingFlowCoordinator.swift
[32/37] Write Objects.LinkFileList
[33/37] Linking MacParakeet
[34/37] Applying MacParakeet
[36/47] Compiling MacParakeetTests MeetingRecordingLockFileStoreTests.swift
[37/47] Compiling MacParakeetTests MeetingFinalizationReconcilerTests.swift
[38/47] Compiling MacParakeetTests SettingsViewModelTests.swift
[39/47] Compiling MacParakeetTests MeetingAudioRetentionSweeperTests.swift
[40/47] Compiling MacParakeetTests MeetingAudioFileTests.swift
[41/47] Emitting module MacParakeetTests
[42/47] Compiling MacParakeetTests AppEnvironmentTests.swift
[43/47] Compiling MacParakeetTests TranscriptionDeletionCleanupTests.swift
[44/47] Compiling MacParakeetTests MeetingDeletionCopyTests.swift
[45/47] Compiling MacParakeetTests MeetingRecordingRecoveryServiceTests.swift
[45/47] Write Objects.LinkFileList
[46/47] Linking MacParakeetPackageTests
Build complete! (20.95s)
Test Suite 'Selected tests' started at 2026-09-07 15:39:05.734.
Test Suite 'MacParakeetPackageTests.xctest' started at 2026-09-07 15:39:05.735.
Test Suite 'MeetingRecordingLockFileStoreTests' started at 2026-09-07 15:39:05.735.
Test Case '-[MacParakeetTests.MeetingRecordingLockFileStoreTests testConcurrentFinalizationOwnershipClaimsAdmitOneProcess]' started.
Test Case '-[MacParakeetTests.MeetingRecordingLockFileStoreTests testConcurrentFinalizationOwnershipClaimsAdmitOneProcess]' passed (0.036 seconds).
Test Case '-[MacParakeetTests.MeetingRecordingLockFileStoreTests testDeleteRemovesFile]' started.
Test Case '-[MacParakeetTests.MeetingRecordingLockFileStoreTests testDeleteRemovesFile]' passed (0.002 seconds).
Test Case '-[MacParakeetTests.MeetingRecordingLockFileStoreTests testDiscoverActiveSessionsIsNotRetentionSafetyPredicate]' started.
Test Case '-[MacParakeetTests.MeetingRecordingLockFileStoreTests testDiscoverActiveSessionsIsNotRetentionSafetyPredicate]' passed (0.003 seconds).
Test Case '-[MacParakeetTests.MeetingRecordingLockFileStoreTests testDiscoverActiveSessionsReturnsEmptyForMissingRoot]' started.
Test Case '-[MacParakeetTests.MeetingRecordingLockFileStoreTests testDiscoverActiveSessionsReturnsEmptyForMissingRoot]' passed (0.001 seconds).
Test Case '-[MacParakeetTests.MeetingRecordingLockFileStoreTests testDiscoverActiveSessionsReturnsLiveOwners]' started.
Test Case '-[MacParakeetTests.MeetingRecordingLockFileStoreTests testDiscoverActiveSessionsReturnsLiveOwners]' passed (0.001 seconds).
Test Case '-[MacParakeetTests.MeetingRecordingLockFileStoreTests testDiscoverActiveSessionsSkipsDeadOwners]' started.
Test Case '-[MacParakeetTests.MeetingRecordingLockFileStoreTests testDiscoverActiveSessionsSkipsDeadOwners]' passed (0.001 seconds).
Test Case '-[MacParakeetTests.MeetingRecordingLockFileStoreTests testDiscoverAnySessionsReturnsLiveAndDeadOwners]' started.
Test Case '-[MacParakeetTests.MeetingRecordingLockFileStoreTests testDiscoverAnySessionsReturnsLiveAndDeadOwners]' passed (0.002 seconds).
Test Case '-[MacParakeetTests.MeetingRecordingLockFileStoreTests testDiscoverOrphansHandlesUnknownSchemaVersion]' started.
Test Case '-[MacParakeetTests.MeetingRecordingLockFileStoreTests testDiscoverOrphansHandlesUnknownSchemaVersion]' passed (0.001 seconds).
Test Case '-[MacParakeetTests.MeetingRecordingLockFileStoreTests testDiscoverOrphansReturnsDeadOwnersWithFolderURL]' started.
Test Case '-[MacParakeetTests.MeetingRecordingLockFileStoreTests testDiscoverOrphansReturnsDeadOwnersWithFolderURL]' passed (0.001 seconds).
Test Case '-[MacParakeetTests.MeetingRecordingLockFileStoreTests testDiscoverOrphansSkipsCorruptJSON]' started.
Test Case '-[MacParakeetTests.MeetingRecordingLockFileStoreTests testDiscoverOrphansSkipsCorruptJSON]' passed (0.001 seconds).
Test Case '-[MacParakeetTests.MeetingRecordingLockFileStoreTests testDiscoverOrphansSkipsLiveOwners]' started.
Test Case '-[MacParakeetTests.MeetingRecordingLockFileStoreTests testDiscoverOrphansSkipsLiveOwners]' passed (0.001 seconds).
Test Case '-[MacParakeetTests.MeetingRecordingLockFileStoreTests testFailedOwnershipReleaseCanBeReclaimedBySameProcess]' started.
Test Case '-[MacParakeetTests.MeetingRecordingLockFileStoreTests testFailedOwnershipReleaseCanBeReclaimedBySameProcess]' passed (0.004 seconds).
Test Case '-[MacParakeetTests.MeetingRecordingLockFileStoreTests testFinalizationOwnershipClaimRefusesLiveNewerSchemaLock]' started.
Test Case '-[MacParakeetTests.MeetingRecordingLockFileStoreTests testFinalizationOwnershipClaimRefusesLiveNewerSchemaLock]' passed (0.001 seconds).
Test Case '-[MacParakeetTests.MeetingRecordingLockFileStoreTests testFinalizationOwnershipClaimRefusesLiveOwner]' started.
Test Case '-[MacParakeetTests.MeetingRecordingLockFileStoreTests testFinalizationOwnershipClaimRefusesLiveOwner]' passed (0.002 seconds).
Test Case '-[MacParakeetTests.MeetingRecordingLockFileStoreTests testFinalizationOwnershipClaimReplacesDeadNewerSchemaLock]' started.
Test Case '-[MacParakeetTests.MeetingRecordingLockFileStoreTests testFinalizationOwnershipClaimReplacesDeadNewerSchemaLock]' passed (0.003 seconds).
Test Case '-[MacParakeetTests.MeetingRecordingLockFileStoreTests testFinalizationOwnershipClaimReplacesDeadProcessLease]' started.
Test Case '-[MacParakeetTests.MeetingRecordingLockFileStoreTests testFinalizationOwnershipClaimReplacesDeadProcessLease]' passed (0.002 seconds).
Test Case '-[MacParakeetTests.MeetingRecordingLockFileStoreTests testFinalizationOwnershipClaimRewritesAndReleaseRestoresDeadOwner]' started.
Test Case '-[MacParakeetTests.MeetingRecordingLockFileStoreTests testFinalizationOwnershipClaimRewritesAndReleaseRestoresDeadOwner]' passed (0.002 seconds).
Test Case '-[MacParakeetTests.MeetingRecordingLockFileStoreTests testFinalizationOwnershipClaimTreatsUnreadablePresentLockAsDeadEvidence]' started.
Test Case '-[MacParakeetTests.MeetingRecordingLockFileStoreTests testFinalizationOwnershipClaimTreatsUnreadablePresentLockAsDeadEvidence]' passed (0.001 seconds).
Test Case '-[MacParakeetTests.MeetingRecordingLockFileStoreTests testFinalizationOwnershipClaimTreatsZeroByteLockAsDeadEvidence]' started.
Test Case '-[MacParakeetTests.MeetingRecordingLockFileStoreTests testFinalizationOwnershipClaimTreatsZeroByteLockAsDeadEvidence]' passed (0.001 seconds).
Test Case '-[MacParakeetTests.MeetingRecordingLockFileStoreTests testHasLiveOwnerHonorsPeekedPIDOnNewerSchemaLock]' started.
Test Case '-[MacParakeetTests.MeetingRecordingLockFileStoreTests testHasLiveOwnerHonorsPeekedPIDOnNewerSchemaLock]' passed (0.001 seconds).
Test Case '-[MacParakeetTests.MeetingRecordingLockFileStoreTests testHasLiveOwnerReturnsFalseForDeadOrMissingOwner]' started.
Test Case '-[MacParakeetTests.MeetingRecordingLockFileStoreTests testHasLiveOwnerReturnsFalseForDeadOrMissingOwner]' passed (0.001 seconds).
Test Case '-[MacParakeetTests.MeetingRecordingLockFileStoreTests testHasLiveOwnerUsesReadableLockPID]' started.
Test Case '-[MacParakeetTests.MeetingRecordingLockFileStoreTests testHasLiveOwnerUsesReadableLockPID]' passed (0.001 seconds).
Test Case '-[MacParakeetTests.MeetingRecordingLockFileStoreTests testNilNotesIsNotEncoded]' started.
Test Case '-[MacParakeetTests.MeetingRecordingLockFileStoreTests testNilNotesIsNotEncoded]' passed (0.001 seconds).
Test Case '-[MacParakeetTests.MeetingRecordingLockFileStoreTests testReadFromCorruptJSONReturnsNil]' started.
Test Case '-[MacParakeetTests.MeetingRecordingLockFileStoreTests testReadFromCorruptJSONReturnsNil]' passed (0.001 seconds).
Test Case '-[MacParakeetTests.MeetingRecordingLockFileStoreTests testReadFromLockFileMissingNotesKeyDecodesAsNil]' started.
Test Case '-[MacParakeetTests.MeetingRecordingLockFileStoreTests testReadFromLockFileMissingNotesKeyDecodesAsNil]' passed (0.001 seconds).
Test Case '-[MacParakeetTests.MeetingRecordingLockFileStoreTests testReadFromLockFileWithMalformedCalendarSnapshotStillRecoversMetadata]' started.
Test Case '-[MacParakeetTests.MeetingRecordingLockFileStoreTests testReadFromLockFileWithMalformedCalendarSnapshotStillRecoversMetadata]' passed (0.001 seconds).
Test Case '-[MacParakeetTests.MeetingRecordingLockFileStoreTests testReadFromLockFileWithMalformedNotesValueStillRecoversMetadata]' started.
Test Case '-[MacParakeetTests.MeetingRecordingLockFileStoreTests testReadFromLockFileWithMalformedNotesValueStillRecoversMetadata]' passed (0.001 seconds).
Test Case '-[MacParakeetTests.MeetingRecordingLockFileStoreTests testReadFromLockFileWithMalformedStartContextStillRecoversMetadata]' started.
Test Case '-[MacParakeetTests.MeetingRecordingLockFileStoreTests testReadFromLockFileWithMalformedStartContextStillRecoversMetadata]' passed (0.001 seconds).
Test Case '-[MacParakeetTests.MeetingRecordingLockFileStoreTests testReadFromMissingFolderReturnsNil]' started.
Test Case '-[MacParakeetTests.MeetingRecordingLockFileStoreTests testReadFromMissingFolderReturnsNil]' passed (0.000 seconds).
Test Case '-[MacParakeetTests.MeetingRecordingLockFileStoreTests testReadFromUnknownSchemaVersionReturnsNil]' started.
Test Case '-[MacParakeetTests.MeetingRecordingLockFileStoreTests testReadFromUnknownSchemaVersionReturnsNil]' passed (0.001 seconds).
Test Case '-[MacParakeetTests.MeetingRecordingLockFileStoreTests testReadReturnsAwaitingTranscriptionLockRegardlessOfPID]' started.
Test Case '-[MacParakeetTests.MeetingRecordingLockFileStoreTests testReadReturnsAwaitingTranscriptionLockRegardlessOfPID]' passed (0.001 seconds).
Test Case '-[MacParakeetTests.MeetingRecordingLockFileStoreTests testReadTreatsSchemaOneSpeechEngineAsLegacyProvenance]' started.
Test Case '-[MacParakeetTests.MeetingRecordingLockFileStoreTests testReadTreatsSchemaOneSpeechEngineAsLegacyProvenance]' passed (0.001 seconds).
Test Case '-[MacParakeetTests.MeetingRecordingLockFileStoreTests testUncapturedSpeechEngineRemainsAbsentAfterRewrite]' started.
Test Case '-[MacParakeetTests.MeetingRecordingLockFileStoreTests testUncapturedSpeechEngineRemainsAbsentAfterRewrite]' passed (0.001 seconds).
Test Case '-[MacParakeetTests.MeetingRecordingLockFileStoreTests testWithNotesPreservesEverythingElse]' started.
Test Case '-[MacParakeetTests.MeetingRecordingLockFileStoreTests testWithNotesPreservesEverythingElse]' passed (0.000 seconds).
Test Case '-[MacParakeetTests.MeetingRecordingLockFileStoreTests testWriteThenReadRoundTrip]' started.
Test Case '-[MacParakeetTests.MeetingRecordingLockFileStoreTests testWriteThenReadRoundTrip]' passed (0.001 seconds).
Test Case '-[MacParakeetTests.MeetingRecordingLockFileStoreTests testWriteThenReadRoundTripsNotes]' started.
Test Case '-[MacParakeetTests.MeetingRecordingLockFileStoreTests testWriteThenReadRoundTripsNotes]' passed (0.001 seconds).
Test Suite 'MeetingRecordingLockFileStoreTests' passed at 2026-09-07 15:39:05.818.
	 Executed 36 tests, with 0 failures (0 unexpected) in 0.080 (0.083) seconds
Test Suite 'MeetingRecordingRecoveryServiceTests' started at 2026-09-07 15:39:05.818.
Test Case '-[MacParakeetTests.MeetingRecordingRecoveryServiceTests testActiveWriterFinalizationIsNeitherOfferedRecoveredNorDiscarded]' started.
Test Case '-[MacParakeetTests.MeetingRecordingRecoveryServiceTests testActiveWriterFinalizationIsNeitherOfferedRecoveredNorDiscarded]' passed (0.024 seconds).
Test Case '-[MacParakeetTests.MeetingRecordingRecoveryServiceTests testCrashPointSweepConvergesToCompletedRowDeletedLockAndPreservedAudio]' started.
Test Case '-[MacParakeetTests.MeetingRecordingRecoveryServiceTests testCrashPointSweepConvergesToCompletedRowDeletedLockAndPreservedAudio]' passed (0.078 seconds).
Test Case '-[MacParakeetTests.MeetingRecordingRecoveryServiceTests testDiscardKeepsCompletedTranscriptAudioAndDeletesOnlyLock]' started.
Test Case '-[MacParakeetTests.MeetingRecordingRecoveryServiceTests testDiscardKeepsCompletedTranscriptAudioAndDeletesOnlyLock]' passed (0.015 seconds).
Test Case '-[MacParakeetTests.MeetingRecordingRecoveryServiceTests testDiscardOfMissingFolderIsIdempotent]' started.
Test Case '-[MacParakeetTests.MeetingRecordingRecoveryServiceTests testDiscardOfMissingFolderIsIdempotent]' passed (0.016 seconds).
Test Case '-[MacParakeetTests.MeetingRecordingRecoveryServiceTests testDiscardRemovesEverything]' started.
Test Case '-[MacParakeetTests.MeetingRecordingRecoveryServiceTests testDiscardRemovesEverything]' passed (0.015 seconds).
Test Case '-[MacParakeetTests.MeetingRecordingRecoveryServiceTests testDiscardRestoresMissingLockAfterPartialFolderRemovalAndCanRetry]' started.
Test Case '-[MacParakeetTests.MeetingRecordingRecoveryServiceTests testDiscardRestoresMissingLockAfterPartialFolderRemovalAndCanRetry]' passed (0.016 seconds).
Test Case '-[MacParakeetTests.MeetingRecordingRecoveryServiceTests testDiscardRestoresOwnershipAfterFolderRemovalFailureAndCanRetry]' started.
Test Case '-[MacParakeetTests.MeetingRecordingRecoveryServiceTests testDiscardRestoresOwnershipAfterFolderRemovalFailureAndCanRetry]' passed (0.015 seconds).
Test Case '-[MacParakeetTests.MeetingRecordingRecoveryServiceTests testDiscardSurfacesFailedLockDeleteAndStaysRetryable]' started.
Test Case '-[MacParakeetTests.MeetingRecordingRecoveryServiceTests testDiscardSurfacesFailedLockDeleteAndStaysRetryable]' passed (0.019 seconds).
Test Case '-[MacParakeetTests.MeetingRecordingRecoveryServiceTests testDiscardWithStaleLockRefusesActiveSameProcessFinalizationLease]' started.
Test Case '-[MacParakeetTests.MeetingRecordingRecoveryServiceTests testDiscardWithStaleLockRefusesActiveSameProcessFinalizationLease]' passed (0.014 seconds).
Test Case '-[MacParakeetTests.MeetingRecordingRecoveryServiceTests testDiscardWithStaleLockRefusesAnotherLiveProcessFinalizationLease]' started.
Test Case '-[MacParakeetTests.MeetingRecordingRecoveryServiceTests testDiscardWithStaleLockRefusesAnotherLiveProcessFinalizationLease]' passed (0.014 seconds).
Test Case '-[MacParakeetTests.MeetingRecordingRecoveryServiceTests testDiscoverFiltersOnlyEmptySessionsInMixedBatch]' started.
Test Case '-[MacParakeetTests.MeetingRecordingRecoveryServiceTests testDiscoverFiltersOnlyEmptySessionsInMixedBatch]' passed (0.018 seconds).
Test Case '-[MacParakeetTests.MeetingRecordingRecoveryServiceTests testDiscoverFiltersSessionWithNoAudioFiles]' started.
Test Case '-[MacParakeetTests.MeetingRecordingRecoveryServiceTests testDiscoverFiltersSessionWithNoAudioFiles]' passed (0.002 seconds).
Test Case '-[MacParakeetTests.MeetingRecordingRecoveryServiceTests testDiscoverFiltersStubSessionWithoutDeletingFolder]' started.
Test Case '-[MacParakeetTests.MeetingRecordingRecoveryServiceTests testDiscoverFiltersStubSessionWithoutDeletingFolder]' passed (0.002 seconds).
Test Case '-[MacParakeetTests.MeetingRecordingRecoveryServiceTests testDiscoverKeepsCandidateWhenViabilityCheckFails]' started.
Test Case '-[MacParakeetTests.MeetingRecordingRecoveryServiceTests testDiscoverKeepsCandidateWhenViabilityCheckFails]' passed (0.002 seconds).
Test Case '-[MacParakeetTests.MeetingRecordingRecoveryServiceTests testDiscoverKeepsCompletedMeetingWhenSourceAudioIsMissing]' started.
Test Case '-[MacParakeetTests.MeetingRecordingRecoveryServiceTests testDiscoverKeepsCompletedMeetingWhenSourceAudioIsMissing]' passed (0.001 seconds).
Test Case '-[MacParakeetTests.MeetingRecordingRecoveryServiceTests testDiscoverKeepsSessionWhenOnlyOneChannelHasViableAudio]' started.
Test Case '-[MacParakeetTests.MeetingRecordingRecoveryServiceTests testDiscoverKeepsSessionWhenOnlyOneChannelHasViableAudio]' passed (0.008 seconds).
Test Case '-[MacParakeetTests.MeetingRecordingRecoveryServiceTests testDiscoverKeepsSessionWithViableAudio]' started.
Test Case '-[MacParakeetTests.MeetingRecordingRecoveryServiceTests testDiscoverKeepsSessionWithViableAudio]' passed (0.014 seconds).
Test Case '-[MacParakeetTests.MeetingRecordingRecoveryServiceTests testPartialDiscardFailureDoesNotReplaceAnotherOwnersLock]' started.
Test Case '-[MacParakeetTests.MeetingRecordingRecoveryServiceTests testPartialDiscardFailureDoesNotReplaceAnotherOwnersLock]' passed (0.018 seconds).
Test Case '-[MacParakeetTests.MeetingRecordingRecoveryServiceTests testRecoverAppliesLockFileNotesToRecoveredTranscriptionUserNotes]' started.
Test Case '-[MacParakeetTests.MeetingRecordingRecoveryServiceTests testRecoverAppliesLockFileNotesToRecoveredTranscriptionUserNotes]' passed (0.020 seconds).
Test Case '-[MacParakeetTests.MeetingRecordingRecoveryServiceTests testRecoverCleansAwaitingTranscriptionLockWhenTranscriptAlreadyExists]' started.
Test Case '-[MacParakeetTests.MeetingRecordingRecoveryServiceTests testRecoverCleansAwaitingTranscriptionLockWhenTranscriptAlreadyExists]' passed (0.015 seconds).
Test Case '-[MacParakeetTests.MeetingRecordingRecoveryServiceTests testRecoverClearsStoredPlaybackFallbackWhenRemixSucceeds]' started.
Test Case '-[MacParakeetTests.MeetingRecordingRecoveryServiceTests testRecoverClearsStoredPlaybackFallbackWhenRemixSucceeds]' passed (0.024 seconds).
Test Case '-[MacParakeetTests.MeetingRecordingRecoveryServiceTests testRecoverContinuesWhenMixFails]' started.
Test Case '-[MacParakeetTests.MeetingRecordingRecoveryServiceTests testRecoverContinuesWhenMixFails]' passed (0.027 seconds).
Test Case '-[MacParakeetTests.MeetingRecordingRecoveryServiceTests testRecoverDeletesLockOnSuccess]' started.
Test Case '-[MacParakeetTests.MeetingRecordingRecoveryServiceTests testRecoverDeletesLockOnSuccess]' passed (0.020 seconds).
Test Case '-[MacParakeetTests.MeetingRecordingRecoveryServiceTests testRecoverDeletesStaleCleanedMicWhenSourceMissing]' started.
Test Case '-[MacParakeetTests.MeetingRecordingRecoveryServiceTests testRecoverDeletesStaleCleanedMicWhenSourceMissing]' passed (0.020 seconds).
Test Case '-[MacParakeetTests.MeetingRecordingRecoveryServiceTests testRecoverDoesNotSetUserNotesWhenLockHasNone]' started.
Test Case '-[MacParakeetTests.MeetingRecordingRecoveryServiceTests testRecoverDoesNotSetUserNotesWhenLockHasNone]' passed (0.020 seconds).
Test Case '-[MacParakeetTests.MeetingRecordingRecoveryServiceTests testRecoverKeepsLockOnFailure]' started.
Test Case '-[MacParakeetTests.MeetingRecordingRecoveryServiceTests testRecoverKeepsLockOnFailure]' passed (0.021 seconds).
Test Case '-[MacParakeetTests.MeetingRecordingRecoveryServiceTests testRecoverLegacyLockWithoutSpeechEnginePreservesUncapturedProvenance]' started.
Test Case '-[MacParakeetTests.MeetingRecordingRecoveryServiceTests testRecoverLegacyLockWithoutSpeechEnginePreservesUncapturedProvenance]' passed (0.022 seconds).
Test Case '-[MacParakeetTests.MeetingRecordingRecoveryServiceTests testRecoverLegacySilenceOnlyPartialReportRemainsHealthy]' started.
Test Case '-[MacParakeetTests.MeetingRecordingRecoveryServiceTests testRecoverLegacySilenceOnlyPartialReportRemainsHealthy]' passed (0.019 seconds).
Test Case '-[MacParakeetTests.MeetingRecordingRecoveryServiceTests testRecoverMissingMicrophoneMaterializesDelayedSystemTimeline]' started.
Test Case '-[MacParakeetTests.MeetingRecordingRecoveryServiceTests testRecoverMissingMicrophoneMaterializesDelayedSystemTimeline]' passed (0.023 seconds).
Test Case '-[MacParakeetTests.MeetingRecordingRecoveryServiceTests testRecoverMissingPreviouslySilentSystemTrackBecomesUnavailable]' started.
Test Case '-[MacParakeetTests.MeetingRecordingRecoveryServiceTests testRecoverMissingPreviouslySilentSystemTrackBecomesUnavailable]' passed (0.019 seconds).
Test Case '-[MacParakeetTests.MeetingRecordingRecoveryServiceTests testRecoverPreservesExistingTimelineAndProvenanceWhileRefreshingMediaFacts]' started.
Test Case '-[MacParakeetTests.MeetingRecordingRecoveryServiceTests testRecoverPreservesExistingTimelineAndProvenanceWhileRefreshingMediaFacts]' passed (0.025 seconds).
Test Case '-[MacParakeetTests.MeetingRecordingRecoveryServiceTests testRecoverReadsLegacySourceNamesAndWritesCurrentPlaybackName]' started.
Test Case '-[MacParakeetTests.MeetingRecordingRecoveryServiceTests testRecoverReadsLegacySourceNamesAndWritesCurrentPlaybackName]' passed (0.021 seconds).
Test Case '-[MacParakeetTests.MeetingRecordingRecoveryServiceTests testRecoverRetryReusesSavedTranscriptWhenLockDeletePreviouslyFailed]' started.
Test Case '-[MacParakeetTests.MeetingRecordingRecoveryServiceTests testRecoverRetryReusesSavedTranscriptWhenLockDeletePreviouslyFailed]' passed (0.025 seconds).
Test Case '-[MacParakeetTests.MeetingRecordingRecoveryServiceTests testRecoverRetryUpdatesPreviousIncompleteRecoveryRow]' started.
Test Case '-[MacParakeetTests.MeetingRecordingRecoveryServiceTests testRecoverRetryUpdatesPreviousIncompleteRecoveryRow]' passed (0.020 seconds).
Test Case '-[MacParakeetTests.MeetingRecordingRecoveryServiceTests testRecoverSettlesCompletedLegacyPlaybackRow]' started.
Test Case '-[MacParakeetTests.MeetingRecordingRecoveryServiceTests testRecoverSettlesCompletedLegacyPlaybackRow]' passed (0.003 seconds).
Test Case '-[MacParakeetTests.MeetingRecordingRecoveryServiceTests testRecoverSkipsCleanedMicWhenDurationPredictsRenderTimeout]' started.
Test Case '-[MacParakeetTests.MeetingRecordingRecoveryServiceTests testRecoverSkipsCleanedMicWhenDurationPredictsRenderTimeout]' passed (0.027 seconds).
Test Case '-[MacParakeetTests.MeetingRecordingRecoveryServiceTests testRecoverSkipsCleanedMicWhenRecoveredSystemReferenceIsSilent]' started.
Test Case '-[MacParakeetTests.MeetingRecordingRecoveryServiceTests testRecoverSkipsCleanedMicWhenRecoveredSystemReferenceIsSilent]' passed (0.032 seconds).
Test Case '-[MacParakeetTests.MeetingRecordingRecoveryServiceTests testRecoverSkipsCorruptSourceAndUsesRemainingPlayableAudio]' started.
Test Case '-[MacParakeetTests.MeetingRecordingRecoveryServiceTests testRecoverSkipsCorruptSourceAndUsesRemainingPlayableAudio]' passed (0.016 seconds).
Test Case '-[MacParakeetTests.MeetingRecordingRecoveryServiceTests testRecoverSynthesizesMetadataAndPersistsRecoveredTranscription]' started.
Test Case '-[MacParakeetTests.MeetingRecordingRecoveryServiceTests testRecoverSynthesizesMetadataAndPersistsRecoveredTranscription]' passed (0.023 seconds).
Test Case '-[MacParakeetTests.MeetingRecordingRecoveryServiceTests testRecoverUpdatesExistingAwaitingTranscriptionStub]' started.
Test Case '-[MacParakeetTests.MeetingRecordingRecoveryServiceTests testRecoverUpdatesExistingAwaitingTranscriptionStub]' passed (0.021 seconds).
Test Case '-[MacParakeetTests.MeetingRecordingRecoveryServiceTests testRecoverUsesAudioTrackSampleRateInRecoveredMetadata]' started.
Test Case '-[MacParakeetTests.MeetingRecordingRecoveryServiceTests testRecoverUsesAudioTrackSampleRateInRecoveredMetadata]' passed (0.012 seconds).
Test Case '-[MacParakeetTests.MeetingRecordingRecoveryServiceTests testRecoverUsesEchoProbeWhenRecoveredAlignmentIsSynthetic]' started.
Test Case '-[MacParakeetTests.MeetingRecordingRecoveryServiceTests testRecoverUsesEchoProbeWhenRecoveredAlignmentIsSynthetic]' passed (0.051 seconds).
Test Case '-[MacParakeetTests.MeetingRecordingRecoveryServiceTests testRecoverWritesRecoveredNotesSidecar]' started.
Test Case '-[MacParakeetTests.MeetingRecordingRecoveryServiceTests testRecoverWritesRecoveredNotesSidecar]' passed (0.022 seconds).
Test Suite 'MeetingRecordingRecoveryServiceTests' passed at 2026-09-07 15:39:06.660.
	 Executed 43 tests, with 0 failures (0 unexpected) in 0.839 (0.843) seconds
Test Suite 'MeetingRecordingSettlementTests' started at 2026-09-07 15:39:06.660.
Test Case '-[MacParakeetTests.MeetingRecordingSettlementTests testDeletesLockAcrossPrivateVarPathAliasBoundary]' started.
Test Case '-[MacParakeetTests.MeetingRecordingSettlementTests testDeletesLockAcrossPrivateVarPathAliasBoundary]' passed (0.001 seconds).
Test Case '-[MacParakeetTests.MeetingRecordingSettlementTests testDeletesLockWhenOnlyMeetingFilePathMatches]' started.
Test Case '-[MacParakeetTests.MeetingRecordingSettlementTests testDeletesLockWhenOnlyMeetingFilePathMatches]' passed (0.000 seconds).
Test Case '-[MacParakeetTests.MeetingRecordingSettlementTests testDeletesLockWhenStoredFolderPathDiffersOnlyByCase]' started.
Test Case '-[MacParakeetTests.MeetingRecordingSettlementTests testDeletesLockWhenStoredFolderPathDiffersOnlyByCase]' passed (0.000 seconds).
Test Case '-[MacParakeetTests.MeetingRecordingSettlementTests testDeletesLockWhenTranscriptionRowIsCompleted]' started.
Test Case '-[MacParakeetTests.MeetingRecordingSettlementTests testDeletesLockWhenTranscriptionRowIsCompleted]' passed (0.001 seconds).
Test Case '-[MacParakeetTests.MeetingRecordingSettlementTests testLockDeleteErrorIsRethrownSoCallersCanSurfaceFailedCleanup]' started.
Test Case '-[MacParakeetTests.MeetingRecordingSettlementTests testLockDeleteErrorIsRethrownSoCallersCanSurfaceFailedCleanup]' passed (0.001 seconds).
Test Case '-[MacParakeetTests.MeetingRecordingSettlementTests testRefusesWhenCompletedRowBelongsToDifferentFolder]' started.
Test Case '-[MacParakeetTests.MeetingRecordingSettlementTests testRefusesWhenCompletedRowBelongsToDifferentFolder]' passed (0.000 seconds).
Test Case '-[MacParakeetTests.MeetingRecordingSettlementTests testRefusesWhenTranscriptionRowIsMissing]' started.
Test Case '-[MacParakeetTests.MeetingRecordingSettlementTests testRefusesWhenTranscriptionRowIsMissing]' passed (0.001 seconds).
Test Case '-[MacParakeetTests.MeetingRecordingSettlementTests testRefusesWhenTranscriptionRowIsNotCompleted]' started.
Test Case '-[MacParakeetTests.MeetingRecordingSettlementTests testRefusesWhenTranscriptionRowIsNotCompleted]' passed (0.000 seconds).
Test Suite 'MeetingRecordingSettlementTests' passed at 2026-09-07 15:39:06.665.
	 Executed 8 tests, with 0 failures (0 unexpected) in 0.004 (0.005) seconds
Test Suite 'MacParakeetPackageTests.xctest' passed at 2026-09-07 15:39:06.665.
	 Executed 87 tests, with 0 failures (0 unexpected) in 0.923 (0.930) seconds
Test Suite 'Selected tests' passed at 2026-09-07 15:39:06.665.
	 Executed 87 tests, with 0 failures (0 unexpected) in 0.923 (0.931) seconds
◇ Test run started.
↳ Testing Library Version: 1743
↳ Target Platform: arm64e-apple-macos14.0
✔ Test run with 0 tests in 0 suites passed after 0.001 seconds.
